05-05 18:23:29.762   767   767 I CLD80211: /vendor/bin/hw/android.hardware.wifi@1.0-service: nlctrl family id: 16 group: fw_logs mcast_id: 21
05-05 18:23:29.762   767   767 I CLD80211: /vendor/bin/hw/android.hardware.wifi@1.0-service: nlctrl family id: 16 group: per_pkt_stats mcast_id: 22
05-05 18:23:29.762   767   767 I CLD80211: /vendor/bin/hw/android.hardware.wifi@1.0-service: nlctrl family id: 16 group: diag_events mcast_id: 23
05-05 18:23:29.762   767   767 I CLD80211: /vendor/bin/hw/android.hardware.wifi@1.0-service: nlctrl family id: 16 group: fatal_events mcast_id: 24
05-05 18:23:29.762  1034  1138 I LOWI-8.6.0.32: [LOWI-ROME-RTT] RomeWipsOpen: libCld80211 found, load the symbols..
05-05 18:23:29.762  1034  1138 I CLD80211: lowi-server: initialized exit socket pair
05-05 18:23:29.762  1034  1138 I CLD80211: lowi-server: nlctrl family id: 16 group: oem_msgs mcast_id: 25
05-05 18:23:29.763  1945  1945 D ClockController: onTuningChanged key=lineagesystem:status_bar_clock value=2
05-05 18:23:29.764  1945  1945 D ClockController: onTuningChanged key=icon_blacklist value=null
05-05 18:23:29.765  1945  1945 D ClockController: onTuningChanged key=lineagesystem:status_bar_clock value=2
05-05 18:23:29.781  1034  1138 I LOWI-8.6.0.32: [LOWI-Scan] lowi_close_record:Scan done in 18ms, 0 APs in scan results
05-05 18:23:29.781  1034  1138 I LOWI-8.6.0.32: [LOWI-Scan] No input freq.Cannot do fresh scan, cached scan failed
05-05 18:23:29.781   767   767 I android.hardware.wifi@1.0-service: Adding interface handle for p2p0
05-05 18:23:29.782   767   767 I android.hardware.wifi@1.0-service: Adding interface handle for wlan0
05-05 18:23:29.783   767   767 I android.hardware.wifi@1.0-service: Configured chip in mode 2
05-05 18:23:29.787   767   767 I WifiHAL : mpdu_size_threshold : 128, aggressive_statistics_gathering : 0
05-05 18:23:29.788  1034  2350 E QMI_FW  : QMUXD: WARNING qmi_qmux_if_pwr_up_init failed! rc=-6
05-05 18:23:29.788   983   983 I wificond: create scanner for interface with index: 30
05-05 18:23:29.788   983   983 I wificond: subscribe scan result for interface with index: 30
05-05 18:23:29.788  1034  1138 I LOWI-8.6.0.32: [LOWIUtils] responseToOutPostcard - TO: GTP-WAA, FROM:   LOWI-SERVER, RESP:  LOWI_ASYNC_DISCOVERY_SCAN_RESULTS
05-05 18:23:29.788  1034  1138 I LOWI-8.6.0.32: [LOWIUtils] responseToOutPostcard - TO: GTP-FDAL, FROM:   LOWI-SERVER, RESP:  LOWI_ASYNC_DISCOVERY_SCAN_RESULTS
05-05 18:23:29.789  1036  1570 E XTCC-6.2.0.6: [WifiScanner] getNumOfApsInFreeWiFiScanResult failed 5
05-05 18:23:29.789   606   606 W hwservicemanager: getTransport: Cannot find entry android.hardware.wifi.offload@1.0::IOffload/default in either framework or device manifest.
05-05 18:23:29.789   983   983 E wificond: No Offload Service available
05-05 18:23:29.789   983   983 I wificond: Offload HAL not supported 
05-05 18:23:29.792  2279  2279 D wpa_supplicant: Override interface parameter: ctrl_interface ('(null)' -> '/data/vendor/wifi/wpa/sockets')
05-05 18:23:29.792  2279  2279 D wpa_supplicant: Initializing interface 'wlan0' conf '/data/vendor/wifi/wpa/wpa_supplicant.conf' driver 'nl80211' ctrl_interface '/data/vendor/wifi/wpa/sockets' bridge 'N/A'
05-05 18:23:29.792  2279  2279 D wpa_supplicant: Configuration file '/data/vendor/wifi/wpa/wpa_supplicant.conf' -> '/data/vendor/wifi/wpa/wpa_supplicant.conf'
05-05 18:23:29.792  2279  2279 I wpa_supplicant: wpa_config_read /data/vendor/wifi/wpa/wpa_supplicant.conf===========
05-05 18:23:29.792  2279  2279 D wpa_supplicant: Reading configuration file '/data/vendor/wifi/wpa/wpa_supplicant.conf'
05-05 18:23:29.793  2279  2279 D wpa_supplicant: update_config=1
05-05 18:23:29.793  2279  2279 D wpa_supplicant: ctrl_interface='wlan0'
05-05 18:23:29.793  2279  2279 D wpa_supplicant: driver_param='use_multi_chan_concurrent=1'
05-05 18:23:29.793  2279  2279 D wpa_supplicant: eapol_version=1
05-05 18:23:29.793  2279  2279 D wpa_supplicant: ap_scan=1
05-05 18:23:29.793  2279  2279 D wpa_supplicant: fast_reauth=1
05-05 18:23:29.793  2279  2279 D wpa_supplicant: p2p_no_group_iface=1
05-05 18:23:29.793  2279  2279 D wpa_supplicant: interworking=1
05-05 18:23:29.793  2279  2279 D wpa_supplicant: hs20=1
05-05 18:23:29.794  2279  2279 I wpa_supplicant: [PCAS] wpa_runtime_config_load
05-05 18:23:29.794  2279  2279 I wpa_supplicant: [PCAS] select MNT_VENDOR_PERSIST_LG_WIFI_RUNTIME_CONF
05-05 18:23:29.794  2279  2279 I wpa_supplicant: [PCAS] chip_vendor = qcom
05-05 18:23:29.794  2279  2279 I wpa_supplicant: [PCAS] chip_version = wcn399x
05-05 18:23:29.794  2279  2279 I wpa_supplicant: [PCAS] target_operator = LAO
05-05 18:23:29.794  2279  2279 I wpa_supplicant: [PCAS] target_operator = COM
05-05 18:23:29.794  2279  2279 I wpa_supplicant: [PCAS] nt_code = 0
05-05 18:23:29.794  2279  2279 I wpa_supplicant: [PCAS] laop_enabled = 1
05-05 18:23:29.794  2279  2279 I wpa_supplicant: [PCAS] laop_sku_carrier = GLOBAL
05-05 18:23:29.794  2279  2279 I wpa_supplicant: [PCAS] select VENDOR_LG_WLAN_RSDB_CFG_TXT
05-05 18:23:29.794  2279  2279 I wpa_supplicant: [PCAS] runtime wifi_rsdb_cfg_enabled = 1
05-05 18:23:29.794  2279  2279 I wpa_supplicant: [PCAS] LGE_WLAN_FEATURE_LAODING
05-05 18:23:29.794  2279  2279 E wpa_supplicant: target_region value is NULL
05-05 18:23:29.794  2279  2279 I wpa_supplicant: [PCAS] runtime-target_region is null
05-05 18:23:29.794  2279  2279 D wpa_supplicant: [PCAS] default Feature Loading !
05-05 18:23:29.794  2279  2279 I wpa_supplicant: [PCAS] [FEATURE] STA_BSS_LGE_MASK_ENABLED
05-05 18:23:29.794  2279  2279 I wpa_supplicant: [PCAS] [FEATURE] COMMON_BSS_LGE_MASK_RSDB
05-05 18:23:29.794  2279  2279 I wpa_supplicant: [PCAS] [FEATURE] HOSTAPD_BSS_LGE_MASK_ENABLED
05-05 18:23:29.794  2279  2279 E wpa_supplicant: [PCAS] selected_country = NONE , 0
05-05 18:23:29.794  2279  2279 E wpa_supplicant: [PCAS] selected_operator = No specific, 0
05-05 18:23:29.794  2279  2279 E wpa_supplicant: [PCAS] selected_region = NA, 0
05-05 18:23:29.794  2279  2279 E wpa_supplicant: [PCAS] selected_vendor = QCOM, 1
05-05 18:23:29.794  2279  2279 I wpa_supplicant: wpa_config_read /vendor/etc/wifi/wpa_supplicant_overlay.conf===========
05-05 18:23:29.794  2279  2279 D wpa_supplicant: Reading configuration file '/vendor/etc/wifi/wpa_supplicant_overlay.conf'
05-05 18:23:29.794  2279  2279 D wpa_supplicant: disable_scan_offload=1
05-05 18:23:29.794  2279  2279 D wpa_supplicant: p2p_disabled=1
05-05 18:23:29.794  2279  2279 D wpa_supplicant: wowlan_triggers='magic_pkt'
05-05 18:23:29.794  2279  2279 D wpa_supplicant: tdls_external_control=1
05-05 18:23:29.794  2279  2279 I wpa_supplicant: [PCAS] wpa_runtime_config_load
05-05 18:23:29.794  2279  2279 I wpa_supplicant: [PCAS] run_time_info already loaded !
05-05 18:23:29.796  2279  2279 D wpa_supplicant: nl80211: TDLS supported
05-05 18:23:29.796  2279  2279 D wpa_supplicant: nl80211: TDLS external setup
05-05 18:23:29.796  2279  2279 D wpa_supplicant: nl80211: Supported cipher 00-0f-ac:1
05-05 18:23:29.796  2279  2279 D wpa_supplicant: nl80211: Supported cipher 00-0f-ac:5
05-05 18:23:29.796  2279  2279 D wpa_supplicant: nl80211: Supported cipher 00-0f-ac:2
05-05 18:23:29.796  2279  2279 D wpa_supplicant: nl80211: Supported cipher 00-40-96:254
05-05 18:23:29.796  2279  2279 D wpa_supplicant: nl80211: Supported cipher 00-40-96:255
05-05 18:23:29.796  2279  2279 D wpa_supplicant: nl80211: Supported cipher 00-0f-ac:4
05-05 18:23:29.796  2279  2279 D wpa_supplicant: nl80211: Supported cipher 00-14-72:1
05-05 18:23:29.796  2279  2279 D wpa_supplicant: nl80211: Supported cipher 00-0f-ac:6
05-05 18:23:29.796  2279  2279 D wpa_supplicant: nl80211: Supported cipher 00-0f-ac:11
05-05 18:23:29.796  2279  2279 D wpa_supplicant: nl80211: Supported cipher 00-0f-ac:12
05-05 18:23:29.796  2279  2279 D wpa_supplicant: nl80211: Supports Probe Response offload in AP mode
05-05 18:23:29.796  2279  2279 D wpa_supplicant: nl80211: Using driver-based off-channel TX
05-05 18:23:29.796  2279  2279 D wpa_supplicant: nl80211: Supported vendor command: vendor_id=0x1374 subcmd=11
05-05 18:23:29.796  2279  2279 D wpa_supplicant: nl80211: Supported vendor command: vendor_id=0x1374 subcmd=12
05-05 18:23:29.796  2279  2279 D wpa_supplicant: nl80211: Supported vendor command: vendor_id=0x1374 subcmd=13
05-05 18:23:29.796  2279  2279 D wpa_supplicant: nl80211: Supported vendor command: vendor_id=0x1374 subcmd=20
05-05 18:23:29.796  2279  2279 D wpa_supplicant: nl80211: Supported vendor command: vendor_id=0x1374 subcmd=21
05-05 18:23:29.796  2279  2279 D wpa_supplicant: nl80211: Supported vendor command: vendor_id=0x1374 subcmd=22
05-05 18:23:29.796  2279  2279 D wpa_supplicant: nl80211: Supported vendor command: vendor_id=0x1374 subcmd=23
05-05 18:23:29.796  2279  2279 D wpa_supplicant: nl80211: Supported vendor command: vendor_id=0x1374 subcmd=24
05-05 18:23:29.796  2279  2279 D wpa_supplicant: nl80211: Supported vendor command: vendor_id=0x1374 subcmd=29
05-05 18:23:29.796  2279  2279 D wpa_supplicant: nl80211: Supported vendor command: vendor_id=0x1374 subcmd=30
05-05 18:23:29.796  2279  2279 D wpa_supplicant: nl80211: Supported vendor command: vendor_id=0x1374 subcmd=32
05-05 18:23:29.796  2279  2279 D wpa_supplicant: nl80211: Supported vendor command: vendor_id=0x1374 subcmd=33
05-05 18:23:29.796  2279  2279 D wpa_supplicant: nl80211: Supported vendor command: vendor_id=0x1374 subcmd=69
05-05 18:23:29.796  2279  2279 D wpa_supplicant: nl80211: Supported vendor command: vendor_id=0x1374 subcmd=16
05-05 18:23:29.796  2279  2279 D wpa_supplicant: nl80211: Supported vendor command: vendor_id=0x1374 subcmd=14
05-05 18:23:29.796  2279  2279 D wpa_supplicant: nl80211: Supported vendor command: vendor_id=0x1374 subcmd=15
05-05 18:23:29.796  2279  2279 D wpa_supplicant: nl80211: Supported vendor command: vendor_id=0x1374 subcmd=34
05-05 18:23:29.796  2279  2279 D wpa_supplicant: nl80211: Supported vendor command: vendor_id=0x1374 subcmd=35
05-05 18:23:29.796  2279  2279 D wpa_supplicant: nl80211: Supported vendor command: vendor_id=0x1374 subcmd=36
05-05 18:23:29.796  2279  2279 D wpa_supplicant: nl80211: Supported vendor command: vendor_id=0x1374 subcmd=38
05-05 18:23:29.796  2279  2279 D wpa_supplicant: nl80211: Supported vendor command: vendor_id=0x1374 subcmd=39
05-05 18:23:29.796  2279  2279 D wpa_supplicant: nl80211: Supported vendor command: vendor_id=0x1374 subcmd=42
05-05 18:23:29.796  2279  2279 D wpa_supplicant: nl80211: Supported vendor command: vendor_id=0x1374 subcmd=40
05-05 18:23:29.796  2279  2279 D wpa_supplicant: nl80211: Supported vendor command: vendor_id=0x1374 subcmd=120
05-05 18:23:29.796  2279  2279 D wpa_supplicant: nl80211: Supported vendor command: vendor_id=0x1374 subcmd=121
05-05 18:23:29.797  2279  2279 D wpa_supplicant: nl80211: Supported vendor command: vendor_id=0x1374 subcmd=54
05-05 18:23:29.797  2279  2279 D wpa_supplicant: nl80211: Supported vendor command: vendor_id=0x1374 subcmd=55
05-05 18:23:29.797  2279  2279 D wpa_supplicant: nl80211: Supported vendor command: vendor_id=0x1374 subcmd=50
05-05 18:23:29.797  2279  2279 D wpa_supplicant: nl80211: Supported vendor command: vendor_id=0x1374 subcmd=70
05-05 18:23:29.797  2279  2279 D wpa_supplicant: nl80211: Supported vendor command: vendor_id=0x1374 subcmd=71
05-05 18:23:29.797  2279  2279 D wpa_supplicant: nl80211: Supported vendor command: vendor_id=0x1374 subcmd=61
05-05 18:23:29.797  2279  2279 D wpa_supplicant: nl80211: Supported vendor command: vendor_id=0x1374 subcmd=74
05-05 18:23:29.797  2279  2279 D wpa_supplicant: nl80211: Supported vendor command: vendor_id=0x1374 subcmd=64
05-05 18:23:29.797  2279  2279 D wpa_supplicant: nl80211: Supported vendor command: vendor_id=0x1374 subcmd=62
05-05 18:23:29.797  2279  2279 D wpa_supplicant: nl80211: Supported vendor command: vendor_id=0x1374 subcmd=77
05-05 18:23:29.797  2279  2279 D wpa_supplicant: nl80211: Supported vendor command: vendor_id=0x1374 subcmd=103
05-05 18:23:29.797  2279  2279 D wpa_supplicant: nl80211: Supported vendor command: vendor_id=0x1374 subcmd=104
05-05 18:23:29.797  2279  2279 D wpa_supplicant: nl80211: Supported vendor command: vendor_id=0x1374 subcmd=119
05-05 18:23:29.797  2279  2279 D wpa_supplicant: nl80211: Supported vendor command: vendor_id=0x1374 subcmd=78
05-05 18:23:29.797  2279  2279 D wpa_supplicant: nl80211: Supported vendor command: vendor_id=0x1374 subcmd=79
05-05 18:23:29.797  2279  2279 D wpa_supplicant: nl80211: Supported vendor command: vendor_id=0x1374 subcmd=80
05-05 18:23:29.797  2279  2279 D wpa_supplicant: nl80211: Supported vendor command: vendor_id=0x1374 subcmd=82
05-05 18:23:29.797  2279  2279 D wpa_supplicant: nl80211: Supported vendor command: vendor_id=0x1374 subcmd=76
05-05 18:23:29.797  2279  2279 D wpa_supplicant: nl80211: Supported vendor command: vendor_id=0x1374 subcmd=106
05-05 18:23:29.797  2279  2279 D wpa_supplicant: nl80211: Supported vendor command: vendor_id=0x1374 subcmd=145
05-05 18:23:29.797  2279  2279 D wpa_supplicant: nl80211: Supported vendor command: vendor_id=0x1374 subcmd=92
05-05 18:23:29.797  2279  2279 D wpa_supplicant: nl80211: Supported vendor command: vendor_id=0x1374 subcmd=93
05-05 18:23:29.797  2279  2279 D wpa_supplicant: nl80211: Supported vendor command: vendor_id=0x1374 subcmd=94
05-05 18:23:29.797  2279  2279 D wpa_supplicant: nl80211: Supported vendor command: vendor_id=0x1374 subcmd=95
05-05 18:23:29.797  2279  2279 D wpa_supplicant: nl80211: Supported vendor command: vendor_id=0x1374 subcmd=96
05-05 18:23:29.797  2279  2279 D wpa_supplicant: nl80211: Supported vendor command: vendor_id=0x1374 subcmd=97
05-05 18:23:29.797  2279  2279 D wpa_supplicant: nl80211: Supported vendor command: vendor_id=0x1374 subcmd=98
05-05 18:23:29.797  2279  2279 D wpa_supplicant: nl80211: Supported vendor command: vendor_id=0x1374 subcmd=99
05-05 18:23:29.797  2279  2279 D wpa_supplicant: nl80211: Supported vendor command: vendor_id=0x1374 subcmd=101
05-05 18:23:29.797  2279  2279 D wpa_supplicant: nl80211: Supported vendor command: vendor_id=0x1374 subcmd=108
05-05 18:23:29.797  2279  2279 D wpa_supplicant: nl80211: Supported vendor command: vendor_id=0x1374 subcmd=102
05-05 18:23:29.797  2279  2279 D wpa_supplicant: nl80211: Supported vendor command: vendor_id=0x1374 subcmd=109
05-05 18:23:29.797  2279  2279 D wpa_supplicant: nl80211: Supported vendor command: vendor_id=0x1374 subcmd=115
05-05 18:23:29.797  2279  2279 D wpa_supplicant: nl80211: Supported vendor command: vendor_id=0x1374 subcmd=83
05-05 18:23:29.797  2279  2279 D wpa_supplicant: nl80211: Supported vendor command: vendor_id=0x1374 subcmd=116
05-05 18:23:29.797  2279  2279 D wpa_supplicant: nl80211: Supported vendor command: vendor_id=0x1374 subcmd=117
05-05 18:23:29.797  2279  2279 D wpa_supplicant: nl80211: Supported vendor command: vendor_id=0x1374 subcmd=10
05-05 18:23:29.797  2279  2279 D wpa_supplicant: nl80211: Supported vendor command: vendor_id=0x1374 subcmd=118
05-05 18:23:29.797  2279  2279 D wpa_supplicant: nl80211: Supported vendor command: vendor_id=0x1374 subcmd=122
05-05 18:23:29.797  2279  2279 D wpa_supplicant: nl80211: Supported vendor command: vendor_id=0x1374 subcmd=123
05-05 18:23:29.797  2279  2279 D wpa_supplicant: nl80211: Supported vendor command: vendor_id=0x1374 subcmd=124
05-05 18:23:29.797  2279  2279 D wpa_supplicant: nl80211: Supported vendor command: vendor_id=0x1374 subcmd=81
05-05 18:23:29.797  2279  2279 D wpa_supplicant: nl80211: Supported vendor command: vendor_id=0x1374 subcmd=85
05-05 18:23:29.797  2279  2279 D wpa_supplicant: nl80211: Supported vendor command: vendor_id=0x1374 subcmd=84
05-05 18:23:29.797  2279  2279 D wpa_supplicant: nl80211: Supported vendor command: vendor_id=0x1374 subcmd=105
05-05 18:23:29.797  2279  2279 D wpa_supplicant: nl80211: Supported vendor command: vendor_id=0x1374 subcmd=9
05-05 18:23:29.797  2279  2279 D wpa_supplicant: nl80211: Supported vendor command: vendor_id=0x1374 subcmd=137
05-05 18:23:29.797  2279  2279 D wpa_supplicant: nl80211: Supported vendor command: vendor_id=0x1374 subcmd=143
05-05 18:23:29.797  2279  2279 D wpa_supplicant: nl80211: Supported vendor command: vendor_id=0x1374 subcmd=164
05-05 18:23:29.797  2279  2279 D wpa_supplicant: nl80211: Supported vendor command: vendor_id=0x1374 subcmd=146
05-05 18:23:29.797  2279  2279 D wpa_supplicant: nl80211: Supported vendor command: vendor_id=0x1374 subcmd=149
05-05 18:23:29.797  2279  2279 D wpa_supplicant: nl80211: Supported vendor command: vendor_id=0x1374 subcmd=150
05-05 18:23:29.797  2279  2279 D wpa_supplicant: nl80211: Supported vendor command: vendor_id=0x1374 subcmd=151
05-05 18:23:29.797  2279  2279 D wpa_supplicant: nl80211: Supported vendor command: vendor_id=0x1374 subcmd=127
05-05 18:23:29.797  2279  2279 D wpa_supplicant: nl80211: Supported vendor command: vendor_id=0x1374 subcmd=138
05-05 18:23:29.797  2279  2279 D wpa_supplicant: nl80211: Supported vendor command: vendor_id=0x1374 subcmd=154
05-05 18:23:29.797  2279  2279 D wpa_supplicant: nl80211: Supported vendor command: vendor_id=0x1374 subcmd=155
05-05 18:23:29.797  2279  2279 D wpa_supplicant: nl80211: Supported vendor command: vendor_id=0x1374 subcmd=156
05-05 18:23:29.797  2279  2279 D wpa_supplicant: nl80211: Supported vendor event: vendor_id=0x1374 subcmd=10
05-05 18:23:29.797  2279  2279 D wpa_supplicant: nl80211: Supported vendor event: vendor_id=0x1374 subcmd=12
05-05 18:23:29.797  2279  2279 D wpa_supplicant: nl80211: Supported vendor event: vendor_id=0x1374 subcmd=13
05-05 18:23:29.797  2279  2279 D wpa_supplicant: nl80211: Supported vendor event: vendor_id=0x1374 subcmd=20
05-05 18:23:29.797  2279  2279 D wpa_supplicant: nl80211: Supported vendor event: vendor_id=0x1374 subcmd=21
05-05 18:23:29.797  2279  2279 D wpa_supplicant: nl80211: Supported vendor event: vendor_id=0x1374 subcmd=23
05-05 18:23:29.797  2279  2279 D wpa_supplicant: nl80211: Supported vendor event: vendor_id=0x1374 subcmd=24
05-05 18:23:29.797  2279  2279 D wpa_supplicant: nl80211: Supported vendor event: vendor_id=0x1374 subcmd=25
05-05 18:23:29.797  2279  2279 D wpa_supplicant: nl80211: Supported vendor event: vendor_id=0x1374 subcmd=26
05-05 18:23:29.797  2279  2279 D wpa_supplicant: nl80211: Supported vendor event: vendor_id=0x1374 subcmd=27
05-05 18:23:29.797  2279  2279 D wpa_supplicant: nl80211: Supported vendor event: vendor_id=0x1374 subcmd=28
05-05 18:23:29.797  2279  2279 D wpa_supplicant: nl80211: Supported vendor event: vendor_id=0x1374 subcmd=29
05-05 18:23:29.797  2279  2279 D wpa_supplicant: nl80211: Supported vendor event: vendor_id=0x1374 subcmd=30
05-05 18:23:29.797  2279  2279 D wpa_supplicant: nl80211: Supported vendor event: vendor_id=0x1374 subcmd=31
05-05 18:23:29.797  2279  2279 D wpa_supplicant: nl80211: Supported vendor event: vendor_id=0x1374 subcmd=32
05-05 18:23:29.797  2279  2279 D wpa_supplicant: nl80211: Supported vendor event: vendor_id=0x1374 subcmd=33
05-05 18:23:29.797  2279  2279 D wpa_supplicant: nl80211: Supported vendor event: vendor_id=0x1374 subcmd=14
05-05 18:23:29.797  2279  2279 D wpa_supplicant: nl80211: Supported vendor event: vendor_id=0x1374 subcmd=15
05-05 18:23:29.797  2279  2279 D wpa_supplicant: nl80211: Supported vendor event: vendor_id=0x1374 subcmd=16
05-05 18:23:29.797  2279  2279 D wpa_supplicant: nl80211: Supported vendor event: vendor_id=0x1374 subcmd=17
05-05 18:23:29.797  2279  2279 D wpa_supplicant: nl80211: Supported vendor event: vendor_id=0x1374 subcmd=18
05-05 18:23:29.797  2279  2279 D wpa_supplicant: nl80211: Supported vendor event: vendor_id=0x1374 subcmd=19
05-05 18:23:29.797  2279  2279 D wpa_supplicant: nl80211: Supported vendor event: vendor_id=0x1374 subcmd=127
05-05 18:23:29.797  2279  2279 D wpa_supplicant: nl80211: Supported vendor event: vendor_id=0x1374 subcmd=37
05-05 18:23:29.797  2279  2279 D wpa_supplicant: nl80211: Supported vendor event: vendor_id=0x1374 subcmd=54
05-05 18:23:29.797  2279  2279 D wpa_supplicant: nl80211: Supported vendor event: vendor_id=0x1374 subcmd=51
05-05 18:23:29.797  2279  2279 D wpa_supplicant: nl80211: Supported vendor event: vendor_id=0x1374 subcmd=56
05-05 18:23:29.797  2279  2279 D wpa_supplicant: nl80211: Supported vendor event: vendor_id=0x1374 subcmd=57
05-05 18:23:29.797  2279  2279 D wpa_supplicant: nl80211: Supported vendor event: vendor_id=0x1374 subcmd=58
05-05 18:23:29.797  2279  2279 D wpa_supplicant: nl80211: Supported vendor event: vendor_id=0x1374 subcmd=59
05-05 18:23:29.797  2279  2279 D wpa_supplicant: nl80211: Supported vendor event: vendor_id=0x1374 subcmd=60
05-05 18:23:29.797  2279  2279 D wpa_supplicant: nl80211: Supported vendor event: vendor_id=0x1374 subcmd=41
05-05 18:23:29.797  2279  2279 D wpa_supplicant: nl80211: Supported vendor event: vendor_id=0x1374 subcmd=72
05-05 18:23:29.797  2279  2279 D wpa_supplicant: nl80211: Supported vendor event: vendor_id=0x1374 subcmd=73
05-05 18:23:29.797  2279  2279 D wpa_supplicant: nl80211: Supported vendor event: vendor_id=0x0 subcmd=0
05-05 18:23:29.797  2279  2279 I chatty  : uid=1010(wifi) /vendor/bin/hw/wpa_supplicant identical 2 lines
05-05 18:23:29.797  2279  2279 D wpa_supplicant: nl80211: Supported vendor event: vendor_id=0x0 subcmd=0
05-05 18:23:29.797  2279  2279 D wpa_supplicant: nl80211: Supported vendor event: vendor_id=0x1374 subcmd=80
05-05 18:23:29.797  2279  2279 D wpa_supplicant: nl80211: Supported vendor event: vendor_id=0x1374 subcmd=100
05-05 18:23:29.797  2279  2279 D wpa_supplicant: nl80211: Supported vendor event: vendor_id=0x1374 subcmd=106
05-05 18:23:29.797  2279  2279 D wpa_supplicant: nl80211: Supported vendor event: vendor_id=0x1374 subcmd=107
05-05 18:23:29.797  2279  2279 D wpa_supplicant: nl80211: Supported vendor event: vendor_id=0x1374 subcmd=102
05-05 18:23:29.797  2279  2279 D wpa_supplicant: nl80211: Supported vendor event: vendor_id=0x1374 subcmd=119
05-05 18:23:29.797  2279  2279 D wpa_supplicant: nl80211: Supported vendor event: vendor_id=0x1374 subcmd=81
05-05 18:23:29.797  2279  2279 D wpa_supplicant: nl80211: Supported vendor event: vendor_id=0x1374 subcmd=123
05-05 18:23:29.797  2279  2279 D wpa_supplicant: nl80211: Supported vendor event: vendor_id=0x1374 subcmd=124
05-05 18:23:29.797  2279  2279 D wpa_supplicant: nl80211: Supported vendor event: vendor_id=0x0 subcmd=0
05-05 18:23:29.797  2279  2279 D wpa_supplicant: nl80211: Supported vendor event: vendor_id=0x1374 subcmd=150
05-05 18:23:29.797  2279  2279 D wpa_supplicant: nl80211: Supported vendor event: vendor_id=0x1374 subcmd=148
05-05 18:23:29.797  2279  2279 D wpa_supplicant: nl80211: Supported vendor event: vendor_id=0x1374 subcmd=157
05-05 18:23:29.797  2279  2279 D wpa_supplicant: nl80211: Supported vendor event: vendor_id=0x1374 subcmd=101
05-05 18:23:29.797  2279  2279 D wpa_supplicant: nl80211: Supported vendor event: vendor_id=0x1374 subcmd=165
05-05 18:23:29.797  2279  2279 D wpa_supplicant: nl80211: Use separate P2P group interface (driver advertised support)
05-05 18:23:29.797  2279  2279 D wpa_supplicant: nl80211: Enable multi-channel concurrent (driver advertised support)
05-05 18:23:29.797  2279  2279 D wpa_supplicant: [LGE_PATCH] unset P2P_CAPABLE to ifname wlan0
05-05 18:23:29.797  2279  2279 D wpa_supplicant: nl80211: DFS offload capability: 1
05-05 18:23:29.797  2279  2279 D wpa_supplicant: nl80211: interface wlan0 in phy phy0
05-05 18:23:29.797  2279  2279 D wpa_supplicant: nl80211: Set mode ifindex 30 iftype 2 (STATION)
05-05 18:23:29.797  2279  2279 D wpa_supplicant: nl80211: Subscribe to mgmt frames with non-AP handle 0x7bfd831c00
05-05 18:23:29.797  2279  2279 D wpa_supplicant: nl80211: Register frame type=0xb0 (WLAN_FC_STYPE_AUTH) nl_handle=0x7bfd831c00 match=
05-05 18:23:29.797  2279  2279 D wpa_supplicant: nl80211: Register frame type=0xd0 (WLAN_FC_STYPE_ACTION) nl_handle=0x7bfd831c00 match=0104
05-05 18:23:29.797  2279  2279 D wpa_supplicant: nl80211: Register frame type=0xd0 (WLAN_FC_STYPE_ACTION) nl_handle=0x7bfd831c00 match=040a
05-05 18:23:29.797  2279  2279 D wpa_supplicant: nl80211: Register frame type=0xd0 (WLAN_FC_STYPE_ACTION) nl_handle=0x7bfd831c00 match=040b
05-05 18:23:29.797  2279  2279 D wpa_supplicant: nl80211: Register frame type=0xd0 (WLAN_FC_STYPE_ACTION) nl_handle=0x7bfd831c00 match=040c
05-05 18:23:29.797  2279  2279 D wpa_supplicant: nl80211: Register frame type=0xd0 (WLAN_FC_STYPE_ACTION) nl_handle=0x7bfd831c00 match=040d
05-05 18:23:29.797  2279  2279 D wpa_supplicant: nl80211: Register frame type=0xd0 (WLAN_FC_STYPE_ACTION) nl_handle=0x7bfd831c00 match=090a
05-05 18:23:29.797  2279  2279 D wpa_supplicant: nl80211: Register frame type=0xd0 (WLAN_FC_STYPE_ACTION) nl_handle=0x7bfd831c00 match=090b
05-05 18:23:29.797  2279  2279 D wpa_supplicant: nl80211: Register frame type=0xd0 (WLAN_FC_STYPE_ACTION) nl_handle=0x7bfd831c00 match=090c
05-05 18:23:29.797  2279  2279 D wpa_supplicant: nl80211: Register frame type=0xd0 (WLAN_FC_STYPE_ACTION) nl_handle=0x7bfd831c00 match=090d
05-05 18:23:29.797  2279  2279 D wpa_supplicant: nl80211: Register frame type=0xd0 (WLAN_FC_STYPE_ACTION) nl_handle=0x7bfd831c00 match=0409506f9a09
05-05 18:23:29.797  2279  2279 D wpa_supplicant: nl80211: Register frame type=0xd0 (WLAN_FC_STYPE_ACTION) nl_handle=0x7bfd831c00 match=7f506f9a09
05-05 18:23:29.797  2279  2279 D wpa_supplicant: nl80211: Register frame type=0xd0 (WLAN_FC_STYPE_ACTION) nl_handle=0x7bfd831c00 match=0801
05-05 18:23:29.797  2279  2279 D wpa_supplicant: nl80211: Register frame type=0xd0 (WLAN_FC_STYPE_ACTION) nl_handle=0x7bfd831c00 match=040e
05-05 18:23:29.797  2279  2279 D wpa_supplicant: nl80211: Register frame type=0xd0 (WLAN_FC_STYPE_ACTION) nl_handle=0x7bfd831c00 match=12
05-05 18:23:29.798  2279  2279 D wpa_supplicant: nl80211: Register frame type=0xd0 (WLAN_FC_STYPE_ACTION) nl_handle=0x7bfd831c00 match=06
05-05 18:23:29.798  2279  2279 D wpa_supplicant: nl80211: Register frame type=0xd0 (WLAN_FC_STYPE_ACTION) nl_handle=0x7bfd831c00 match=0a07
05-05 18:23:29.798  2279  2279 D wpa_supplicant: nl80211: Register frame type=0xd0 (WLAN_FC_STYPE_ACTION) nl_handle=0x7bfd831c00 match=0a11
05-05 18:23:29.798  2279  2279 D wpa_supplicant: nl80211: Register frame type=0xd0 (WLAN_FC_STYPE_ACTION) nl_handle=0x7bfd831c00 match=0a1a
05-05 18:23:29.798  2279  2279 D wpa_supplicant: nl80211: Register frame type=0xd0 (WLAN_FC_STYPE_ACTION) nl_handle=0x7bfd831c00 match=1101
05-05 18:23:29.798  2279  2279 D wpa_supplicant: nl80211: Register frame type=0xd0 (WLAN_FC_STYPE_ACTION) nl_handle=0x7bfd831c00 match=1102
05-05 18:23:29.798  2279  2279 D wpa_supplicant: nl80211: Register frame type=0xd0 (WLAN_FC_STYPE_ACTION) nl_handle=0x7bfd831c00 match=0505
05-05 18:23:29.798  2279  2279 D wpa_supplicant: nl80211: Register frame type=0xd0 (WLAN_FC_STYPE_ACTION) nl_handle=0x7bfd831c00 match=0500
05-05 18:23:29.798  2279  2279 I wpa_supplicant: rfkill: Cannot open RFKILL control device
05-05 18:23:29.798  2279  2279 D wpa_supplicant: nl80211: RFKILL status not available
05-05 18:23:29.798  2279  2279 D wpa_supplicant: netlink: Operstate: ifindex=30 linkmode=1 (userspace-control), operstate=5 (IF_OPER_DORMANT)
05-05 18:23:29.798  2279  2279 D wpa_supplicant: nl80211: driver param='use_multi_chan_concurrent=1'
05-05 18:23:29.798  2279  2279 D wpa_supplicant: Add interface wlan0 to a new radio phy0
05-05 18:23:29.799  2279  2279 D wpa_supplicant: nl80211: Regulatory information - country=KR (DFS-ETSI)
05-05 18:23:29.799  2279  2279 D wpa_supplicant: nl80211: 2402-2482 @ 40 MHz 20 mBm
05-05 18:23:29.799  2279  2279 D wpa_supplicant: nl80211: 5170-5250 @ 80 MHz 20 mBm
05-05 18:23:29.799  2279  2279 D wpa_supplicant: nl80211: 5250-5330 @ 80 MHz 23 mBm (DFS)
05-05 18:23:29.799  2279  2279 D wpa_supplicant: nl80211: 5490-5710 @ 160 MHz 30 mBm (DFS)
05-05 18:23:29.799  2279  2279 D wpa_supplicant: nl80211: 5735-5835 @ 80 MHz 30 mBm
05-05 18:23:29.799  2279  2279 D wpa_supplicant: nl80211: 57240-65880 @ 2160 MHz 43 mBm
05-05 18:23:29.799  2279  2279 D wpa_supplicant: nl80211: Added 802.11b mode based on 802.11g information
05-05 18:23:29.800  2279  2279 D wpa_supplicant: wlan0: Own MAC address: 00:0a:f5:a0:23:e5
05-05 18:23:29.800  2279  2279 D wpa_supplicant: wpa_driver_nl80211_set_key: ifindex=30 (wlan0) alg=0 addr=0x0 key_idx=0 set_tx=0 seq_len=0 key_len=0
05-05 18:23:29.800  2279  2279 D wpa_supplicant: wpa_driver_nl80211_set_key: ifindex=30 (wlan0) alg=0 addr=0x0 key_idx=1 set_tx=0 seq_len=0 key_len=0
05-05 18:23:29.800  2279  2279 D wpa_supplicant: wpa_driver_nl80211_set_key: ifindex=30 (wlan0) alg=0 addr=0x0 key_idx=2 set_tx=0 seq_len=0 key_len=0
05-05 18:23:29.800  2279  2279 D wpa_supplicant: wpa_driver_nl80211_set_key: ifindex=30 (wlan0) alg=0 addr=0x0 key_idx=3 set_tx=0 seq_len=0 key_len=0
05-05 18:23:29.800  2279  2279 D wpa_supplicant: wpa_driver_nl80211_set_key: ifindex=30 (wlan0) alg=0 addr=0x0 key_idx=4 set_tx=0 seq_len=0 key_len=0
05-05 18:23:29.800  2279  2279 D wpa_supplicant: wpa_driver_nl80211_set_key: ifindex=30 (wlan0) alg=0 addr=0x0 key_idx=5 set_tx=0 seq_len=0 key_len=0
05-05 18:23:29.800  2279  2279 D wpa_supplicant: wlan0: RSN: flushing PMKID list in the driver
05-05 18:23:29.800  2279  2279 D wpa_supplicant: nl80211: Flush PMKIDs
05-05 18:23:29.802  2279  2279 D wpa_supplicant: wlan0: State: DISCONNECTED -> INACTIVE
05-05 18:23:29.802  2279  2279 D wpa_supplicant: Notifying state change event to hidl control: 2
05-05 18:23:29.803  2279  2279 D wpa_supplicant: TDLS: TDLS operation supported by driver
05-05 18:23:29.803  2279  2279 D wpa_supplicant: TDLS: Driver uses external link setup
05-05 18:23:29.803  2279  2279 D wpa_supplicant: TDLS: Driver does not support TDLS channel switching
05-05 18:23:29.803  2279  2279 D wpa_supplicant: wlan0: WPS: UUID based on MAC address: 9e4c2831-8c65-52c1-bfa7-f273421f6470
05-05 18:23:29.804  2279  2279 D wpa_supplicant: EAPOL: SUPP_PAE entering state DISCONNECTED
05-05 18:23:29.804  2279  2279 D wpa_supplicant: EAPOL: Supplicant port status: Unauthorized
05-05 18:23:29.804  2279  2279 D wpa_supplicant: nl80211: Skip set_supp_port(unauthorized) while not associated
05-05 18:23:29.804  2279  2279 D wpa_supplicant: EAPOL: KEY_RX entering state NO_KEY_RECEIVE
05-05 18:23:29.804  2279  2279 D wpa_supplicant: EAPOL: SUPP_BE entering state INITIALIZE
05-05 18:23:29.804  2279  2279 D wpa_supplicant: EAP: EAP entering state DISABLED
05-05 18:23:29.804  2279  2279 D wpa_supplicant: Using existing control interface directory.
05-05 18:23:29.804  2279  2279 D wpa_supplicant: nl80211: Setting wowlan
05-05 18:23:29.805  2279  2279 D wpa_supplicant: LGE_WLAN init. - if_type : 0
05-05 18:23:29.805  2279  2279 D wpa_supplicant: LGE_WLAN init. - taraget operator : 0
05-05 18:23:29.805  2279  2279 I wpa_supplicant: lge_eap_carrier_var_init
05-05 18:23:29.805  2279  2279 E wpa_supplicant: lge_eap_carrier_var_init, STA IF.... : wlan0
05-05 18:23:29.805  2279  2279 I wpa_supplicant: lge_eap_carrier_var_init, LGE_USE_RIL-----------
05-05 18:23:29.805  2279  2279 I wpa_supplicant: wlan_ril_start
05-05 18:23:29.805  2279  2279 I wpa_supplicant: wlan_ril_start, Strart WLAN RIL daemon ------- !!!
05-05 18:23:29.807  2279  2279 I wpa_supplicant: remove_all_wlan_ril_files
05-05 18:23:29.807  2279  2279 I wpa_supplicant: wlan_ril_get_status, slot_num : 0
05-05 18:23:29.807  2279  2279 I wpa_supplicant: sim_is_ready, slot_num : 0
05-05 18:23:29.807  2279  2279 D wpa_supplicant: read_mnc_len, slot_num : 0
05-05 18:23:29.807  2279  2279 I wpa_supplicant: wlan_ril_get_status, slot_num : 1
05-05 18:23:29.807  2279  2279 I wpa_supplicant: sim_is_ready, slot_num : 1
05-05 18:23:29.807  2279  2279 D wpa_supplicant: read_mnc_len, slot_num : 1
05-05 18:23:29.807  2279  2279 D wpa_supplicant: realm format : @wlan.mnc<MNC>.mcc<MCC>.3gppnetwork.org 
05-05 18:23:29.807  2279  2279 I wpa_supplicant: LGE_USE_RIL scard_init
05-05 18:23:29.807  2279  2279 D wpa_supplicant: [is_eu_region] targetOperator = LAO, targetCountry = COM
05-05 18:23:29.807  2279  2279 D wpa_supplicant: MBO: Update non-preferred channels, non_pref_chan=N/A
05-05 18:23:29.808  2279  2279 D wpa_supplicant: nl80211: Scan default IEs - hexdump(len=24):0x 7f 0a 00 00 0a 82 01 40 00 00 00 01 dd 0a 50 6f 9a 16 03 01 03 65 01 01
05-05 18:23:29.808  2279  2279 D wpa_supplicant: Registering interface to hidl control: wlan0
05-05 18:23:29.808  2279  2279 D wpa_supplicant: wlan0: Added interface wlan0
05-05 18:23:29.808  2279  2279 D wpa_supplicant: wlan0: State: INACTIVE -> DISCONNECTED
05-05 18:23:29.808  2279  2279 D wpa_supplicant: nl80211: Set wlan0 operstate 0->0 (DORMANT)
05-05 18:23:29.808  2279  2279 D wpa_supplicant: netlink: Operstate: ifindex=30 linkmode=-1 (no change), operstate=5 (IF_OPER_DORMANT)
05-05 18:23:29.808  2279  2279 D wpa_supplicant: Notifying state change event to hidl control: 0
05-05 18:23:29.808  2279  2279 D wpa_supplicant: RTM_NEWLINK: ifi_index=30 ifname=wlan0 operstate=2 linkmode=1 ifi_family=0 ifi_flags=0x1003 ([UP])
05-05 18:23:29.813   980  1263 D CommandListener: Clearing all IP addresses on wlan0
05-05 18:23:29.817  1464  1498 E BatteryExternalStatsWorker: no controller energy info supplied for wifi
05-05 18:23:29.821  1464  1498 E BatteryExternalStatsWorker: no controller energy info supplied for wifi
05-05 18:23:29.833  2353  2353 I wlan_ril: wlan_ril executed!!--------------------------
05-05 18:23:29.833  2353  2353 I wlan_ril: wlan_ril_init
05-05 18:23:29.833  2353  2353 I wlan_ril: wlan_ril_sk_init
05-05 18:23:29.833  2353  2353 I wlan_ril: wlan_sk_open
05-05 18:23:29.833  2353  2353 D wlan_ril: wlan_sk_open saddr : /dev/socket/wlan_ril/wlan_ril_sk
05-05 18:23:29.833  2353  2353 D wlan_ril: wlan_sk_open ws->saddr.sun_path is /dev/socket/wlan_ril/wlan_ril_sk
05-05 18:23:29.834  2353  2353 I wlan_ril: main wlan_ril_init is OK...
05-05 18:23:29.834  2353  2353 I wlan_ril: wlan_ril_run
05-05 18:23:30.074  1945  1945 I ImageWallpaper: Redrawing in rect: RectF(0.0, 0.0, 3510.0, 3120.0) with surface size: 2880x3120
05-05 18:23:30.083  1464  1464 V FingerprintService: stop client com.android.systemui
05-05 18:23:30.083  1134  1134 D vendor.lge.hardware.biometrics.fingerprint@2.1-service: cancel()
05-05 18:23:30.083  1134  1134 D gf_fingerprint_hal: fingerprint_cancel
05-05 18:23:30.083  1134  1134 I [GF_HAL][gf_hal]: [gf_hal_cancel]
05-05 18:23:30.097  1134  1134 D vendor.lge.hardware.biometrics.fingerprint@2.1-service: onError(5)
05-05 18:23:30.097  1464  1464 W FingerprintService: client com.android.systemui is no longer authenticating
05-05 18:23:30.098  1464  1464 V FingerprintService: Done with client: com.android.systemui
05-05 18:23:30.098  1464  1464 V FingerprintService: handleError(client=com.android.systemui, error = 5)
05-05 18:23:30.127  1996  1996 I WebViewZygoteInit: Beginning package preload
05-05 18:23:30.153  1996  1996 I WebViewZygoteInit: Package preload done
05-05 18:23:30.184  1945  1945 I ImageWallpaper: Redrawing in rect: RectF(0.0, 0.0, 3510.0, 3120.0) with surface size: 2880x3120
05-05 18:23:30.188  1945  1945 I chatty  : uid=10025(com.android.systemui) identical 12 lines
05-05 18:23:30.190  1945  1945 I ImageWallpaper: Redrawing in rect: RectF(0.0, 0.0, 3510.0, 3120.0) with surface size: 2880x3120
05-05 18:23:30.229  1945  1945 D StatusBar: disable<e i a s b H R c s > disable2<q i n >
05-05 18:23:30.231  1945  1945 E KeyguardBouncer: onFullyShown when view was null
05-05 18:23:30.233  1945  1945 D StatusBar: disable<e i a s b H R c s > disable2<q i n >
05-05 18:23:30.236  1945  2081 I CameraManagerGlobal: Connecting to camera service
05-05 18:23:30.238  1945  1945 D StatusBar: disable<e i a s b H R c s > disable2<q i n >
05-05 18:23:30.259  1134  1134 D vendor.lge.hardware.biometrics.fingerprint@2.1-service: getAuthenticatorId()
05-05 18:23:30.259  1134  1134 D gf_fingerprint_hal: fingerprint_get_auth_id
05-05 18:23:30.259  1134  1134 I [GF_HAL][gf_hal]: [gf_hal_get_auth_id]
05-05 18:23:30.260  1945  1945 W StatusBar/NavBarView: *** Invalid layout in navigation bar (sizeChanged this=1440x168 cur=1384x168)
05-05 18:23:30.267  1464  1464 V FingerprintService: startAuthentication(com.android.systemui)
05-05 18:23:30.267  1464  1464 V FingerprintService: starting client AuthenticationClient(com.android.systemui), initiatedByClient = true
05-05 18:23:30.267  1134  1134 D vendor.lge.hardware.biometrics.fingerprint@2.1-service: authenticate(opId=0, gid=0)
05-05 18:23:30.267  1134  1134 D gf_fingerprint_hal: fingerprint_authenticate
05-05 18:23:30.267  1134  1134 I [GF_HAL][gf_hal]: [gf_hal_authenticate] group_id=0
05-05 18:23:30.267  1134  1134 D QSEECOMAPI: QSEECom_get_handle sb_length = 0x1000
05-05 18:23:30.267  1134  1134 D QSEECOMAPI: App is already loaded QSEE and app id = 1
05-05 18:23:30.269   956  1106 I ThermalEngine: Thermal-Server: Thermal received msg from  config_query
05-05 18:23:30.269   956  1106 I ThermalEngine: Thermal-Server: total num of config queried 24
05-05 18:23:30.269   961  1015 I Thermal-Lib: Thermal-Lib-Client: Client config query request sent config_query  8
05-05 18:23:30.269   961  1015 I Thermal-Lib: Thermal-Lib-Client:recv_and_extract_packet: Client received msg config_query 8
05-05 18:23:30.269   961  1015 I Thermal-Lib: Thermal-Lib-Client:recv_and_extract_packet: Client received msg config_query 0
05-05 18:23:30.269  1134  1134 D QSEECOMAPI: QSEECom_dealloc_memory 
05-05 18:23:30.269   961  1015 I Thermal-Lib: Thermal-Lib-Client:recv_and_extract_packet: Client received msg config_query 0
05-05 18:23:30.269   961  1015 I Thermal-Lib: Thermal-Lib-Client:recv_and_extract_packet: Client received msg config_query 0
05-05 18:23:30.269  1134  1134 D QSEECOMAPI: QSEECom_shutdown_app, app_id = 1
05-05 18:23:30.269   961  1015 I Thermal-Lib: Thermal-Lib-Client:recv_and_extract_packet: Client received msg config_query 0
05-05 18:23:30.269   961  1015 I Thermal-Lib: Thermal-Lib-Client:recv_and_extract_packet: Client received msg config_query 2
05-05 18:23:30.269   961  1015 I Thermal-Lib: Thermal-Lib-Client:recv_and_extract_packet: Client received msg config_query 2
05-05 18:23:30.269   961  1015 I Thermal-Lib: Thermal-Lib-Client:recv_and_extract_packet: Client received msg config_query 8
05-05 18:23:30.287   972   972 D incidentd: Start uploading backlogs in /data/misc/incidents/
05-05 18:23:30.289   972   972 D incidentd: Successfully uploaded 0 files to Dropbox.
05-05 18:23:30.295  1945  1945 D StatusBar: disable<e i a s b H R c s > disable2<q i n >
05-05 18:23:30.296  1945  1945 W View    : requestLayout() improperly called by com.android.keyguard.CarrierText{2aa70d3 V.ED..... ..S...ID 56,0-470,140 #7f0a0190 app:id/keyguard_carrier_text} during layout: running second layout pass
05-05 18:23:30.304  1464  1464 W FingerprintService: client com.android.systemui is authenticating...
05-05 18:23:30.319  1945  1945 W KeyguardUpdateMonitor: invalid subId in handleServiceStateChange()
05-05 18:23:30.321  1945  1945 W KeyguardUpdateMonitor: invalid subId in handleServiceStateChange()
05-05 18:23:30.339  1945  1945 I ImageWallpaper: Redrawing in rect: RectF(0.0, 0.0, 3510.0, 3120.0) with surface size: 2880x3120
05-05 18:23:30.352  1003  1003 I Atfwd_Daemon: qmi_client_init_instance status retry : 2
05-05 18:23:30.352  1003  1003 I Atfwd_Daemon: 
05-05 18:23:30.352  1003  1003 I Atfwd_Daemon:  qmi_client_init_instance....
05-05 18:23:30.352  1003  1003 I Atfwd_Daemon: qmi_client_init_instance status: 0, num_retries: 3, retryCnt: 2
05-05 18:23:30.352  1003  1003 I Atfwd_Daemon: qmi_client_register_error_cb status: 0
05-05 18:23:30.352  1003  1003 I Atfwd_Daemon: result : 0 	 ,Init step :1 	 ,qmiErrorCode: 0
05-05 18:23:30.352  1003  1003 I Atfwd_Daemon: 
05-05 18:23:30.352  1003  1003 I Atfwd_Daemon:  Back to main.
05-05 18:23:30.352  1003  1003 I Atfwd_Daemon:  tryinit complete with connectresult: 0
05-05 18:23:30.352  1003  1003 I Atfwd_Daemon: 
05-05 18:23:30.352  1003  1003 I Atfwd_Daemon: 
05-05 18:23:30.352  1003  1003 I Atfwd_Daemon:  TrtyInit: retryCnt: 1
05-05 18:23:30.352  1003  1003 I Atfwd_Daemon: Invalid type 2
05-05 18:23:30.352  1003  1003 I Atfwd_Daemon:  tryinit complete with connectresult: 0
05-05 18:23:30.352  1003  1003 I Atfwd_Daemon: Trying to register 8 commands:
05-05 18:23:30.352  1003  1003 I Atfwd_Daemon: cmd0: +CKPD
05-05 18:23:30.352  1003  1003 I Atfwd_Daemon: sending QMI_AT_REG_AT_CMD_FWD_REQ_V01 message
05-05 18:23:30.353  1003  1003 I Atfwd_Daemon: cmd1: +CTSA
05-05 18:23:30.353  1003  1003 I Atfwd_Daemon: sending QMI_AT_REG_AT_CMD_FWD_REQ_V01 message
05-05 18:23:30.356  1003  1003 I Atfwd_Daemon: cmd2: +CFUN
05-05 18:23:30.356  1003  1003 I Atfwd_Daemon: sending QMI_AT_REG_AT_CMD_FWD_REQ_V01 message
05-05 18:23:30.357  1003  1003 I Atfwd_Daemon: cmd3: +CMAR
05-05 18:23:30.357  1003  1003 I Atfwd_Daemon: sending QMI_AT_REG_AT_CMD_FWD_REQ_V01 message
05-05 18:23:30.357  1003  1003 I Atfwd_Daemon: cmd4: +CDIS
05-05 18:23:30.357  1003  1003 I Atfwd_Daemon: sending QMI_AT_REG_AT_CMD_FWD_REQ_V01 message
05-05 18:23:30.358  1003  1003 I Atfwd_Daemon: cmd5: +CRSL
05-05 18:23:30.358  1003  1003 I Atfwd_Daemon: sending QMI_AT_REG_AT_CMD_FWD_REQ_V01 message
05-05 18:23:30.359  1003  1003 I Atfwd_Daemon: cmd6: +CSS
05-05 18:23:30.359  1003  1003 I Atfwd_Daemon: sending QMI_AT_REG_AT_CMD_FWD_REQ_V01 message
05-05 18:23:30.359  1003  1003 I Atfwd_Daemon: cmd7: $QCPWRDN
05-05 18:23:30.359  1003  1003 I Atfwd_Daemon: sending QMI_AT_REG_AT_CMD_FWD_REQ_V01 message
05-05 18:23:30.359  1003  1003 I Atfwd_Daemon: Registered AT Commands event handler
05-05 18:23:30.359  1003  1003 I Atfwd_Daemon: Waiting for ctrCond
05-05 18:23:30.406  1945  1945 W StaticLayout: maxLineHeight should not be -1.  maxLines:1 lineCount:1
05-05 18:23:30.407  1945  1945 W StaticLayout: maxLineHeight should not be -1.  maxLines:1 lineCount:1
05-05 18:23:30.426   970   970 W ServiceManagement: Waited one second for android.hardware.camera.provider@2.4::ICameraProvider/legacy/0. Waiting another...
05-05 18:23:30.492   823  2357 I chatty  : uid=1000(system) sensors@1.0-ser expire 3 lines
05-05 18:23:30.683   748  2230 D vendor.qti.bluetooth@1.0-patch_dl_manager: FrameHciCmdPkt: Sending EDL_GET_BOARD_ID
05-05 18:23:30.683   748  2230 D vendor.qti.bluetooth@1.0-patch_dl_manager: HCI-CMD -1:	0x1 	0x0 	0xfc 	0x1 	0x23
05-05 18:23:30.683   748  2230 I vendor.qti.bluetooth@1.0-patch_dl_manager: GetBoardIdReq: Sending EDL_GET_BOARD_ID
05-05 18:23:30.683   748  2230 I vendor.qti.bluetooth@1.0-patch_dl_manager: GetVsHciEvent: board id 0 0!!
05-05 18:23:30.683   748  2230 D vendor.qti.bluetooth@1.0-patch_dl_manager: ReadHciEvent: Expected CC
05-05 18:23:30.683   748  2230 E vendor.qti.bluetooth@1.0-patch_dl_manager: /bt_firmware/image/crnv21.b00 File Open Fail
05-05 18:23:30.683   748  2230 E vendor.qti.bluetooth@1.0-patch_dl_manager: /vendor/firmware/crnv21.b00 File Opening from alternate path: Fail
05-05 18:23:30.683   748  2230 I vendor.qti.bluetooth@1.0-patch_dl_manager: DownloadTlvFile: /bt_firmware/image/crnv21.b00: file doesn't exist, falling back to default file
05-05 18:23:30.683   748  2230 E vendor.qti.bluetooth@1.0-patch_dl_manager: /bt_firmware/image/crnv21.bin File Open Fail
05-05 18:23:30.683   748  2230 I vendor.qti.bluetooth@1.0-patch_dl_manager: File open /vendor/firmware/crnv21.bin succeded
05-05 18:23:30.685   748  2230 I vendor.qti.bluetooth@1.0-patch_dl_manager: ====================================================
05-05 18:23:30.685   748  2230 I vendor.qti.bluetooth@1.0-patch_dl_manager: TLV Type			 : 0x4
05-05 18:23:30.685   748  2230 I vendor.qti.bluetooth@1.0-patch_dl_manager: Length			 : 4643 bytes
05-05 18:23:30.685   748  2230 I vendor.qti.bluetooth@1.0-patch_dl_manager: ====================================================
05-05 18:23:30.685   748  2230 I vendor.qti.bluetooth@1.0-patch_dl_manager: ====================================================
05-05 18:23:30.685   748  2230 I vendor.qti.bluetooth@1.0-patch_dl_manager: TLV Type			 : 0x2
05-05 18:23:30.685   748  2230 I vendor.qti.bluetooth@1.0-patch_dl_manager: Length			 : 3635 bytes
05-05 18:23:30.685   748  2230 I vendor.qti.bluetooth@1.0-patch_dl_manager: ====================================================
05-05 18:23:30.685   748  2230 I vendor.qti.bluetooth@1.0-patch_dl_manager: TAG ID			 : 2
05-05 18:23:30.685   748  2230 I vendor.qti.bluetooth@1.0-patch_dl_manager: TAG Length		 : 6
05-05 18:23:30.685   748  2230 I vendor.qti.bluetooth@1.0-patch_dl_manager: TAG Pointer		 : 0
05-05 18:23:30.685   748  2230 I vendor.qti.bluetooth@1.0-patch_dl_manager: TAG Extended Flag	 : 0
05-05 18:23:30.685   748  2230 I vendor.qti.bluetooth@1.0-patch_dl_manager: BD Address: b7:bc:d1:d2:22:22
05-05 18:23:30.685   748  2230 I vendor.qti.bluetooth@1.0-patch_dl_manager: TAG Data			 : b7 bc d1 d2 22 22 
05-05 18:23:30.685   748  2230 I vendor.qti.bluetooth@1.0-patch_dl_manager: TAG ID			 : 10
05-05 18:23:30.685   748  2230 I vendor.qti.bluetooth@1.0-patch_dl_manager: TAG Length		 : 5
05-05 18:23:30.685   748  2230 I vendor.qti.bluetooth@1.0-patch_dl_manager: TAG Pointer		 : 0
05-05 18:23:30.685   748  2230 I vendor.qti.bluetooth@1.0-patch_dl_manager: TAG Extended Flag	 : 0
05-05 18:23:30.685   748  2230 I vendor.qti.bluetooth@1.0-patch_dl_manager: TAG Data			 : 1e bd 00 02 01 
05-05 18:23:30.685   748  2230 I vendor.qti.bluetooth@1.0-patch_dl_manager: TAG ID			 : 17
05-05 18:23:30.685   748  2230 I vendor.qti.bluetooth@1.0-patch_dl_manager: TAG Length		 : 9
05-05 18:23:30.685   748  2230 I vendor.qti.bluetooth@1.0-patch_dl_manager: TAG Pointer		 : 0
05-05 18:23:30.685   748  2230 I vendor.qti.bluetooth@1.0-patch_dl_manager: TAG Extended Flag	 : 0
05-05 18:23:30.685   748  2230 I vendor.qti.bluetooth@1.0-patch_dl_manager: TAG Data			 : 82 01 11 08 04 14 28 02 15 
05-05 18:23:30.685   748  2230 I vendor.qti.bluetooth@1.0-patch_dl_manager: TAG ID			 : 22
05-05 18:23:30.685   748  2230 I vendor.qti.bluetooth@1.0-patch_dl_manager: TAG Length		 : 57
05-05 18:23:30.685   748  2230 I vendor.qti.bluetooth@1.0-patch_dl_manager: TAG Pointer		 : 0
05-05 18:23:30.685   748  2230 I vendor.qti.bluetooth@1.0-patch_dl_manager: TAG Extended Flag	 : 0
05-05 18:23:30.685   748  2230 I vendor.qti.bluetooth@1.0-patch_dl_manager: TAG Data			 : 0a 08 b8 0b 4c 04 b0 04 06 08 08 20 1f 06 08 04 14 06 00 10 00 08 d0 02 68 01 68 01 28 00 4c 00 28 00 4c 00 80 0c 50 00 07 00 3c 00 28 00 f0 00 40 01 0a 00 50 00 f0 00 00 
05-05 18:23:30.685   748  2230 I vendor.qti.bluetooth@1.0-patch_dl_manager: TAG ID			 : 27
05-05 18:23:30.685   748  2230 I vendor.qti.bluetooth@1.0-patch_dl_manager: TAG Length		 : 1
05-05 18:23:30.685   748  2230 I vendor.qti.bluetooth@1.0-patch_dl_manager: TAG Pointer		 : 0
05-05 18:23:30.685   748  2230 I vendor.qti.bluetooth@1.0-patch_dl_manager: TAG Extended Flag	 : 0
05-05 18:23:30.685   748  2230 I vendor.qti.bluetooth@1.0-patch_dl_manager: TAG Data			 : 01 
05-05 18:23:30.685   748  2230 I vendor.qti.bluetooth@1.0-patch_dl_manager: TAG ID			 : 32
05-05 18:23:30.685   748  2230 I vendor.qti.bluetooth@1.0-patch_dl_manager: TAG Length		 : 2
05-05 18:23:30.685   748  2230 I vendor.qti.bluetooth@1.0-patch_dl_manager: TAG Pointer		 : 0
05-05 18:23:30.685   748  2230 I vendor.qti.bluetooth@1.0-patch_dl_manager: TAG Extended Flag	 : 0
05-05 18:23:30.685   748  2230 I vendor.qti.bluetooth@1.0-patch_dl_manager: TAG Data			 : 07 74 
05-05 18:23:30.685   748  2230 I vendor.qti.bluetooth@1.0-patch_dl_manager: TAG ID			 : 35
05-05 18:23:30.685   748  2230 I vendor.qti.bluetooth@1.0-patch_dl_manager: TAG Length		 : 68
05-05 18:23:30.685   748  2230 I vendor.qti.bluetooth@1.0-patch_dl_manager: TAG Pointer		 : 0
05-05 18:23:30.685   748  2230 I vendor.qti.bluetooth@1.0-patch_dl_manager: TAG Extended Flag	 : 0
05-05 18:23:30.685   748  2230 I vendor.qti.bluetooth@1.0-patch_dl_manager: TAG Data			 : 00 00 00 00 01 00 00 00 02 00 00 00 03 00 00 00 04 00 00 00 05 00 00 00 06 00 00 00 17 00 00 00 18 00 00 00 19 00 00 00 5a 00 02 00 20 0f 00 00 20 0e 00 00 20 0d 00 00 20 0c 00 00 00 00 07 03 00 00 00 00 
05-05 18:23:30.685   748  2230 I vendor.qti.bluetooth@1.0-patch_dl_manager: TAG ID			 : 36
05-05 18:23:30.685   748  2230 I vendor.qti.bluetooth@1.0-patch_dl_manager: TAG Length		 : 16
05-05 18:23:30.685   748  2230 I vendor.qti.bluetooth@1.0-patch_dl_manager: TAG Pointer		 : 0
05-05 18:23:30.685   748  2230 I vendor.qti.bluetooth@1.0-patch_dl_manager: TAG Extended Flag	 : 0
05-05 18:23:30.685   748  2230 I vendor.qti.bluetooth@1.0-patch_dl_manager: TAG Data			 : ff 03 0f 07 09 09 09 00 00 09 09 04 02 04 08 00 
05-05 18:23:30.685   748  2230 I vendor.qti.bluetooth@1.0-patch_dl_manager: TAG ID			 : 37
05-05 18:23:30.685   748  2230 I vendor.qti.bluetooth@1.0-patch_dl_manager: TAG Length		 : 32
05-05 18:23:30.685   748  2230 I vendor.qti.bluetooth@1.0-patch_dl_manager: TAG Pointer		 : 0
05-05 18:23:30.685   748  2230 I vendor.qti.bluetooth@1.0-patch_dl_manager: TAG Extended Flag	 : 0
05-05 18:23:30.685   748  2230 I vendor.qti.bluetooth@1.0-patch_dl_manager: TAG Data			 : 00 00 02 01 01 03 03 03 00 03 03 03 00 00 04 00 01 00 00 00 34 28 02 00 00 00 05 02 2b f4 00 00 
05-05 18:23:30.685   748  2230 I vendor.qti.bluetooth@1.0-patch_dl_manager: TAG ID			 : 38
05-05 18:23:30.685   748  2230 I vendor.qti.bluetooth@1.0-patch_dl_manager: TAG Length		 : 53
05-05 18:23:30.685   748  2230 I vendor.qti.bluetooth@1.0-patch_dl_manager: TAG Pointer		 : 0
05-05 18:23:30.685   748  2230 I vendor.qti.bluetooth@1.0-patch_dl_manager: TAG Extended Flag	 : 0
05-05 18:23:30.685   748  2230 I vendor.qti.bluetooth@1.0-patch_dl_manager: TAG Data			 : 00 00 68 09 70 00 01 1f 00 00 00 00 33 00 00 01 0f 0f 0f 0f 0f 0f 0f 0f 0f 0f 0f 0f 0f 0f 0f 0f c8 43 80 02 01 00 00 00 00 00 00 00 00 00 00 00 00 0c 00 0c ff 
05-05 18:23:30.685   748  2230 I vendor.qti.bluetooth@1.0-patch_dl_manager: TAG ID			 : 41
05-05 18:23:30.685   748  2230 I vendor.qti.bluetooth@1.0-patch_dl_manager: TAG Length		 : 236
05-05 18:23:30.685   748  2230 I vendor.qti.bluetooth@1.0-patch_dl_manager: TAG Pointer		 : 0
