05-05 18:23:29.409   984  1970 D PlatformConfig: getInstance: Enter
05-05 18:23:29.409   984  1970 D PlatformConfig: getInt32 Config name: vidc_enc_csc_custom_matrix value: 0
05-05 18:23:29.410  1464  2209 I Telecom : CallAudioModeStateMachine: Message received: null.: TS.init->CAMSM.pM_1@AAA
05-05 18:23:29.413   984  1970 I OMX-VENC: Component_init : OMX.qcom.video.encoder.avc : return = 0x0
05-05 18:23:29.414   984  1970 I OMX-VENC: venc_dev: v4l2 profile : 1 flags : 131095 
05-05 18:23:29.414   984  1970 I OMX-VENC: venc_dev: v4l2 profile : 0 flags : 131095 
05-05 18:23:29.414   984  1970 I OMX-VENC: venc_dev: v4l2 profile : 2 flags : 131095 
05-05 18:23:29.414   984  1970 I OMX-VENC: venc_dev: v4l2 profile : 17 flags : 131095 
05-05 18:23:29.414   984  1970 I OMX-VENC: venc_dev: v4l2 profile : 4 flags : 131095 
05-05 18:23:29.415   978  1275 W OMXUtils: do not know color format 0x7fa30c06 = 2141391878
05-05 18:23:29.416   978  1275 W OMXUtils: do not know color format 0x7fa30c04 = 2141391876
05-05 18:23:29.416   978  1275 W OMXUtils: do not know color format 0x7fa30c00 = 2141391872
05-05 18:23:29.416  1464  1464 I Telecom : MissedCallNotifierImpl: reloadFromDatabase: Boot not yet complete -- call log db may not be available. Deferring loading until boot complete for user 0: TS.init@AAA
05-05 18:23:29.416   978  1275 W OMXUtils: do not know color format 0x7fa30c09 = 2141391881
05-05 18:23:29.416   978  1275 W OMXUtils: do not know color format 0x7fa30c0a = 2141391882
05-05 18:23:29.417   978  1275 W OMXUtils: do not know color format 0x7fa30c08 = 2141391880
05-05 18:23:29.417   978  1275 W OMXUtils: do not know color format 0x7fa30c07 = 2141391879
05-05 18:23:29.417   978  1275 W OMXUtils: do not know color format 0x7f000789 = 2130708361
05-05 18:23:29.418  1464  1464 I Telecom : Class: TelecomSystem.INSTANCE being set
05-05 18:23:29.419  1464  1464 W ContextImpl: Calling a method in the system process without a qualified user: android.app.ContextImpl.startService:1531 android.content.ContextWrapper.startService:664 com.android.server.telecom.components.TelecomService.initializeTelecomSystem:197 com.android.server.telecom.components.TelecomService.onBind:67 android.app.ActivityThread.handleBindService:3597 
05-05 18:23:29.419   984  2211 E OMX-VENC: venc_dev: async_venc_message_thread interrupted to be exited
05-05 18:23:29.420   973  1809 D installd: Found storage mount /data/media at /mnt/runtime/default/emulated
05-05 18:23:29.420   984  1970 I OMX-VENC: Component Deinit
05-05 18:23:29.420  1464  1464 D BluetoothManagerService: BluetoothServiceConnection: com.android.bluetooth.btservice.AdapterService
05-05 18:23:29.420   984  1970 I OMX-VENC: Video encode perflock released
05-05 18:23:29.421  1134  1134 D vendor.lge.hardware.biometrics.fingerprint@2.1-service: getAuthenticatorId()
05-05 18:23:29.421  1134  1134 D gf_fingerprint_hal: fingerprint_get_auth_id
05-05 18:23:29.421  1134  1134 I [GF_HAL][gf_hal]: [gf_hal_get_auth_id]
05-05 18:23:29.422  1464  1501 D BluetoothManagerService: MESSAGE_BLUETOOTH_SERVICE_CONNECTED: 1
05-05 18:23:29.423   978  1275 I OMXClient: IOmx service obtained
05-05 18:23:29.423   984  2185 I OMXMaster: makeComponentInstance(OMX.google.h264.encoder) in omx@1.0-service process
05-05 18:23:29.423  1464  1501 D BluetoothManagerService: Broadcasting onBluetoothServiceUp() to 2 receivers.
05-05 18:23:29.423  1464  1501 I chatty  : uid=1000(system) android.io expire 5 lines
05-05 18:23:29.423  1904  1918 I chatty  : uid=1002(bluetooth) Binder:1904_3 expire 1 line
05-05 18:23:29.423  1904  1917 I chatty  : uid=1002(bluetooth) Binder:1904_2 expire 1 line
05-05 18:23:29.424  1904  2018 I chatty  : uid=1002(bluetooth) AdapterState expire 7 lines
05-05 18:23:29.424  1464  1501 D BluetoothManagerService: MESSAGE_BLUETOOTH_STATE_CHANGE: OFF > BLE_TURNING_ON
05-05 18:23:29.424  1464  1501 D BluetoothManagerService: Sending BLE State Change: OFF > BLE_TURNING_ON
05-05 18:23:29.425   978  1275 W OMXUtils: do not know color format 0x7f000789 = 2130708361
05-05 18:23:29.426   970   970 W ServiceManagement: Waited one second for android.hardware.camera.provider@2.4::ICameraProvider/legacy/0. Waiting another...
05-05 18:23:29.426   978  1275 I OMXClient: IOmx service obtained
05-05 18:23:29.426   984  2185 I OMXMaster: makeComponentInstance(OMX.qcom.video.encoder.h263sw) in omx@1.0-service process
05-05 18:23:29.428  1464  1464 V FingerprintService: startAuthentication(com.android.systemui)
05-05 18:23:29.429  1464  1464 V FingerprintService: starting client AuthenticationClient(com.android.systemui), initiatedByClient = true
05-05 18:23:29.429  1134  1134 D vendor.lge.hardware.biometrics.fingerprint@2.1-service: authenticate(opId=0, gid=0)
05-05 18:23:29.429  1134  1134 D gf_fingerprint_hal: fingerprint_authenticate
05-05 18:23:29.429  1134  1134 I [GF_HAL][gf_hal]: [gf_hal_authenticate] group_id=0
05-05 18:23:29.429  1134  1134 D QSEECOMAPI: QSEECom_get_handle sb_length = 0x1000
05-05 18:23:29.429  1134  1134 D QSEECOMAPI: App is already loaded QSEE and app id = 1
05-05 18:23:29.429  1904  1904 I chatty  : uid=1002(bluetooth) com.android.bluetooth expire 6 lines
05-05 18:23:29.431  1134  1134 D QSEECOMAPI: QSEECom_dealloc_memory 
05-05 18:23:29.431  1134  1134 D QSEECOMAPI: QSEECom_shutdown_app, app_id = 1
05-05 18:23:29.434  1904  2215 I chatty  : uid=1002(bluetooth) BondStateMachin expire 1 line
05-05 18:23:29.438   984  2185 D PlatformConfig: getInstance: Enter
05-05 18:23:29.438   984  2185 D PlatformConfig: getInt32 Config name: vidc_enc_log_in value: 0
05-05 18:23:29.438   984  2185 D PlatformConfig: getInstance: Enter
05-05 18:23:29.438   984  2185 D PlatformConfig: getInt32 Config name: vidc_enc_log_out value: 0
05-05 18:23:29.438   984  2185 I SWVENC  : >>> swvenc_init(): H.263 codec, version date: 2017-01-27T12:02:22+0530
05-05 18:23:29.440   984  2185 I SWVENC  : --- set_state(): SWVENC_STATE_INVALID -> SWVENC_STATE_INIT
05-05 18:23:29.440   984  2185 I SWVENC  : >>> swvenc_setproperty(): 
05-05 18:23:29.440   984  2185 I SWVENC  : --- set_profile(): baseline profile
05-05 18:23:29.440   984  2185 I SWVENC  : >>> swvenc_setproperty(): 
05-05 18:23:29.440   984  2185 I SWVENC  : --- set_level(): 10
05-05 18:23:29.440   984  2185 I SWVENC  : >>> swvenc_setproperty(): 
05-05 18:23:29.440   984  2185 I SWVENC  : --- set_frame_size(): 176 x 144
05-05 18:23:29.440   984  2185 I SWVENC  : >>> swvenc_setproperty(): 
05-05 18:23:29.440   984  2185 I SWVENC  : --- set_property(): frame attributes: y,uv strides: 176,176; y,uv offsets: 0,25344; size: 38016
05-05 18:23:29.440   984  2185 I SWVENC  : >>> swvenc_getproperty(): 
05-05 18:23:29.440   984  2185 I SWVENC  : --- get_buffer_req(): input: 38016 byte buffers x (5 to 32), aligned to 128 byte boundaries
05-05 18:23:29.440   984  2185 I SWVENC  : >>> swvenc_getproperty(): 
05-05 18:23:29.440   984  2185 I SWVENC  : --- get_buffer_req(): output: 38016 byte buffers x (5 to 32), aligned to 128 byte boundaries
05-05 18:23:29.441   978  1275 W OMXUtils: do not know color format 0x7fa30c04 = 2141391876
05-05 18:23:29.441   978  1275 W OMXUtils: do not know color format 0x7fa30c00 = 2141391872
05-05 18:23:29.441   978  1275 W OMXUtils: do not know color format 0x7f000789 = 2130708361
05-05 18:23:29.441   984  2185 I SWVENC  : >>> swvenc_deinit(): 
05-05 18:23:29.441   984  2185 I SWVENC  : --- ~c_swvenc_mpeg4(): 
05-05 18:23:29.441   984  2185 I SWVENC  : --- set_state(): SWVENC_STATE_INIT -> SWVENC_STATE_INVALID
05-05 18:23:29.442   984  2220 I SWVENC  : --- thread_eventd(): SWVENC_THREAD_SIGNAL_EXIT
05-05 18:23:29.442   984  2219 I SWVENC  : --- thread_worker(): SWVENC_THREAD_SIGNAL_EXIT
05-05 18:23:29.442   984  2185 I SWVENC  : --- swvenc_deinit(): all done, goodbye!
05-05 18:23:29.444  1904  1904 I chatty  : uid=1002(bluetooth) com.android.bluetooth expire 5 lines
05-05 18:23:29.444  1945  1945 I CameraManagerGlobal: Connecting to camera service
05-05 18:23:29.445  1904  2019 I chatty  : uid=1002(bluetooth) stack_manager expire 7 lines
05-05 18:23:29.445   978  1275 I OMXClient: IOmx service obtained
05-05 18:23:29.445   984  1970 I OMXMaster: makeComponentInstance(OMX.google.h263.encoder) in omx@1.0-service process
05-05 18:23:29.445   984  1970 I SoftMPEG4Encoder: Construct SoftMPEG4Encoder
05-05 18:23:29.446   978  1275 W OMXUtils: do not know color format 0x7f000789 = 2130708361
05-05 18:23:29.446   984  1970 E OMXNodeInstance: getConfig(0xf42424e0:google.h263.encoder, ConfigAndroidIntraRefresh(0x6f60000a)) ERROR: Undefined(0x80001001)
05-05 18:23:29.446  1904  2225 I chatty  : uid=1002(bluetooth) hci_thread expire 3 lines
05-05 18:23:29.447  1904  2019 I chatty  : uid=1002(bluetooth) stack_manager expire 1 line
05-05 18:23:29.448   978  1275 I OMXClient: IOmx service obtained
05-05 18:23:29.448   984  1970 I OMXMaster: makeComponentInstance(OMX.qcom.video.encoder.hevc) in omx@1.0-service process
05-05 18:23:29.449   748   748 I chatty  : uid=1002 bluetooth@1.0-s expire 5 lines
05-05 18:23:29.451   984  1970 I OMX-VENC: Video encode perflock acquired,handle=-1
05-05 18:23:29.451   984  1970 D PlatformConfig: getInstance: Enter
05-05 18:23:29.451   984  1970 D PlatformConfig: getInt32 Config name: vidc_enc_log_in value: 0
05-05 18:23:29.451   984  1970 D PlatformConfig: getInstance: Enter
05-05 18:23:29.451   984  1970 D PlatformConfig: getInt32 Config name: vidc_enc_log_out value: 0
05-05 18:23:29.451   984  1970 D PlatformConfig: getInstance: Enter
05-05 18:23:29.451   984  1970 D PlatformConfig: getInt32 Config name: vidc_enc_csc_custom_matrix value: 0
05-05 18:23:29.452   984  1970 I OMX-VENC: Component_init : OMX.qcom.video.encoder.hevc : return = 0x0
05-05 18:23:29.452   748  2230 I chatty  : uid=1002 bluetooth@1.0-s expire 21 lines
05-05 18:23:29.453  1897  1897 E WifiUtil: wfc_util_qcom_load_driver() : called 
05-05 18:23:29.453  1897  1897 E WifiUtil: wfc_util_qcom_load_driver() : Wi-Fi driver is already initialized, so do nothing
05-05 18:23:29.453  1897  1897 I WIFIFTM : [wififtmd] success load driver of QCT`s WCN399x
05-05 18:23:29.453   984  2185 I OMX-VENC: venc_dev: v4l2 profile : 0 flags : 3 
05-05 18:23:29.453   984  2185 I OMX-VENC: venc_dev: v4l2 profile : 1 flags : 3 
05-05 18:23:29.453   984  2185 I OMX-VENC: venc_dev: v4l2 profile : 2 flags : 3 
05-05 18:23:29.453   984  2185 E OMX-VENC: venc_dev: venc_get_supported_profile_level: Invalid index corresponding profile not supported : 4 
05-05 18:23:29.453   978  1275 W OMXUtils: do not know color format 0x7fa30c06 = 2141391878
05-05 18:23:29.453   978  1275 W OMXUtils: do not know color format 0x7fa30c04 = 2141391876
05-05 18:23:29.453   978  1275 W OMXUtils: do not know color format 0x7fa30c00 = 2141391872
05-05 18:23:29.453   978  1275 W OMXUtils: do not know color format 0x7fa30c09 = 2141391881
05-05 18:23:29.454   978  1275 W OMXUtils: do not know color format 0x7fa30c0a = 2141391882
05-05 18:23:29.454   978  1275 W OMXUtils: do not know color format 0x7fa30c08 = 2141391880
05-05 18:23:29.454   978  1275 W OMXUtils: do not know color format 0x7fa30c07 = 2141391879
05-05 18:23:29.454   978  1275 W OMXUtils: do not know color format 0x7f000789 = 2130708361
05-05 18:23:29.455   984  2232 E OMX-VENC: venc_dev: async_venc_message_thread interrupted to be exited
05-05 18:23:29.455  2165  2165 D OpenGLRenderer: Skia GL Pipeline
05-05 18:23:29.456   984  2185 I OMX-VENC: Component Deinit
05-05 18:23:29.456   984  2185 I OMX-VENC: Video encode perflock released
05-05 18:23:29.458  2154  2154 D TelephonyProvider: dbh.onOpen: ok, queried table=siminfo
05-05 18:23:29.458   978  1275 I OMXClient: IOmx service obtained
05-05 18:23:29.458  2154  2154 D TelephonyProvider: dbh.onOpen: ok, queried table=carriers
05-05 18:23:29.458   984  1970 I OMXMaster: makeComponentInstance(OMX.qcom.video.encoder.mpeg4sw) in omx@1.0-service process
05-05 18:23:29.460   984  1970 D PlatformConfig: getInstance: Enter
05-05 18:23:29.460   984  1970 D PlatformConfig: getInt32 Config name: vidc_enc_log_in value: 0
05-05 18:23:29.460   984  1970 D PlatformConfig: getInstance: Enter
05-05 18:23:29.460   984  1970 D PlatformConfig: getInt32 Config name: vidc_enc_log_out value: 0
05-05 18:23:29.460   984  1970 I SWVENC  : >>> swvenc_init(): MPEG-4 codec, version date: 2017-01-27T12:02:22+0530
05-05 18:23:29.460   984  1970 I SWVENC  : --- set_state(): SWVENC_STATE_INVALID -> SWVENC_STATE_INIT
05-05 18:23:29.460   984  1970 I SWVENC  : >>> swvenc_setproperty(): 
05-05 18:23:29.460   984  1970 I SWVENC  : --- set_profile(): simple profile
05-05 18:23:29.460   984  1970 I SWVENC  : >>> swvenc_setproperty(): 
05-05 18:23:29.460   984  1970 I SWVENC  : --- set_level(): 0
05-05 18:23:29.460   984  1970 I SWVENC  : >>> swvenc_setproperty(): 
05-05 18:23:29.460   984  1970 I SWVENC  : --- set_frame_size(): 176 x 144
05-05 18:23:29.460   984  1970 I SWVENC  : >>> swvenc_setproperty(): 
05-05 18:23:29.460   984  1970 I SWVENC  : --- set_property(): frame attributes: y,uv strides: 176,176; y,uv offsets: 0,25344; size: 38016
05-05 18:23:29.460   984  1970 I SWVENC  : >>> swvenc_getproperty(): 
05-05 18:23:29.460   984  1970 I SWVENC  : --- get_buffer_req(): input: 38016 byte buffers x (5 to 32), aligned to 128 byte boundaries
05-05 18:23:29.460   984  1970 I SWVENC  : >>> swvenc_getproperty(): 
05-05 18:23:29.460   984  1970 I SWVENC  : --- get_buffer_req(): output: 38016 byte buffers x (5 to 32), aligned to 128 byte boundaries
05-05 18:23:29.461   978  1275 W OMXUtils: do not know color format 0x7fa30c04 = 2141391876
05-05 18:23:29.461   978  1275 W OMXUtils: do not know color format 0x7fa30c00 = 2141391872
05-05 18:23:29.461   978  1275 W OMXUtils: do not know color format 0x7f000789 = 2130708361
05-05 18:23:29.461  2154  2154 D CarrierIdProvider: onCreate
05-05 18:23:29.461   984  2185 I SWVENC  : >>> swvenc_deinit(): 
05-05 18:23:29.461   984  2185 I SWVENC  : --- ~c_swvenc_mpeg4(): 
05-05 18:23:29.461   984  2185 I SWVENC  : --- set_state(): SWVENC_STATE_INIT -> SWVENC_STATE_INVALID
05-05 18:23:29.461   984  2239 I SWVENC  : --- thread_eventd(): SWVENC_THREAD_SIGNAL_EXIT
05-05 18:23:29.461   984  2238 I SWVENC  : --- thread_worker(): SWVENC_THREAD_SIGNAL_EXIT
05-05 18:23:29.461   984  2185 I SWVENC  : --- swvenc_deinit(): all done, goodbye!
05-05 18:23:29.463  2154  2154 D CarrierIdProvider: update database from pb file
05-05 18:23:29.464   978  1275 I OMXClient: IOmx service obtained
05-05 18:23:29.464   984  2185 I OMXMaster: makeComponentInstance(OMX.google.mpeg4.encoder) in omx@1.0-service process
05-05 18:23:29.464   984  2185 I SoftMPEG4Encoder: Construct SoftMPEG4Encoder
05-05 18:23:29.465   978  1275 W OMXUtils: do not know color format 0x7f000789 = 2130708361
05-05 18:23:29.465   984  2185 E OMXNodeInstance: getConfig(0xf4242660:google.mpeg4.encoder, ConfigAndroidIntraRefresh(0x6f60000a)) ERROR: Undefined(0x80001001)
05-05 18:23:29.465  1464  1839 I chatty  : uid=1000(system) pool-2-thread-1 expire 19 lines
05-05 18:23:29.466   978  1275 I OMXClient: IOmx service obtained
05-05 18:23:29.466   984  2185 I OMXMaster: makeComponentInstance(OMX.qcom.video.encoder.vp8) in omx@1.0-service process
05-05 18:23:29.469  2154  2154 E CarrierIdProvider: read carrier list from ota pb failure: java.io.FileNotFoundException: /data/misc/carrierid/carrier_list.pb (No such file or directory)
05-05 18:23:29.469  2154  2154 D CarrierIdProvider: latest version: 4 need update: false
05-05 18:23:29.469  2154  2154 D CarrierProvider: onCreate
05-05 18:23:29.470   984  2185 I OMX-VENC: Video encode perflock acquired,handle=-1
05-05 18:23:29.470   984  2185 D PlatformConfig: getInstance: Enter
05-05 18:23:29.470   984  2185 D PlatformConfig: getInt32 Config name: vidc_enc_log_in value: 0
05-05 18:23:29.470   984  2185 D PlatformConfig: getInstance: Enter
05-05 18:23:29.470   984  2185 D PlatformConfig: getInt32 Config name: vidc_enc_log_out value: 0
05-05 18:23:29.470   984  2185 D PlatformConfig: getInstance: Enter
05-05 18:23:29.470   984  2185 D PlatformConfig: getInt32 Config name: vidc_enc_csc_custom_matrix value: 0
05-05 18:23:29.471   984  2185 I OMX-VENC: Component_init : OMX.qcom.video.encoder.vp8 : return = 0x0
05-05 18:23:29.471   978  1275 W OMXUtils: do not know color format 0x7fa30c06 = 2141391878
05-05 18:23:29.471   978  1275 W OMXUtils: do not know color format 0x7fa30c04 = 2141391876
05-05 18:23:29.471   978  1275 W OMXUtils: do not know color format 0x7fa30c00 = 2141391872
05-05 18:23:29.472   978  1275 W OMXUtils: do not know color format 0x7fa30c09 = 2141391881
05-05 18:23:29.472   978  1275 W OMXUtils: do not know color format 0x7fa30c0a = 2141391882
05-05 18:23:29.472  1464  1464 W FingerprintService: client com.android.systemui is authenticating...
05-05 18:23:29.472   978  1275 W OMXUtils: do not know color format 0x7fa30c08 = 2141391880
05-05 18:23:29.472   978  1275 W OMXUtils: do not know color format 0x7fa30c07 = 2141391879
05-05 18:23:29.472   978  1275 W OMXUtils: do not know color format 0x7f000789 = 2130708361
05-05 18:23:29.473   984  2246 E OMX-VENC: venc_dev: async_venc_message_thread interrupted to be exited
05-05 18:23:29.473  1464  2049 W UsageStatsService: Event reported without a package name
05-05 18:23:29.473  1464  1464 V SettingsProvider: Notifying for 0: content://settings/global/boot_count
05-05 18:23:29.474   984  1970 I OMX-VENC: Component Deinit
05-05 18:23:29.474   984  1970 I OMX-VENC: Video encode perflock released
05-05 18:23:29.474  2154  2154 W System  : ClassLoader referenced unknown path: /system/framework/qti-telephony-common.jar
05-05 18:23:29.477  2154  2154 I ImsResolver: Initializing cache and binding.
05-05 18:23:29.478   978  1275 I OMXClient: IOmx service obtained
05-05 18:23:29.478   984   984 I OMXMaster: makeComponentInstance(OMX.google.vp8.encoder) in omx@1.0-service process
05-05 18:23:29.479   978  1275 W OMXUtils: do not know color format 0x7f000789 = 2130708361
05-05 18:23:29.480   984   984 E OMXNodeInstance: getConfig(0xf4a27ea0:google.vp8.encoder, ConfigAndroidIntraRefresh(0x6f60000a)) ERROR: Undefined(0x80001001)
05-05 18:23:29.481  2154  2154 I android_os_HwBinder: HwBinder: Starting thread pool for slot1::android.hardware.radio@1.0::IRadio
05-05 18:23:29.485   978  1275 I OMXClient: IOmx service obtained
05-05 18:23:29.485   984   984 I OMXMaster: makeComponentInstance(OMX.google.vp9.encoder) in omx@1.0-service process
05-05 18:23:29.487   606   606 W hwservicemanager: getTransport: Cannot find entry android.hardware.radio.deprecated@1.0::IOemHook/slot1 in either framework or device manifest.
05-05 18:23:29.487   978  1275 W OMXUtils: do not know color format 0x7f000789 = 2130708361
05-05 18:23:29.487   984   984 E OMXNodeInstance: getConfig(0xf4a27ea0:google.vp9.encoder, ConfigAndroidIntraRefresh(0x6f60000a)) ERROR: Undefined(0x80001001)
05-05 18:23:29.488   978  1275 D MediaCodecList: ignored a null builder
05-05 18:23:29.490  1464  1464 V WiredAccessoryManager: notifyWiredAccessoryChanged: when=0 bits= mask=54
05-05 18:23:29.490  1464  1464 V WiredAccessoryManager: newName=h2w newState=0 headsetState=0 prev headsetState=0
05-05 18:23:29.490  1464  1464 V WiredAccessoryManager: init()
05-05 18:23:29.492  1464  1961 I chatty  : uid=1000 system_server expire 1 line
05-05 18:23:29.492   984  2185 I OMXMaster: makeComponentInstance(OMX.google.vorbis.decoder) in omx@1.0-service process
05-05 18:23:29.496  1945  1945 D NotificationEntryMgr: heads up is enabled
05-05 18:23:29.496  1945  2066 I OMXClient: IOmx service obtained
05-05 18:23:29.496   984   984 I OMXMaster: makeComponentInstance(OMX.google.vorbis.decoder) in omx@1.0-service process
05-05 18:23:29.496   745   745 W AshmemAllocator: ashmem_create_region(32768) returning hidl_memory(0x7cb602c100, 32768)
05-05 18:23:29.515   745   745 I chatty  : uid=1000(system) allocator@1.0-s identical 92 lines
05-05 18:23:29.515   745   745 W AshmemAllocator: ashmem_create_region(32768) returning hidl_memory(0x7cb602c100, 32768)
05-05 18:23:29.517  1464  1494 W KeyguardServiceDelegate: onScreenTurningOn(): no keyguard service!
05-05 18:23:29.518  1464  1464 W NotificationListeners: Not binding notification listener service ComponentInfo{com.google.android.apps.restore/com.google.android.apps.pixelmigrate.component.NotificationConsolidatorService}: service not found
05-05 18:23:29.518  1464  1464 V NotificationListeners: enabling notification listener for 0: ComponentInfo{com.android.launcher3/com.android.launcher3.notification.NotificationListener}
05-05 18:23:29.518  1464  1464 V NotificationListeners: binding: Intent { act=android.service.notification.NotificationListenerService cmp=com.android.launcher3/.notification.NotificationListener (has extras) }
05-05 18:23:29.518  1464  1464 W ActivityManager: Unable to start service Intent { act=android.service.notification.NotificationListenerService cmp=com.android.launcher3/.notification.NotificationListener } U=0: not found
05-05 18:23:29.518  1464  1464 W NotificationListeners: Unable to bind notification listener service: Intent { act=android.service.notification.NotificationListenerService cmp=com.android.launcher3/.notification.NotificationListener (has extras) }
05-05 18:23:29.518  1464  1464 V NotificationListeners: enabling notification listener for 0: ComponentInfo{com.google.android.setupwizard/com.google.android.setupwizard.predeferred.NotificationConsolidatorService}
05-05 18:23:29.518  1464  1464 V NotificationListeners: binding: Intent { act=android.service.notification.NotificationListenerService cmp=com.google.android.setupwizard/.predeferred.NotificationConsolidatorService (has extras) }
05-05 18:23:29.518  1464  1464 W ActivityManager: Unable to start service Intent { act=android.service.notification.NotificationListenerService cmp=com.google.android.setupwizard/.predeferred.NotificationConsolidatorService } U=0: not found
05-05 18:23:29.518  1464  1464 W NotificationListeners: Unable to bind notification listener service: Intent { act=android.service.notification.NotificationListenerService cmp=com.google.android.setupwizard/.predeferred.NotificationConsolidatorService (has extras) }
05-05 18:23:29.518  1464  1464 W NotificationAssistants: Not binding notification assistant service ComponentInfo{android.ext.services/android.ext.services.notification.Assistant}: service not found
05-05 18:23:29.520   747  1482 I chatty  : uid=1041(audioserver) HwBinder:747_3 expire 1 line
05-05 18:23:29.531  1464  1464 D ConditionProviders.SCP: onSubscribe condition://android/schedule?days=1.2.3.4.5.6.7&start=22.0&end=7.0&exitAtAlarm=true
05-05 18:23:29.532  1464  1464 D ConditionProviders.SCP: setRegistered true
05-05 18:23:29.532  1464  1500 D UsbDeviceManager: push notification:Gert wird ber USB aufgeladen
05-05 18:23:29.533  1464  1464 D ConditionProviders.SCP: evaluateSubscriptionLocked cal=ScheduleCalendar[mDays={1, 2, 3, 4, 5, 6, 7}, mSchedule=ScheduleInfo{days=[1, 2, 3, 4, 5, 6, 7], startHour=22, startMinute=0, endHour=7, endMinute=0, exitAtAlarm=true, nextAlarm=Thu Jan 01 01:00:00 GMT+01:00 1970 (0)}], now=Sun May 05 18:23:29 GMT+02:00 2019 (1557073409532), nextUserAlarmTime=Thu Jan 01 01:00:00 GMT+01:00 1970 (0)
05-05 18:23:29.533  1464  1464 D ConditionProviders.SCP: notifyCondition condition://android/schedule?days=1.2.3.4.5.6.7&start=22.0&end=7.0&exitAtAlarm=true STATE_FALSE reason=!meetsSchedule
05-05 18:23:29.534  1945  1945 D BluetoothHidDevice: Bound to HID Device Service
05-05 18:23:29.534  1945  1945 D LocalBluetoothProfileManager: Adding local MAP profile
05-05 18:23:29.535  1945  1945 D BluetoothMap: Create BluetoothMap proxy object
05-05 18:23:29.535  1464  1464 D ConditionProviders.SCP: Scheduling evaluate for Sun May 05 22:00:00 GMT+02:00 2019 (1557086400000), in +3h36m30s468ms, now=Sun May 05 18:23:29 GMT+02:00 2019 (1557073409532)
05-05 18:23:29.536  1464  1885 I SyncManager: Got SyncJobService instance.
05-05 18:23:29.537  1464  2269 I chatty  : uid=1000 system_server expire 1 line
05-05 18:23:29.537   984  2094 I OMXMaster: makeComponentInstance(OMX.google.vorbis.decoder) in omx@1.0-service process
05-05 18:23:29.537  1945  1945 D LocalBluetoothProfileManager: Adding local PBAP profile
05-05 18:23:29.538  1945  1945 D LocalBluetoothProfileManager: LocalBluetoothProfileManager construction complete
05-05 18:23:29.539   745   745 W AshmemAllocator: ashmem_create_region(32768) returning hidl_memory(0x7cb602c100, 32768)
05-05 18:23:29.539  1464  1871 E ActivityThread: Failed to find provider info for com.android.calendar
05-05 18:23:29.540  1464  1871 E ActivityThread: Failed to find provider info for com.android.calendar
05-05 18:23:29.541   745   745 W AshmemAllocator: ashmem_create_region(32768) returning hidl_memory(0x7cb602c100, 32768)
05-05 18:23:29.542  1945  2275 I OMXClient: IOmx service obtained
05-05 18:23:29.542   767   767 I android.hardware.wifi@1.0-service: Wifi HAL started
05-05 18:23:29.542   984  2094 I OMXMaster: makeComponentInstance(OMX.google.vorbis.decoder) in omx@1.0-service process
05-05 18:23:29.543  1464  1863 I chatty  : uid=1000(system) WifiP2pService expire 4 lines
05-05 18:23:29.544  1945  1945 I android_os_HwBinder: HwBinder: Starting thread pool for default::android.hardware.configstore@1.1::ISurfaceFlingerConfigs
05-05 18:23:29.545  1945  2081 I CameraManagerGlobal: Connecting to camera service
05-05 18:23:29.546   745   745 W AshmemAllocator: ashmem_create_region(32768) returning hidl_memory(0x7cb602c100, 32768)
05-05 18:23:29.546   745   745 W AshmemAllocator: ashmem_create_region(32768) returning hidl_memory(0x7cb602c100, 32768)
05-05 18:23:29.547   745   745 W AshmemAllocator: ashmem_create_region(32768) returning hidl_memory(0x7cb602c100, 32768)
05-05 18:23:29.549  1464  1464 I Telecom : WiredHeadsetManager: ACTION_HEADSET_PLUG event, plugged in: false, : WHC.oADA@AAE
05-05 18:23:29.550   745   745 W AshmemAllocator: ashmem_create_region(32768) returning hidl_memory(0x7cb602c100, 32768)
05-05 18:23:29.552   745   745 W AshmemAllocator: ashmem_create_region(32768) returning hidl_memory(0x7cb602c100, 32768)
05-05 18:23:29.552   745   745 W AshmemAllocator: ashmem_create_region(32768) returning hidl_memory(0x7cb602c100, 32768)
05-05 18:23:29.552  1464  1464 D AutofillManagerService: Autofill restriction did not change for user 0
05-05 18:23:29.554  1464  1464 W Looper  : Drained
05-05 18:23:29.556   745   745 W AshmemAllocator: ashmem_create_region(32768) returning hidl_memory(0x7cb602c100, 32768)
05-05 18:23:29.557   745   745 W AshmemAllocator: ashmem_create_region(32768) returning hidl_memory(0x7cb602c100, 32768)
05-05 18:23:29.559  1945  1945 V WifiManager: registerSoftApCallback: callback=com.android.systemui.statusbar.policy.HotspotControllerImpl@8d9fb15, handler=Handler (android.os.Handler) {68e7e2a}
05-05 18:23:29.559  1945  2268 V WifiManager: SoftApCallbackProxy: onStateChanged: state=11, failureReason=0
05-05 18:23:29.560  1945  2268 V WifiManager: SoftApCallbackProxy: onNumClientsChanged: numClients=0
05-05 18:23:29.561  1464  1868 I chatty  : uid=1000(system) notification-sq expire 1 line
05-05 18:23:29.566  1945  2091 D OpenGLRenderer: profile bars disabled
05-05 18:23:29.566  1945  2091 D OpenGLRenderer: ambientRatio = 1.50
05-05 18:23:29.573  1464  2284 I chatty  : uid=1000 system_server expire 1 line
05-05 18:23:29.573   984  2261 I OMXMaster: makeComponentInstance(OMX.google.vorbis.decoder) in omx@1.0-service process
05-05 18:23:29.575  1945  1945 D StatusBar: disable<e i a s b h r c s > disable2<q i n >
05-05 18:23:29.576   745   745 W AshmemAllocator: ashmem_create_region(32768) returning hidl_memory(0x7cb602c100, 32768)
05-05 18:23:29.578   745   745 W AshmemAllocator: ashmem_create_region(32768) returning hidl_memory(0x7cb602c100, 32768)
05-05 18:23:29.578  1945  2288 I OMXClient: IOmx service obtained
05-05 18:23:29.578   745   745 W AshmemAllocator: ashmem_create_region(32768) returning hidl_memory(0x7cb602c100, 32768)
05-05 18:23:29.578   745   745 W AshmemAllocator: ashmem_create_region(32768) returning hidl_memory(0x7cb602c100, 32768)
05-05 18:23:29.579   984  2261 I OMXMaster: makeComponentInstance(OMX.google.vorbis.decoder) in omx@1.0-service process
05-05 18:23:29.583   745   745 W AshmemAllocator: ashmem_create_region(32768) returning hidl_memory(0x7cb602c100, 32768)
05-05 18:23:29.585   745   745 W AshmemAllocator: ashmem_create_region(32768) returning hidl_memory(0x7cb602c100, 32768)
05-05 18:23:29.585  1945  1945 V WifiManager: registerSoftApCallback: callback=com.android.systemui.statusbar.policy.HotspotControllerImpl@8d9fb15, handler=Handler (android.os.Handler) {68e7e2a}
05-05 18:23:29.586   745   745 W AshmemAllocator: ashmem_create_region(32768) returning hidl_memory(0x7cb602c100, 32768)
05-05 18:23:29.587   745   745 W AshmemAllocator: ashmem_create_region(32768) returning hidl_memory(0x7cb602c100, 32768)
05-05 18:23:29.588  1945  2285 V WifiManager: SoftApCallbackProxy: onStateChanged: state=11, failureReason=0
05-05 18:23:29.588  1945  2285 V WifiManager: SoftApCallbackProxy: onNumClientsChanged: numClients=0
05-05 18:23:29.589  2154  2154 W SystemConfig: No directory /product/etc/sysconfig, skipping
05-05 18:23:29.589  2154  2154 W SystemConfig: No directory /product/etc/permissions, skipping
05-05 18:23:29.591  2154  2154 D ImsExternalCallTracker: Registering: Handler (com.android.internal.telephony.imsphone.ImsPhone) {f18a1b0}
05-05 18:23:29.591  1945  2293 I SecurityController: could not bind to KeyChainService
05-05 18:23:29.592   745   745 W AshmemAllocator: ashmem_create_region(32768) returning hidl_memory(0x7cb602c100, 32768)
05-05 18:23:29.592   745   745 W AshmemAllocator: ashmem_create_region(32768) returning hidl_memory(0x7cb602c100, 32768)
05-05 18:23:29.593   748  2230 D vendor.qti.bluetooth@1.0-uart_transport: userial clock off
05-05 18:23:29.593   748  2230 I vendor.qti.bluetooth@1.0-uart_transport: DeInitTransport: Transport is being closed!
05-05 18:23:29.593   748  2230 I vendor.qti.bluetooth@1.0-uart_transport: InitTransport: opening /dev/ttyHS0
05-05 18:23:29.593   748  2230 D vendor.qti.bluetooth@1.0-uart_transport: userial clock on
05-05 18:23:29.593   748  2230 I vendor.qti.bluetooth@1.0-uart_transport: InitTransport: HW flow control enabled
05-05 18:23:29.593   748  2230 I vendor.qti.bluetooth@1.0-uart_transport: GetBaudRate: Current Baudrate = 115200 bps
05-05 18:23:29.593   748  2230 I vendor.qti.bluetooth@1.0-uart_transport: InitTransport: device fd = 8 open @115200 bps
05-05 18:23:29.593   748  2230 D vendor.qti.bluetooth@1.0-uart_transport: userial clock off
05-05 18:23:29.593   745   745 W AshmemAllocator: ashmem_create_region(32768) returning hidl_memory(0x7cb602c100, 32768)
05-05 18:23:29.593   745   745 W AshmemAllocator: ashmem_create_region(32768) returning hidl_memory(0x7cb602c100, 32768)
05-05 18:23:29.596  2154  2154 D PhoneSwitcherNetworkRequstListener: Registering NetworkFactory
05-05 18:23:29.596  1464  1864 D ConnectivityService: Got NetworkFactory Messenger for PhoneSwitcherNetworkRequstListener
05-05 18:23:29.602  1464  1864 D ConnectivityService: Got NetworkFactory Messenger for TelephonyNetworkFactory[0]
05-05 18:23:29.602  1945  1945 D SystemUIBootTiming: StartServicescom.android.systemui.SystemBars took to complete: 314ms
05-05 18:23:29.604  1945  1945 D StorageNotification: Notifying about private volume: VolumeInfo{private}:
05-05 18:23:29.604  1945  1945 D StorageNotification:     type=PRIVATE diskId=null partGuid=null mountFlags=0 mountUserId=-1 
05-05 18:23:29.604  1945  1945 D StorageNotification:     state=MOUNTED 
05-05 18:23:29.604  1945  1945 D StorageNotification:     fsType=null fsUuid=null fsLabel=null 
05-05 18:23:29.604  1945  1945 D StorageNotification:     path=/data internalPath=null 
05-05 18:23:29.605  1945  1945 D SystemUIBootTiming: StartServicescom.android.systemui.usb.StorageNotification took to complete: 3ms
05-05 18:23:29.608  1945  1945 D SystemUIBootTiming: StartServicescom.android.systemui.power.PowerUI took to complete: 3ms
05-05 18:23:29.608  2154  2297 E ActivityThread: Failed to find provider info for com.android.contacts
05-05 18:23:29.608  2154  2297 W CallerInfoCache: cursor is null
05-05 18:23:29.608  2154  2154 D CarrierConfigLoader: CarrierConfigLoader has started
05-05 18:23:29.609  1945  1945 D SystemUIBootTiming: StartServicescom.android.systemui.media.RingtonePlayer took to complete: 0ms
05-05 18:23:29.609  1945  1945 D SystemUIBootTiming: StartServicescom.android.systemui.keyboard.KeyboardUI took to complete: 1ms
05-05 18:23:29.611  1945  2295 E ActivityThread: Failed to find provider info for com.android.contacts
05-05 18:23:29.612  1464  2301 I chatty  : uid=1000 system_server expire 1 line
05-05 18:23:29.612   984  2261 I OMXMaster: makeComponentInstance(OMX.google.vorbis.decoder) in omx@1.0-service process
05-05 18:23:29.614   745   745 W AshmemAllocator: ashmem_create_region(32768) returning hidl_memory(0x7cb602c100, 32768)
05-05 18:23:29.615   745   745 W AshmemAllocator: ashmem_create_region(32768) returning hidl_memory(0x7cb602c100, 32768)
05-05 18:23:29.615   862  1458 I chatty  : uid=1041(audioserver) Binder:862_1 expire 2 lines
05-05 18:23:29.616   747  1833 I chatty  : uid=1041(audioserver) HwBinder:747_4 expire 28 lines
05-05 18:23:29.616   745   745 W AshmemAllocator: ashmem_create_region(32768) returning hidl_memory(0x7cb602c100, 32768)
05-05 18:23:29.617   745   745 W AshmemAllocator: ashmem_create_region(32768) returning hidl_memory(0x7cb602c100, 32768)
05-05 18:23:29.618  2154  2154 W ImsPhoneCallTracker: ImsManager is null when setting TTY mode
05-05 18:23:29.618  2154  2154 I TelecomFramework: TtyManager: updateUiTtyMode -1 -> 0
05-05 18:23:29.621  1945  1945 D SystemUIBootTiming: StartServicescom.android.systemui.pip.PipUI took to complete: 12ms
05-05 18:23:29.622  2305  2305 I Zygote  : seccomp disabled by setenforce 0
05-05 18:23:29.622  2154  2154 D ImsResolver: maybeAddedImsService, packageName: null
05-05 18:23:29.622  1945  1945 D SystemUIBootTiming: StartServicescom.android.systemui.shortcut.ShortcutKeyDispatcher took to complete: 1ms
05-05 18:23:29.622  1945  1945 D SystemUIBootTiming: StartServicescom.android.systemui.VendorServices took to complete: 0ms
05-05 18:23:29.622   745   745 W AshmemAllocator: ashmem_create_region(32768) returning hidl_memory(0x7cb602c100, 32768)
05-05 18:23:29.623  1464  1496 I ActivityManager: Start proc 2305:org.lineageos.settings.device.dac/1000 for service org.lineageos.settings.device.dac/.QuadDACTileService
05-05 18:23:29.623  1945  1945 V GarbageMonitor: Now tracking processes: 1945 
05-05 18:23:29.623   745   745 W AshmemAllocator: ashmem_create_region(32768) returning hidl_memory(0x7cb602c100, 32768)
05-05 18:23:29.623  1945  1945 D SystemUIBootTiming: StartServicescom.android.systemui.util.leak.GarbageMonitor$Service took to complete: 1ms
05-05 18:23:29.623   745   745 W AshmemAllocator: ashmem_create_region(32768) returning hidl_memory(0x7cb602c100, 32768)
05-05 18:23:29.623  1945  1945 D SystemUIBootTiming: StartServicescom.android.systemui.LatencyTester took to complete: 0ms
05-05 18:23:29.624  2154  2154 I android_os_HwBinder: HwBinder: Starting thread pool for default::android.hardware.radio.config@1.0::IRadioConfig
05-05 18:23:29.624  1945  1945 D SystemUIBootTiming: StartServicescom.android.systemui.globalactions.GlobalActionsComponent took to complete: 1ms
05-05 18:23:29.625  1173  1173 I adbd    : Calling send_auth_request...
05-05 18:23:29.626   749   749 I CamX    : [ I][CSL    ] camxcslhwinternal.cpp:1660 CSLHwAddKMDDeviceToInstance() CSL Device name =/dev/v4l-subdev8
05-05 18:23:29.627  1945  1945 D SystemUIBootTiming: StartServicescom.android.systemui.ScreenDecorations took to complete: 3ms
05-05 18:23:29.629  1173  1173 I adbd    : Loading keys from /data/misc/adb/adb_keys
05-05 18:23:29.629   749   749 E CamX    : [ E][HWL    ] camxhwenvironment.cpp:601 ProbeImageSensorModules() __DEBUG buf = RCam:imx351_lgit
05-05 18:23:29.629  1173  1173 I adbd    : adb client authorized
05-05 18:23:29.643  1945  1945 D SystemUIBootTiming: StartServicescom.android.systemui.fingerprint.FingerprintDialogImpl took to complete: 16ms
05-05 18:23:29.644  1945  1945 D SystemUIBootTiming: StartServicescom.android.systemui.SliceBroadcastRelayHandler took to complete: 1ms
05-05 18:23:29.644  1945  1945 D SystemUIBootTiming: StartServices took to complete: 498ms
05-05 18:23:29.645  1464  2321 I chatty  : uid=1000 system_server expire 1 line
05-05 18:23:29.646   984  2094 I OMXMaster: makeComponentInstance(OMX.google.vorbis.decoder) in omx@1.0-service process
05-05 18:23:29.647   606   606 W hwservicemanager: getTransport: Cannot find entry vendor.lineage.trust@1.0::IUsbRestrict/default in either framework or device manifest.
05-05 18:23:29.654   745   745 W AshmemAllocator: ashmem_create_region(32768) returning hidl_memory(0x7cb602c100, 32768)
05-05 18:23:29.657   745   745 W AshmemAllocator: ashmem_create_region(32768) returning hidl_memory(0x7cb602c100, 32768)
05-05 18:23:29.661  2279  2279 D wpa_supplicant: wpa_supplicant v2.7-devel-9
05-05 18:23:29.663  2279  2279 D wpa_supplicant: Global control interface '@android:vendor_wpa_wlan0'
05-05 18:23:29.663  2279  2279 D wpa_supplicant: Using Android control socket 'vendor_wpa_wlan0'
05-05 18:23:29.664  2279  2279 D wpa_supplicant: Initing hidl control
05-05 18:23:29.664  2279  2279 I wpa_supplicant: Processing hidl events on FD 4
05-05 18:23:29.666  2279  2279 I wpa_supplicant: Successfully initialized wpa_supplicant
05-05 18:23:29.668  1464  2159 I chatty  : uid=1000(system) HwBinder:1464_3 expire 2 lines
05-05 18:23:29.671   745   745 W AshmemAllocator: ashmem_create_region(32768) returning hidl_memory(0x7cb602c100, 32768)
05-05 18:23:29.671   745   745 W AshmemAllocator: ashmem_create_region(32768) returning hidl_memory(0x7cb602c100, 32768)
05-05 18:23:29.674  1945  2091 I Adreno  : QUALCOMM build                   : 6d3e40b, I034491c44e
05-05 18:23:29.674  1945  2091 I Adreno  : Build Date                       : 10/28/18
05-05 18:23:29.674  1945  2091 I Adreno  : OpenGL ES Shader Compiler Version: EV031.25.03.01
05-05 18:23:29.674  1945  2091 I Adreno  : Local Branch                     : 
05-05 18:23:29.674  1945  2091 I Adreno  : Remote Branch                    : 
05-05 18:23:29.674  1945  2091 I Adreno  : Remote Branch                    : 
05-05 18:23:29.674  1945  2091 I Adreno  : Reconstruct Branch               : 
05-05 18:23:29.674  1945  2091 I Adreno  : Build Config                     : S P 6.0.7 AArch64
05-05 18:23:29.676  1945  2091 I Adreno  : PFP: 0x016ee176, ME: 0x00000000
05-05 18:23:29.678  2154  2154 I ImsExternalCallTracker: handleVideoCapabilitiesChanged : isVideoCapable = false
05-05 18:23:29.678  2154  2154 D ImsExternalCallTracker: refreshCallPullState
05-05 18:23:29.678  1945  2091 I ConfigStore: android::hardware::configstore::V1_0::ISurfaceFlingerConfigs::hasWideColorDisplay retrieved: 0
05-05 18:23:29.678  1945  2091 I ConfigStore: android::hardware::configstore::V1_0::ISurfaceFlingerConfigs::hasHDRDisplay retrieved: 0
05-05 18:23:29.679  1945  2091 I OpenGLRenderer: Initialized EGL, version 1.4
05-05 18:23:29.679  1945  2091 D OpenGLRenderer: Swap behavior 2
05-05 18:23:29.680  1945  1945 D ViewRootImpl[StatusBar]: changeCanvasOpacity: opaque=true
05-05 18:23:29.682  2154  2154 D PhoneSwitcherNetworkRequstListener: got request NetworkRequest [ BACKGROUND_REQUEST id=2, [ Transports: CELLULAR Capabilities: INTERNET&NOT_RESTRICTED&TRUSTED&NOT_VPN Unwanted: ] ] with score 0
05-05 18:23:29.682  2154  2154 D PhoneSwitcherNetworkRequstListener: got request NetworkRequest [ TRACK_DEFAULT id=8, [ Capabilities: INTERNET&NOT_RESTRICTED&TRUSTED Unwanted:  Uid: 10025] ] with score 0
05-05 18:23:29.682  2154  2154 D PhoneSwitcherNetworkRequstListener: got request NetworkRequest [ REQUEST id=1, [ Capabilities: INTERNET&NOT_RESTRICTED&TRUSTED&NOT_VPN Unwanted: ] ] with score 0
05-05 18:23:29.682  2154  2154 D PhoneSwitcherNetworkRequstListener: got request NetworkRequest [ TRACK_DEFAULT id=6, [ Capabilities: INTERNET&NOT_RESTRICTED&TRUSTED Unwanted:  Uid: 1000] ] with score 0
05-05 18:23:29.682  2154  2154 D TelephonyDebugService: TelephonyDebugService()
05-05 18:23:29.683  2154  2154 D CarrierConfigLoader: mHandler: 12 phoneId: 0
05-05 18:23:29.693   748  2230 D vendor.qti.bluetooth@1.0-patch_dl_manager: PatchDLManager
05-05 18:23:29.693   748  2230 D vendor.qti.bluetooth@1.0-ibs_handler: IbsHandler
05-05 18:23:29.693   748  2230 D vendor.qti.bluetooth@1.0-ibs_handler: InitInt: tty_fd = 8
05-05 18:23:29.693   748  2230 I vendor.qti.bluetooth@1.0-patch_dl_manager:  SocInit 
05-05 18:23:29.693   748  2230 I vendor.qti.bluetooth@1.0-patch_dl_manager: SocInit: reserved param
05-05 18:23:29.693   748  2230 I vendor.qti.bluetooth@1.0-uart_transport: ## userial_vendor_ioctl: UART Flow On 
05-05 18:23:29.696  2154  2154 D ServiceStateProvider: subId=-2
05-05 18:23:29.698   748  2230 I vendor.qti.bluetooth@1.0-patch_dl_manager: 	 Current Product ID		: 0x0000000a
05-05 18:23:29.698   748  2230 I vendor.qti.bluetooth@1.0-patch_dl_manager: 	 Current Patch Version		: 0x0001
05-05 18:23:29.698   748  2230 I vendor.qti.bluetooth@1.0-patch_dl_manager: 	 Current ROM Build Version	: 0x0201
05-05 18:23:29.698   748  2230 I vendor.qti.bluetooth@1.0-patch_dl_manager: 	 Current SOC Version		: 0x40010214
05-05 18:23:29.698   748  2230 E vendor.qti.bluetooth@1.0-power_manager: 
05-05 18:23:29.698   748  2230 E vendor.qti.bluetooth@1.0-power_manager: bt soc version  (1073807892)
05-05 18:23:29.698   748  2230 E vendor.qti.bluetooth@1.0-power_manager:  ioctl  to send soc version failed :-1 error =(Invalid argument)
05-05 18:23:29.698   748  2230 E vendor.qti.bluetooth@1.0-patch_dl_manager: SOC version ioctl failed
05-05 18:23:29.698   748  2230 E vendor.qti.bluetooth@1.0-patch_dl_manager: PatchVerReq: rsp[CMD_RSP_OFFSET] = 0 ,  rsp[RSP_TYPE_OFFSET] = 2
05-05 18:23:29.698   748  2230 D vendor.qti.bluetooth@1.0-patch_dl_manager: ReadHciEvent: Expected CC
05-05 18:23:29.698   748  2230 I vendor.qti.bluetooth@1.0-patch_dl_manager: SocInit: Chipset Version (0x40a12224)
05-05 18:23:29.699   748  2230 I vendor.qti.bluetooth@1.0-uart_transport: ## userial_vendor_ioctl: UART Flow Off 
05-05 18:23:29.702  2154  2154 E PhoneInterfaceManager: [PhoneIntfMgr] getIccId: No UICC
05-05 18:23:29.705  2154  2154 D OpenGLRenderer: Skia GL Pipeline
05-05 18:23:29.706  1945  2186 E ActivityThread: Failed to find provider info for com.android.contacts
05-05 18:23:29.707  1464  2339 I chatty  : uid=1000 system_server expire 1 line
05-05 18:23:29.707  1464  1834 I Telecom : PhoneAccountRegistrar: New phone account registered: [[ ] PhoneAccount: ComponentInfo{com.android.phone/com.android.services.telephony.TelephonyConnectionService}, ***, UserHandle{0} Capabilities: CallProvider MultiUser PlaceEmerg SimSub  Audio Routes: BESW Schemes: tel voicemail  Extras: Bundle[mParcelledData.dataSize=124] GroupId: ***]: TSI.rPA@AAY
05-05 18:23:29.707   984  2261 I OMXMaster: makeComponentInstance(OMX.google.vorbis.decoder) in omx@1.0-service process
05-05 18:23:29.710   745   745 W AshmemAllocator: ashmem_create_region(32768) returning hidl_memory(0x7cb602c100, 32768)
05-05 18:23:29.712  1945  2139 E ActivityThread: Failed to find provider info for com.android.contacts
05-05 18:23:29.712  1464  1834 I Telecom : CallsManager: Sending phone-account ComponentInfo{com.android.phone/com.android.services.telephony.TelephonyConnectionService}, ***, UserHandle{0} registered intent as user: TSI.rPA@AAY
05-05 18:23:29.712  1464  1834 I Telecom : CallsManager: Sending phone-account registered intent to default dialer: TSI.rPA@AAY
05-05 18:23:29.713   745   745 W AshmemAllocator: ashmem_create_region(32768) returning hidl_memory(0x7cb602c100, 32768)
05-05 18:23:29.713  2154  2154 I TelecomFramework: AccountEntry: Registered phoneAccount: [[ ] PhoneAccount: ComponentInfo{com.android.phone/com.android.services.telephony.TelephonyConnectionService}, ***, UserHandle{0} Capabilities: CallProvider MultiUser PlaceEmerg SimSub  Audio Routes: BESW Schemes: tel voicemail  Extras: Bundle[{android.telecom.extra.SUPPORTS_VIDEO_CALLING_FALLBACK=true}] GroupId: ***] with handle: ComponentInfo{com.android.phone/com.android.services.telephony.TelephonyConnectionService}, ***, UserHandle{0}
05-05 18:23:29.714  2154  2154 I TelecomFramework: PstnIncomingCallNotifier: Registering: Handler (com.android.internal.telephony.GsmCdmaPhone) {af43361}
05-05 18:23:29.716  2154  2154 I TelecomFramework: TelecomAccountRegistry: Unregistering phone account ComponentInfo{com.android.phone/com.android.services.telephony.TelephonyConnectionService}, ***, UserHandle{0}.
05-05 18:23:29.718  1464  2329 I Telecom : CallsManager: Sending phone-account ComponentInfo{com.android.phone/com.android.services.telephony.TelephonyConnectionService}, ***, UserHandle{0} unregistered intent as user: TSI.uPA@AAg
05-05 18:23:29.718  1464  2329 I Telecom : CallsManager: Sending phone-account unregistered intent to default dialer: TSI.uPA@AAg
05-05 18:23:29.719   748  2230 I vendor.qti.bluetooth@1.0-uart_transport: ## userial_vendor_set_baud: 17
05-05 18:23:29.719   748  2230 I vendor.qti.bluetooth@1.0-uart_transport: SetBaudRate: in BOTHER
05-05 18:23:29.719   748  2230 I vendor.qti.bluetooth@1.0-uart_transport: GetBaudRate: Current Baudrate = 3200000 bps
05-05 18:23:29.719   748  2230 I vendor.qti.bluetooth@1.0-uart_transport: ## userial_vendor_ioctl: UART Flow On 
05-05 18:23:29.719   748  2230 D vendor.qti.bluetooth@1.0-patch_dl_manager: ReadHciEvent: Expected CC
05-05 18:23:29.719   748  2230 I vendor.qti.bluetooth@1.0-patch_dl_manager: SocInit: Baud rate changed successfully 
05-05 18:23:29.719   748  2230 E vendor.qti.bluetooth@1.0-patch_dl_manager: /bt_firmware/image/crbtfw21.tlv File Open Fail
05-05 18:23:29.719   748  2230 I vendor.qti.bluetooth@1.0-patch_dl_manager: File open /vendor/firmware/crbtfw21.tlv succeded
05-05 18:23:29.720  2154  2154 I ImsExternalCallTracker: handleVideoCapabilitiesChanged : isVideoCapable = false
05-05 18:23:29.720  2154  2154 D ImsExternalCallTracker: refreshCallPullState
05-05 18:23:29.720  2154  2154 I TelecomFramework: PstnPhoneCapabilitiesNotifier: handleVideoCapabilitesChanged. Video capability - false
05-05 18:23:29.720  2154  2154 E PhoneInterfaceManager: [PhoneIntfMgr] getIccId: No UICC
05-05 18:23:29.721   748  2230 I vendor.qti.bluetooth@1.0-patch_dl_manager: ====================================================
05-05 18:23:29.721   748  2230 I vendor.qti.bluetooth@1.0-patch_dl_manager: TLV Type			 : 0x1
05-05 18:23:29.721   748  2230 I vendor.qti.bluetooth@1.0-patch_dl_manager: Length			 : 224400 bytes
05-05 18:23:29.721   748  2230 I vendor.qti.bluetooth@1.0-patch_dl_manager: Total Length			 : 224144 bytes
05-05 18:23:29.721   748  2230 I vendor.qti.bluetooth@1.0-patch_dl_manager: Patch Data Length			 : 224120 bytes
05-05 18:23:29.721   748  2230 I vendor.qti.bluetooth@1.0-patch_dl_manager: Signing Format Version	 : 0x1
05-05 18:23:29.721   748  2230 I vendor.qti.bluetooth@1.0-patch_dl_manager: Signature Algorithm		 : 0x2
05-05 18:23:29.721   748  2230 I vendor.qti.bluetooth@1.0-patch_dl_manager: Event Handling			 : 0x3
05-05 18:23:29.721   748  2230 I vendor.qti.bluetooth@1.0-patch_dl_manager: Reserved			 : 0x0
05-05 18:23:29.721   748  2230 I vendor.qti.bluetooth@1.0-patch_dl_manager: Product ID			 : 0x000a
05-05 18:23:29.721   748  2230 I vendor.qti.bluetooth@1.0-patch_dl_manager: Rom Build Version		 : 0x0201
05-05 18:23:29.721   748  2230 I vendor.qti.bluetooth@1.0-patch_dl_manager: Patch Version		 : 0x0002
05-05 18:23:29.721   748  2230 I vendor.qti.bluetooth@1.0-patch_dl_manager: Reserved			 : 0x8000
05-05 18:23:29.721   748  2230 I vendor.qti.bluetooth@1.0-patch_dl_manager: Patch Entry Address		 : 0x209e4
05-05 18:23:29.721   748  2230 I vendor.qti.bluetooth@1.0-patch_dl_manager: ====================================================
05-05 18:23:29.721   748  2230 I vendor.qti.bluetooth@1.0-patch_dl_manager: TlvDnldReq: TLV size: 224404, Total Seg num: 923, remain size: 115
05-05 18:23:29.721   748  2230 I vendor.qti.bluetooth@1.0-patch_dl_manager: Event handling type: SKIP_EVT_VSE_CC
05-05 18:23:29.721  1464  2329 I WifiService: WifiService trying to set country code to 
05-05 18:23:29.721  1464  2329 I chatty  : uid=1000(system) Binder:1464_7 expire 3 lines
05-05 18:23:29.722   745   745 W AshmemAllocator: ashmem_create_region(32768) returning hidl_memory(0x7cb602c100, 32768)
05-05 18:23:29.722   745   745 W AshmemAllocator: ashmem_create_region(32768) returning hidl_memory(0x7cb602c100, 32768)
05-05 18:23:29.724  1464  2049 I Telecom : PhoneAccountRegistrar: Modify account: [ComponentInfo{com.android.phone/com.android.services.telephony.TelephonyConnectionService}, ***, UserHandle{0}]: TSI.rPA@AAo
05-05 18:23:29.738  1945  1945 D StatusBar: disable<e i a s b H!R!c s > disable2<q i n >
05-05 18:23:29.741  1464  1858 D WifiService: New client listening to asynchronous messages
05-05 18:23:29.741  1945  1945 W AlarmManager: Unrecognized alarm listener com.android.systemui.keyguard.-$$Lambda$KeyguardSliceProvider$IhzByd8TsqFuOrSyuGurVskyPLo@e66abc0
05-05 18:23:29.743  1945  2295 E ActivityThread: Failed to find provider info for com.android.contacts
05-05 18:23:29.759  1034  1138 I LOWI-8.6.0.32: [LOWIController] isWifiEnabled: Wifi is now enabled
05-05 18:23:29.761   767   767 I WifiHAL : Initializing wifi
05-05 18:23:29.761  1945  1945 D ClockController: onTuningChanged key=icon_blacklist value=null
05-05 18:23:29.761   767   767 I CLD80211: /vendor/bin/hw/android.hardware.wifi@1.0-service: initialized exit socket pair
05-05 18:23:29.761   767   767 I CLD80211: /vendor/bin/hw/android.hardware.wifi@1.0-service: nlctrl family id: 16 group: host_logs mcast_id: 20
