05-05 18:23:30.685   748  2230 I vendor.qti.bluetooth@1.0-patch_dl_manager: TAG Extended Flag	 : 0
05-05 18:23:30.685   748  2230 I vendor.qti.bluetooth@1.0-patch_dl_manager: TAG Data			 : 1d 00 00 00 00 00 00 08 04 00 00 00 00 00 80 02 1f 00 00 00 00 00 18 08 68 00 00 00 00 00 10 0c 28 00 00 00 00 00 48 06 46 00 00 00 00 00 98 18 40 00 00 00 00 00 38 04 36 62 00 00 00 00 68 06 00 1f 22 8a 00 00 40 10 66 4d 66 06 00 00 44 10 26 3f 26 06 00 00 4c 10 00 00 22 00 00 00 54 10 08 10 18 20 00 00 6c 06 1a 00 00 00 00 00 50 10 0b 00 60 00 00 00 0c 02 00 01 00 00 00 00 9c 08 0a 00 00 00 00 00 2c 0c 0f 00 00 00 00 00 3c 19 d8 fc 0f 00 00 00 58 19 cf a0 00 00 00 00 e4 18 30 00 00 00 00 00 54 19 6f e1 01 00 00 00 28 08 48 00 00 00 00 00 20 04 1c 00 00 00 00 00 0c 04 ca 00 00 00 00 00 18 10 40 30 00 00 00 00 38 19 9c e3 0f 00 00 00 2c 19 c8 a0 0f 00 00 00 48 19 cf 6d 03 00 00 00 e8 18 01 00 00 00 
05-05 18:23:30.685   748  2230 I vendor.qti.bluetooth@1.0-patch_dl_manager: TAG ID			 : 42
05-05 18:23:30.685   748  2230 I vendor.qti.bluetooth@1.0-patch_dl_manager: TAG Length		 : 60
05-05 18:23:30.685   748  2230 I vendor.qti.bluetooth@1.0-patch_dl_manager: TAG Pointer		 : 0
05-05 18:23:30.685   748  2230 I vendor.qti.bluetooth@1.0-patch_dl_manager: TAG Extended Flag	 : 0
05-05 18:23:30.685   748  2230 I vendor.qti.bluetooth@1.0-patch_dl_manager: TAG Data			 : 1b 13 06 00 00 00 00 00 01 29 22 00 e8 3d 00 00 00 01 1f 01 42 01 69 01 95 01 c7 01 fe 01 3d 02 83 02 d1 02 29 03 00 0a 10 00 1f 00 3f 00 7f 00 fd 00 f9 01 f1 03 de 07 00 00 a2 01 
05-05 18:23:30.685   748  2230 I vendor.qti.bluetooth@1.0-patch_dl_manager: TAG ID			 : 43
05-05 18:23:30.685   748  2230 I vendor.qti.bluetooth@1.0-patch_dl_manager: TAG Length		 : 28
05-05 18:23:30.685   748  2230 I vendor.qti.bluetooth@1.0-patch_dl_manager: TAG Pointer		 : 0
05-05 18:23:30.685   748  2230 I vendor.qti.bluetooth@1.0-patch_dl_manager: TAG Extended Flag	 : 0
05-05 18:23:30.685   748  2230 I vendor.qti.bluetooth@1.0-patch_dl_manager: TAG Data			 : 03 00 00 00 00 00 28 19 47 ec 0f 00 00 00 44 19 7a 91 01 00 00 00 58 02 1e 00 00 00 
05-05 18:23:30.685   748  2230 I vendor.qti.bluetooth@1.0-patch_dl_manager: TAG ID			 : 45
05-05 18:23:30.685   748  2230 I vendor.qti.bluetooth@1.0-patch_dl_manager: TAG Length		 : 44
05-05 18:23:30.685   748  2230 I vendor.qti.bluetooth@1.0-patch_dl_manager: TAG Pointer		 : 0
05-05 18:23:30.685   748  2230 I vendor.qti.bluetooth@1.0-patch_dl_manager: TAG Extended Flag	 : 0
05-05 18:23:30.685   748  2230 I vendor.qti.bluetooth@1.0-patch_dl_manager: TAG Data			 : 05 00 00 00 00 00 8c 06 00 fd 06 0a 00 00 8c 06 00 fd 06 0a 00 00 08 06 00 e0 00 00 00 00 90 06 54 d5 00 00 00 00 90 06 54 d5 00 00 
05-05 18:23:30.685   748  2230 I vendor.qti.bluetooth@1.0-patch_dl_manager: TAG ID			 : 50
05-05 18:23:30.685   748  2230 I vendor.qti.bluetooth@1.0-patch_dl_manager: TAG Length		 : 222
05-05 18:23:30.685   748  2230 I vendor.qti.bluetooth@1.0-patch_dl_manager: TAG Pointer		 : 0
05-05 18:23:30.685   748  2230 I vendor.qti.bluetooth@1.0-patch_dl_manager: TAG Extended Flag	 : 0
05-05 18:23:30.685   748  2230 I vendor.qti.bluetooth@1.0-patch_dl_manager: TAG Data			 : 01 01 01 02 05 05 05 05 00 00 00 01 03 03 03 03 05 05 05 05 06 09 03 00 03 03 05 06 06 10 14 17 01 01 02 02 02 02 02 02 03 05 09 08 0b 17 0d 00 21 21 31 32 34 37 67 9c 01 01 01 11 51 51 51 71 63 64 65 6a a9 af 00 00 03 07 0a 0a 0a 0a 0c 0b 00 01 02 02 03 06 07 08 08 0a 0c 0b 0b 0d 00 00 02 02 02 02 03 05 09 18 0f 1f 00 00 03 03 03 03 03 03 03 03 03 03 03 00 02 02 02 02 04 05 06 07 09 0a 1a 00 02 02 02 02 02 02 02 02 02 02 02 00 00 01 01 02 02 02 03 03 09 0a 1b 00 02 05 06 07 06 08 08 08 0a 0a 00 00 03 06 07 08 08 0d 0f 0b 01 02 02 02 03 06 07 08 08 0a 0c 0b 0d 0d 0d 00 02 05 06 07 06 08 08 08 0a 0a 0a 00 02 05 06 07 06 08 08 08 0a 0a 0a 00 0b 1d 0d 00 a9 af 
05-05 18:23:30.685   748  2230 I vendor.qti.bluetooth@1.0-patch_dl_manager: TAG ID			 : 51
05-05 18:23:30.685   748  2230 I vendor.qti.bluetooth@1.0-patch_dl_manager: TAG Length		 : 60
05-05 18:23:30.685   748  2230 I vendor.qti.bluetooth@1.0-patch_dl_manager: TAG Pointer		 : 0
05-05 18:23:30.685   748  2230 I vendor.qti.bluetooth@1.0-patch_dl_manager: TAG Extended Flag	 : 0
05-05 18:23:30.685   748  2230 I vendor.qti.bluetooth@1.0-patch_dl_manager: TAG Data			 : 05 0a 02 02 05 0a 00 00 00 0c 00 00 00 0a 00 00 08 0c 00 00 05 08 00 00 60 c3 00 00 0f 27 02 00 60 03 00 00 0f 37 02 00 00 10 00 01 60 00 00 00 0b 0c 3e 00 02 04 03 00 17 17 0d 00 
05-05 18:23:30.685   748  2230 I vendor.qti.bluetooth@1.0-patch_dl_manager: TAG ID			 : 57
05-05 18:23:30.685   748  2230 I vendor.qti.bluetooth@1.0-patch_dl_manager: TAG Length		 : 44
05-05 18:23:30.685   748  2230 I vendor.qti.bluetooth@1.0-patch_dl_manager: TAG Pointer		 : 0
05-05 18:23:30.685   748  2230 I vendor.qti.bluetooth@1.0-patch_dl_manager: TAG Extended Flag	 : 0
05-05 18:23:30.685   748  2230 I vendor.qti.bluetooth@1.0-patch_dl_manager: TAG Data			 : 02 00 3c 00 14 00 00 00 00 00 00 00 00 00 00 00 0a 0a 02 4f 01 08 01 10 0f 05 01 01 00 01 01 01 b0 03 06 00 58 02 03 01 0a 05 10 b8 
05-05 18:23:30.685   748  2230 I vendor.qti.bluetooth@1.0-patch_dl_manager: TAG ID			 : 60
05-05 18:23:30.685   748  2230 I vendor.qti.bluetooth@1.0-patch_dl_manager: TAG Length		 : 132
05-05 18:23:30.685   748  2230 I vendor.qti.bluetooth@1.0-patch_dl_manager: TAG Pointer		 : 0
05-05 18:23:30.685   748  2230 I vendor.qti.bluetooth@1.0-patch_dl_manager: TAG Extended Flag	 : 0
05-05 18:23:30.685   748  2230 I vendor.qti.bluetooth@1.0-patch_dl_manager: TAG Data			 : 80 fa 02 32 c0 a3 00 1e c0 a3 00 0f c0 a3 00 12 d1 1c f9 00 bb 95 fb 00 81 fb 3a 00 f5 56 2f 00 7d 05 00 00 66 06 00 00 0e 00 00 00 c9 1a ef 00 ec a5 f4 00 d2 75 5b 00 3a 63 4b 00 c8 0a 00 00 33 03 00 00 09 00 00 00 c9 1a ef 00 ec a5 f4 00 d2 75 5b 00 3a 63 4b 00 c9 0a 00 00 99 05 00 00 09 00 00 00 d1 1c f9 00 bb 95 fb 00 81 fb 3a 00 f5 56 2f 00 7d 05 00 00 cd 02 00 00 07 00 00 00 00 40 29 29 
05-05 18:23:30.685   748  2230 I vendor.qti.bluetooth@1.0-patch_dl_manager: TAG ID			 : 62
05-05 18:23:30.685   748  2230 I vendor.qti.bluetooth@1.0-patch_dl_manager: TAG Length		 : 28
05-05 18:23:30.685   748  2230 I vendor.qti.bluetooth@1.0-patch_dl_manager: TAG Pointer		 : 0
05-05 18:23:30.685   748  2230 I vendor.qti.bluetooth@1.0-patch_dl_manager: TAG Extended Flag	 : 0
05-05 18:23:30.685   748  2230 I vendor.qti.bluetooth@1.0-patch_dl_manager: TAG Data			 : 00 3c 58 1f 0f 0f 12 ff 02 fa 02 01 ff ff 01 01 d0 07 00 b4 e8 03 07 05 03 03 05 00 
05-05 18:23:30.685   748  2230 I vendor.qti.bluetooth@1.0-patch_dl_manager: TAG ID			 : 64
05-05 18:23:30.685   748  2230 I vendor.qti.bluetooth@1.0-patch_dl_manager: TAG Length		 : 92
05-05 18:23:30.685   748  2230 I vendor.qti.bluetooth@1.0-patch_dl_manager: TAG Pointer		 : 0
05-05 18:23:30.685   748  2230 I vendor.qti.bluetooth@1.0-patch_dl_manager: TAG Extended Flag	 : 0
05-05 18:23:30.685   748  2230 I vendor.qti.bluetooth@1.0-patch_dl_manager: TAG Data			 : 00 04 08 0a 0c 0e 10 10 12 14 16 1e 20 22 24 28 2e 32 34 38 3a 3c 3e 40 42 44 7b 4a 4c 4e 50 5a 60 66 6e 70 72 74 76 78 7a e6 00 00 5e 6b 6b 6b 02 6d 00 00 00 00 00 00 00 00 00 00 00 00 00 ff 30 01 41 00 14 05 01 03 00 36 38 00 d0 07 d0 07 88 13 20 03 20 03 00 00 05 00 38 00 
05-05 18:23:30.685   748  2230 I vendor.qti.bluetooth@1.0-patch_dl_manager: TAG ID			 : 65
05-05 18:23:30.685   748  2230 I vendor.qti.bluetooth@1.0-patch_dl_manager: TAG Length		 : 28
05-05 18:23:30.685   748  2230 I vendor.qti.bluetooth@1.0-patch_dl_manager: TAG Pointer		 : 0
05-05 18:23:30.685   748  2230 I vendor.qti.bluetooth@1.0-patch_dl_manager: TAG Extended Flag	 : 0
05-05 18:23:30.685   748  2230 I vendor.qti.bluetooth@1.0-patch_dl_manager: TAG Data			 : c0 c6 2d 00 00 f0 49 02 00 ff 00 01 04 00 02 02 04 04 08 04 04 02 96 01 32 32 00 00 
05-05 18:23:30.685   748  2230 I vendor.qti.bluetooth@1.0-patch_dl_manager: TAG ID			 : 67
05-05 18:23:30.685   748  2230 I vendor.qti.bluetooth@1.0-patch_dl_manager: TAG Length		 : 12
05-05 18:23:30.685   748  2230 I vendor.qti.bluetooth@1.0-patch_dl_manager: TAG Pointer		 : 0
05-05 18:23:30.685   748  2230 I vendor.qti.bluetooth@1.0-patch_dl_manager: TAG Extended Flag	 : 0
05-05 18:23:30.685   748  2230 I vendor.qti.bluetooth@1.0-patch_dl_manager: TAG Data			 : 0a 03 04 05 02 00 00 00 00 00 00 00 
05-05 18:23:30.685   748  2230 I vendor.qti.bluetooth@1.0-patch_dl_manager: TAG ID			 : 71
05-05 18:23:30.685   748  2230 I vendor.qti.bluetooth@1.0-patch_dl_manager: TAG Length		 : 15
05-05 18:23:30.685   748  2230 I vendor.qti.bluetooth@1.0-patch_dl_manager: TAG Pointer		 : 0
05-05 18:23:30.685   748  2230 I vendor.qti.bluetooth@1.0-patch_dl_manager: TAG Extended Flag	 : 0
05-05 18:23:30.685   748  2230 I vendor.qti.bluetooth@1.0-patch_dl_manager: TAG Data			 : 04 04 0c 04 fb 00 00 01 00 01 08 08 10 04 01 
05-05 18:23:30.685   748  2230 I vendor.qti.bluetooth@1.0-patch_dl_manager: TAG ID			 : 78
05-05 18:23:30.685   748  2230 I vendor.qti.bluetooth@1.0-patch_dl_manager: TAG Length		 : 2
05-05 18:23:30.685   748  2230 I vendor.qti.bluetooth@1.0-patch_dl_manager: TAG Pointer		 : 0
05-05 18:23:30.685   748  2230 I vendor.qti.bluetooth@1.0-patch_dl_manager: TAG Extended Flag	 : 0
05-05 18:23:30.685   748  2230 I vendor.qti.bluetooth@1.0-patch_dl_manager: TAG Data			 : 09 09 
05-05 18:23:30.685   748  2230 I vendor.qti.bluetooth@1.0-patch_dl_manager: TAG ID			 : 79
05-05 18:23:30.685   748  2230 I vendor.qti.bluetooth@1.0-patch_dl_manager: TAG Length		 : 92
05-05 18:23:30.685   748  2230 I vendor.qti.bluetooth@1.0-patch_dl_manager: TAG Pointer		 : 0
05-05 18:23:30.685   748  2230 I vendor.qti.bluetooth@1.0-patch_dl_manager: TAG Extended Flag	 : 0
05-05 18:23:30.686   748  2230 I vendor.qti.bluetooth@1.0-patch_dl_manager: TAG Data			 : 0c 16 0c 3b 1c 3b 24 16 02 12 1a 1a 02 10 1c 3b 16 14 20 06 1e 3d 16 1c 37 3d 04 0e 1e 28 04 0d 1e 28 16 08 24 25 18 2d 2e 35 22 29 29 08 25 26 19 2d 2e 35 2a 2b 30 31 0a 16 20 12 27 20 22 38 0c 10 16 0c 10 08 25 26 2e 35 16 03 1d 2a 39 3a 39 16 21 22 22 23 23 15 15 15 16 16 
05-05 18:23:30.686   748  2230 I vendor.qti.bluetooth@1.0-patch_dl_manager: TAG ID			 : 80
05-05 18:23:30.686   748  2230 I vendor.qti.bluetooth@1.0-patch_dl_manager: TAG Length		 : 16
05-05 18:23:30.686   748  2230 I vendor.qti.bluetooth@1.0-patch_dl_manager: TAG Pointer		 : 0
05-05 18:23:30.686   748  2230 I vendor.qti.bluetooth@1.0-patch_dl_manager: TAG Extended Flag	 : 0
05-05 18:23:30.686   748  2230 I vendor.qti.bluetooth@1.0-patch_dl_manager: TAG Data			 : 00 00 00 00 00 00 00 01 00 00 00 00 00 00 00 00 
05-05 18:23:30.686   748  2230 I vendor.qti.bluetooth@1.0-patch_dl_manager: TAG ID			 : 83
05-05 18:23:30.686   748  2230 I vendor.qti.bluetooth@1.0-patch_dl_manager: TAG Length		 : 8
05-05 18:23:30.686   748  2230 I vendor.qti.bluetooth@1.0-patch_dl_manager: TAG Pointer		 : 0
05-05 18:23:30.686   748  2230 I vendor.qti.bluetooth@1.0-patch_dl_manager: TAG Extended Flag	 : 0
05-05 18:23:30.686   748  2230 I vendor.qti.bluetooth@1.0-patch_dl_manager: TAG Data			 : 08 08 08 00 01 03 06 08 
05-05 18:23:30.686   748  2230 I vendor.qti.bluetooth@1.0-patch_dl_manager: TAG ID			 : 84
05-05 18:23:30.686   748  2230 I vendor.qti.bluetooth@1.0-patch_dl_manager: TAG Length		 : 100
05-05 18:23:30.686   748  2230 I vendor.qti.bluetooth@1.0-patch_dl_manager: TAG Pointer		 : 0
05-05 18:23:30.686   748  2230 I vendor.qti.bluetooth@1.0-patch_dl_manager: TAG Extended Flag	 : 0
05-05 18:23:30.686   748  2230 I vendor.qti.bluetooth@1.0-patch_dl_manager: TAG Data			 : 0c 1c 0c 1c 0c 1c 0c 1c 0c 1c 00 00 77 04 66 04 66 04 66 04 66 04 00 00 08 05 08 05 08 05 08 05 08 05 08 05 08 05 08 05 08 05 00 00 00 00 00 00 00 00 00 00 00 00 00 00 00 00 00 00 00 00 00 00 07 03 07 03 07 03 07 03 07 03 07 03 07 03 07 03 07 03 00 00 00 00 1f 1f 25 02 0b 0d 0d 0b 0b 00 00 00 00 00 
05-05 18:23:30.686   748  2230 I vendor.qti.bluetooth@1.0-patch_dl_manager: TAG ID			 : 85
05-05 18:23:30.686   748  2230 I vendor.qti.bluetooth@1.0-patch_dl_manager: TAG Length		 : 124
05-05 18:23:30.686   748  2230 I vendor.qti.bluetooth@1.0-patch_dl_manager: TAG Pointer		 : 0
05-05 18:23:30.686   748  2230 I vendor.qti.bluetooth@1.0-patch_dl_manager: TAG Extended Flag	 : 0
05-05 18:23:30.686   748  2230 I vendor.qti.bluetooth@1.0-patch_dl_manager: TAG Data			 : 03 00 ec 07 44 00 57 00 5a 00 5d 00 61 00 65 00 69 00 70 00 76 00 00 00 14 00 8a 02 70 03 00 05 72 06 00 00 00 02 72 06 00 05 70 03 8a 02 00 00 0a 01 ff 07 00 08 0a 00 2a 1e de 00 00 00 00 00 01 01 01 01 00 00 00 00 14 00 05 47 cf 77 00 00 00 00 00 00 ac 7c ff 40 00 00 00 12 05 05 00 00 00 04 03 00 05 00 56 00 5c 00 65 00 6f 00 00 00 00 20 32 00 20 00 09 03 a1 00 a9 00 
05-05 18:23:30.686   748  2230 I vendor.qti.bluetooth@1.0-patch_dl_manager: TAG ID			 : 86
05-05 18:23:30.686   748  2230 I vendor.qti.bluetooth@1.0-patch_dl_manager: TAG Length		 : 16
05-05 18:23:30.686   748  2230 I vendor.qti.bluetooth@1.0-patch_dl_manager: TAG Pointer		 : 0
05-05 18:23:30.686   748  2230 I vendor.qti.bluetooth@1.0-patch_dl_manager: TAG Extended Flag	 : 0
05-05 18:23:30.686   748  2230 I vendor.qti.bluetooth@1.0-patch_dl_manager: TAG Data			 : 07 24 02 07 08 05 7c 82 88 8d 95 9c a3 a9 af 00 
05-05 18:23:30.686   748  2230 I vendor.qti.bluetooth@1.0-patch_dl_manager: TAG ID			 : 87
05-05 18:23:30.686   748  2230 I vendor.qti.bluetooth@1.0-patch_dl_manager: TAG Length		 : 16
05-05 18:23:30.686   748  2230 I vendor.qti.bluetooth@1.0-patch_dl_manager: TAG Pointer		 : 0
05-05 18:23:30.686   748  2230 I vendor.qti.bluetooth@1.0-patch_dl_manager: TAG Extended Flag	 : 0
05-05 18:23:30.686   748  2230 I vendor.qti.bluetooth@1.0-patch_dl_manager: TAG Data			 : 00 03 07 08 05 05 02 08 00 03 07 08 05 05 02 08 
05-05 18:23:30.686   748  2230 I vendor.qti.bluetooth@1.0-patch_dl_manager: TAG ID			 : 88
05-05 18:23:30.686   748  2230 I vendor.qti.bluetooth@1.0-patch_dl_manager: TAG Length		 : 144
05-05 18:23:30.686   748  2230 I vendor.qti.bluetooth@1.0-patch_dl_manager: TAG Pointer		 : 0
05-05 18:23:30.686   748  2230 I vendor.qti.bluetooth@1.0-patch_dl_manager: TAG Extended Flag	 : 0
05-05 18:23:30.686   748  2230 I vendor.qti.bluetooth@1.0-patch_dl_manager: TAG Data			 : 01 08 00 00 04 74 2e 54 a4 66 84 00 00 00 55 16 00 00 55 16 00 00 55 16 00 00 55 16 00 00 55 16 22 22 22 37 0f 02 02 e0 00 00 00 00 00 00 00 01 00 00 00 0f 03 03 03 03 03 03 03 03 03 03 03 03 03 03 03 03 03 03 03 03 03 03 03 03 03 03 03 03 03 03 03 03 03 03 03 03 65 53 42 42 00 10 30 21 32 53 65 77 73 71 41 31 78 78 78 78 00 11 33 00 77 07 03 77 06 20 03 00 67 66 56 55 45 44 45 44 45 44 00 00 00 1c 10 00 00 30 10 00 00 00 00 00 
05-05 18:23:30.686   748  2230 I vendor.qti.bluetooth@1.0-patch_dl_manager: TAG ID			 : 89
05-05 18:23:30.686   748  2230 I vendor.qti.bluetooth@1.0-patch_dl_manager: TAG Length		 : 196
05-05 18:23:30.686   748  2230 I vendor.qti.bluetooth@1.0-patch_dl_manager: TAG Pointer		 : 0
05-05 18:23:30.686   748  2230 I vendor.qti.bluetooth@1.0-patch_dl_manager: TAG Extended Flag	 : 0
05-05 18:23:30.686   748  2230 I vendor.qti.bluetooth@1.0-patch_dl_manager: TAG Data			 : 01 00 00 00 0d 0d 0d 0d 0d 0d 0d 0d 0d 0d 0d 0d 13 13 13 19 0d 0d 13 19 19 19 19 19 19 19 19 19 19 19 19 19 0a 0a 0a 0a 0a 0a 0a 0a 0a 0a 0a 0a 0f 0f 0f 15 0a 0a 0f 15 15 15 15 15 15 15 15 15 15 15 15 15 0d 0d 0d 0d 0d 00 00 00 13 13 13 13 13 00 00 00 19 19 19 19 19 00 00 00 19 19 19 19 19 00 00 00 0d 0d 0d 0d 0d 00 00 00 13 13 13 13 13 00 00 00 19 19 19 19 19 00 00 00 19 19 19 19 19 00 00 00 06 07 0a 0b 0c 00 00 00 0b 0c 0f 10 11 00 00 00 11 12 15 16 17 00 00 00 11 12 15 16 17 00 00 00 06 07 0a 0b 0c 00 00 00 0b 0c 0f 10 11 00 00 00 11 12 15 16 17 00 00 00 11 12 15 16 17 00 00 00 
05-05 18:23:30.686   748  2230 I vendor.qti.bluetooth@1.0-patch_dl_manager: TAG ID			 : 90
05-05 18:23:30.686   748  2230 I vendor.qti.bluetooth@1.0-patch_dl_manager: TAG Length		 : 8
05-05 18:23:30.686   748  2230 I vendor.qti.bluetooth@1.0-patch_dl_manager: TAG Pointer		 : 0
05-05 18:23:30.686   748  2230 I vendor.qti.bluetooth@1.0-patch_dl_manager: TAG Extended Flag	 : 0
05-05 18:23:30.686   748  2230 I vendor.qti.bluetooth@1.0-patch_dl_manager: TAG Data			 : ff 7d 00 00 00 00 00 00 
05-05 18:23:30.686   748  2230 I vendor.qti.bluetooth@1.0-patch_dl_manager: TAG ID			 : 91
05-05 18:23:30.686   748  2230 I vendor.qti.bluetooth@1.0-patch_dl_manager: TAG Length		 : 188
05-05 18:23:30.686   748  2230 I vendor.qti.bluetooth@1.0-patch_dl_manager: TAG Pointer		 : 0
05-05 18:23:30.686   748  2230 I vendor.qti.bluetooth@1.0-patch_dl_manager: TAG Extended Flag	 : 0
05-05 18:23:30.686   748  2230 I vendor.qti.bluetooth@1.0-patch_dl_manager: TAG Data			 : 1c 3c 1c 3c 1c 3c 1c 3c 1c 3c 00 00 17 17 17 1e 2f 3e 3e 3e 04 25 04 28 09 2e 0e 3c 1f 3d 00 00 18 1d 25 20 29 25 25 25 06 02 00 00 00 00 00 00 0a 1c 0a 1c 0a 1c 0a 1f 0a 1f 07 07 09 09 0c 0c 0f 0f 1c 19 66 66 66 66 66 66 66 66 66 66 66 66 66 66 66 66 66 66 66 66 66 66 66 66 66 66 66 66 66 66 66 66 66 66 66 66 66 66 66 66 66 66 66 66 66 66 66 66 66 66 66 66 66 66 66 66 66 66 66 66 66 66 66 66 66 66 66 66 66 66 66 66 66 66 66 66 66 66 66 66 13 20 20 30 13 20 20 30 13 20 20 30 13 20 20 30 13 20 20 30 01 3c 00 20 01 3c 00 20 01 3c 00 20 01 3c 00 20 01 3c 00 20 
05-05 18:23:30.686   748  2230 I vendor.qti.bluetooth@1.0-patch_dl_manager: TAG ID			 : 92
05-05 18:23:30.686   748  2230 I vendor.qti.bluetooth@1.0-patch_dl_manager: TAG Length		 : 64
05-05 18:23:30.686   748  2230 I vendor.qti.bluetooth@1.0-patch_dl_manager: TAG Pointer		 : 0
05-05 18:23:30.686   748  2230 I vendor.qti.bluetooth@1.0-patch_dl_manager: TAG Extended Flag	 : 0
05-05 18:23:30.686   748  2230 I vendor.qti.bluetooth@1.0-patch_dl_manager: TAG Data			 : 66 66 66 66 66 66 66 66 66 66 00 00 13 20 20 30 13 20 20 30 13 20 20 30 13 20 20 30 13 20 20 30 66 66 66 66 66 66 66 66 66 66 00 00 10 09 09 10 10 09 09 10 10 09 09 10 10 09 09 10 10 09 09 10 
05-05 18:23:30.686   748  2230 I vendor.qti.bluetooth@1.0-patch_dl_manager: TAG ID			 : 95
05-05 18:23:30.686   748  2230 I vendor.qti.bluetooth@1.0-patch_dl_manager: TAG Length		 : 103
05-05 18:23:30.686   748  2230 I vendor.qti.bluetooth@1.0-patch_dl_manager: TAG Pointer		 : 0
05-05 18:23:30.686   748  2230 I vendor.qti.bluetooth@1.0-patch_dl_manager: TAG Extended Flag	 : 0
05-05 18:23:30.686   748  2230 I vendor.qti.bluetooth@1.0-patch_dl_manager: TAG Data			 : 00 0f 00 0d 00 00 00 02 00 02 02 00 00 10 33 73 33 33 07 00 02 00 01 23 d7 03 ec 01 da 00 66 06 33 13 90 00 00 10 36 00 21 00 00 10 00 28 00 00 10 01 14 64 0a 00 72 01 2b 2b 44 4a 47 45 45 45 43 44 58 57 55 54 5a 59 25 40 28 28 39 3d 39 3a 3a 3a 38 39 44 44 43 42 45 45 24 36 19 48 20 00 20 40 0a 00 72 06 03 
05-05 18:23:30.686   748  2230 I vendor.qti.bluetooth@1.0-patch_dl_manager: TAG ID			 : 100
05-05 18:23:30.686   748  2230 I vendor.qti.bluetooth@1.0-patch_dl_manager: TAG Length		 : 16
05-05 18:23:30.686   748  2230 I vendor.qti.bluetooth@1.0-patch_dl_manager: TAG Pointer		 : 0
05-05 18:23:30.686   748  2230 I vendor.qti.bluetooth@1.0-patch_dl_manager: TAG Extended Flag	 : 0
05-05 18:23:30.686   748  2230 I vendor.qti.bluetooth@1.0-patch_dl_manager: TAG Data			 : 0f 00 00 00 00 00 00 00 00 00 00 00 00 00 00 00 
05-05 18:23:30.686   748  2230 I vendor.qti.bluetooth@1.0-patch_dl_manager: TAG ID			 : 111
05-05 18:23:30.686   748  2230 I vendor.qti.bluetooth@1.0-patch_dl_manager: TAG Length		 : 204
05-05 18:23:30.686   748  2230 I vendor.qti.bluetooth@1.0-patch_dl_manager: TAG Pointer		 : 0
05-05 18:23:30.686   748  2230 I vendor.qti.bluetooth@1.0-patch_dl_manager: TAG Extended Flag	 : 0
05-05 18:23:30.686   748  2230 I vendor.qti.bluetooth@1.0-patch_dl_manager: TAG Data			 : 0f 05 05 00 22 22 22 37 0f 02 02 e0 00 00 00 00 00 00 00 01 00 00 00 0f 03 03 03 03 03 03 03 03 03 03 03 03 03 03 03 03 03 03 03 03 03 03 03 03 03 03 03 03 03 03 03 03 03 03 03 03 00 04 04 04 00 04 04 04 00 04 04 04 00 04 04 04 00 04 04 04 00 04 04 04 00 04 04 04 00 04 04 04 00 04 04 04 03 03 03 03 03 03 03 03 03 03 03 03 03 03 03 03 03 03 03 03 03 03 03 03 03 03 03 03 03 03 03 03 03 03 03 03 67 66 56 55 45 44 45 44 45 44 00 00 75 65 64 54 53 43 43 42 32 31 00 00 06 0a 07 00 03 04 00 00 fa de be 9e 7e 5e 3e 1e f4 d5 b9 9d 7e 5e 3e 1e ec d0 b4 98 7c 5d 3e 1e e0 c0 a4 88 6c 50 34 18 fa d5 d0 50 fa d5 d0 50 
05-05 18:23:30.686   748  2230 I vendor.qti.bluetooth@1.0-patch_dl_manager: TAG ID			 : 112
05-05 18:23:30.686   748  2230 I vendor.qti.bluetooth@1.0-patch_dl_manager: TAG Length		 : 232
05-05 18:23:30.686   748  2230 I vendor.qti.bluetooth@1.0-patch_dl_manager: TAG Pointer		 : 0
05-05 18:23:30.686   748  2230 I vendor.qti.bluetooth@1.0-patch_dl_manager: TAG Extended Flag	 : 0
05-05 18:23:30.686   748  2230 I vendor.qti.bluetooth@1.0-patch_dl_manager: TAG Data			 : 00 03 09 00 4e 02 14 19 7f 08 00 00 0f 0f 0f 0f 0f 0f 0f 0f 0f 0f 0f 0f 0f 0f 0f 0f 0f 0f 0f 0f 0f 0f 0f 0f 0f 0f 0f 0f 0f 0f 0f 0f 0f 0f 0f 0f 0f 0f 0f 0f 0f 0f 0f 0f 0f 0f 0f 0f 0f 0f 0f 0f 0f 0f 0f 0f 0f 0f 0f 0f 0f 0f 0f 0f 0f 0f 0f 0f 0f 0f 0f 0f 0f 0f 0f 0f 0f 0f 0f 0f 0f 0f 0f 0f 0f 0f 0f 0f 0f 0f 0f 0f 0f 0f 0f 0f 0f 0f 0f 0f 0f 0f 0f 0f 0f 0f 0f 0f 0f 0f 0f 0f 0f 0f 0f 0f 0f 0f 0f 0f 0f 0f 0f 0f 0f 0f 0f 0f 0f 0f 0f 0f 0f 0f 0f 0f 0f 0f 0f 0f 0f 0f 0f 0f 0f 0f 0f 0f 0f 0f 0f 0f 0f 0f 0f 0f 0f 0f 0f 0f 0f 0f 0f 0f 0f 0f 0f 0f 0f 0f 0f 0f 0f 0f 0f 0f 0f 0f 0f 0f 0f 0f 0f 0f 0f 0f 0f 0f 0f 0f 0f 0f 0f 0f 0f 0f 0f 0f 0f 0f 22 00 00 00 00 00 c0 01 19 13 0d 0d 15 0f 0a 0a 02 06 06 07 
05-05 18:23:30.686   748  2230 I vendor.qti.bluetooth@1.0-patch_dl_manager: TAG ID			 : 114
05-05 18:23:30.686   748  2230 I vendor.qti.bluetooth@1.0-patch_dl_manager: TAG Length		 : 132
05-05 18:23:30.686   748  2230 I vendor.qti.bluetooth@1.0-patch_dl_manager: TAG Pointer		 : 0
05-05 18:23:30.686   748  2230 I vendor.qti.bluetooth@1.0-patch_dl_manager: TAG Extended Flag	 : 0
05-05 18:23:30.686   748  2230 I vendor.qti.bluetooth@1.0-patch_dl_manager: TAG Data			 : ff 07 00 00 e0 1f 01 02 01 00 00 00 07 07 07 07 07 07 07 07 07 07 07 07 07 07 07 07 07 07 07 07 04 04 00 00 27 27 37 37 37 37 67 97 07 07 07 17 57 57 57 77 67 67 67 67 a4 a4 00 00 03 07 0a 0a 0a 0a 0c 0b 00 01 02 02 03 06 07 08 08 0a 0c 0b 0b 0d 00 00 03 06 07 08 08 0d 0f 0b 01 02 02 02 03 06 07 08 08 0a 0c 0b 0d 0d 0d 00 07 07 07 07 07 07 07 07 04 04 04 00 07 07 07 07 07 07 07 07 04 04 04 00 
05-05 18:23:30.686   748  2230 I vendor.qti.bluetooth@1.0-patch_dl_manager: TAG ID			 : 150
05-05 18:23:30.686   748  2230 I vendor.qti.bluetooth@1.0-patch_dl_manager: TAG Length		 : 30
05-05 18:23:30.686   748  2230 I vendor.qti.bluetooth@1.0-patch_dl_manager: TAG Pointer		 : 0
05-05 18:23:30.686   748  2230 I vendor.qti.bluetooth@1.0-patch_dl_manager: TAG Extended Flag	 : 0
05-05 18:23:30.686   748  2230 I vendor.qti.bluetooth@1.0-patch_dl_manager: TAG Data			 : 32 05 47 0d e2 11 43 13 1c 0c 17 10 86 13 10 0e e0 0d d0 0b a8 0b 00 21 62 18 9a 20 ab 1e 
05-05 18:23:30.686   748  2230 I vendor.qti.bluetooth@1.0-patch_dl_manager: TAG ID			 : 151
05-05 18:23:30.686   748  2230 I vendor.qti.bluetooth@1.0-patch_dl_manager: TAG Length		 : 11
05-05 18:23:30.686   748  2230 I vendor.qti.bluetooth@1.0-patch_dl_manager: TAG Pointer		 : 0
05-05 18:23:30.686   748  2230 I vendor.qti.bluetooth@1.0-patch_dl_manager: TAG Extended Flag	 : 0
05-05 18:23:30.686   748  2230 I vendor.qti.bluetooth@1.0-patch_dl_manager: TAG Data			 : 03 00 0f 00 ff 00 04 10 ff 0a 14 
05-05 18:23:30.686   748  2230 I vendor.qti.bluetooth@1.0-patch_dl_manager: TAG ID			 : 153
05-05 18:23:30.686   748  2230 I vendor.qti.bluetooth@1.0-patch_dl_manager: TAG Length		 : 52
05-05 18:23:30.686   748  2230 I vendor.qti.bluetooth@1.0-patch_dl_manager: TAG Pointer		 : 0
05-05 18:23:30.686   748  2230 I vendor.qti.bluetooth@1.0-patch_dl_manager: TAG Extended Flag	 : 0
05-05 18:23:30.686   748  2230 I vendor.qti.bluetooth@1.0-patch_dl_manager: TAG Data			 : 01 10 08 00 01 06 0d 00 31 01 04 06 0d 00 93 1b 01 06 0d 00 3b 1b 08 05 30 00 2f 00 10 05 39 00 04 01 24 06 4c 00 03 00 40 04 04 00 00 07 80 06 0e 00 50 14 
05-05 18:23:30.686   748  2230 I vendor.qti.bluetooth@1.0-patch_dl_manager: TAG ID			 : 155
05-05 18:23:30.686   748  2230 I vendor.qti.bluetooth@1.0-patch_dl_manager: TAG Length		 : 16
05-05 18:23:30.686   748  2230 I vendor.qti.bluetooth@1.0-patch_dl_manager: TAG Pointer		 : 0
05-05 18:23:30.686   748  2230 I vendor.qti.bluetooth@1.0-patch_dl_manager: TAG Extended Flag	 : 0
05-05 18:23:30.686   748  2230 I vendor.qti.bluetooth@1.0-patch_dl_manager: TAG Data			 : 01 0f 00 00 00 10 0e 00 0a 00 00 00 80 00 80 00 
05-05 18:23:30.686   748  2230 I vendor.qti.bluetooth@1.0-patch_dl_manager: TAG ID			 : 157
05-05 18:23:30.686   748  2230 I vendor.qti.bluetooth@1.0-patch_dl_manager: TAG Length		 : 63
05-05 18:23:30.686   748  2230 I vendor.qti.bluetooth@1.0-patch_dl_manager: TAG Pointer		 : 0
05-05 18:23:30.686   748  2230 I vendor.qti.bluetooth@1.0-patch_dl_manager: TAG Extended Flag	 : 0
05-05 18:23:30.686   748  2230 I vendor.qti.bluetooth@1.0-patch_dl_manager: TAG Data			 : ff ff ff ff ff ff ff ff ff ff ff ff 3c 00 03 00 1e 00 00 00 32 00 00 00 32 00 02 00 19 00 00 00 19 00 00 00 28 00 01 00 0f 00 00 00 0a 00 00 00 1e 00 00 00 0a 00 00 00 00 00 00 00 64 00 00 
05-05 18:23:30.686   748  2230 I vendor.qti.bluetooth@1.0-patch_dl_manager: ====================================================
05-05 18:23:30.686   748  2230 I vendor.qti.bluetooth@1.0-patch_dl_manager: TLV Type			 : 0x3
05-05 18:23:30.686   748  2230 I vendor.qti.bluetooth@1.0-patch_dl_manager: Length			 : 1000 bytes
05-05 18:23:30.686   748  2230 I vendor.qti.bluetooth@1.0-patch_dl_manager: ====================================================
05-05 18:23:30.686   748  2230 I vendor.qti.bluetooth@1.0-patch_dl_manager: TAG ID			 : 22
05-05 18:23:30.686   748  2230 I vendor.qti.bluetooth@1.0-patch_dl_manager: TAG Length		 : 34
05-05 18:23:30.686   748  2230 I vendor.qti.bluetooth@1.0-patch_dl_manager: TAG Pointer		 : 0
05-05 18:23:30.686   748  2230 I vendor.qti.bluetooth@1.0-patch_dl_manager: TAG Extended Flag	 : 0
05-05 18:23:30.686   748  2230 I vendor.qti.bluetooth@1.0-patch_dl_manager: TAG Data			 : e0 2e d0 07 14 00 c8 00 c8 00 d0 07 01 06 14 11 01 64 0a 05 05 01 0a 0a 03 0a 14 1e 02 66 0b 03 64 01 
05-05 18:23:30.686   748  2230 I vendor.qti.bluetooth@1.0-patch_dl_manager: TAG ID			 : 30
05-05 18:23:30.686   748  2230 I vendor.qti.bluetooth@1.0-patch_dl_manager: TAG Length		 : 244
05-05 18:23:30.686   748  2230 I vendor.qti.bluetooth@1.0-patch_dl_manager: TAG Pointer		 : 0
05-05 18:23:30.686   748  2230 I vendor.qti.bluetooth@1.0-patch_dl_manager: TAG Extended Flag	 : 0
05-05 18:23:30.686   748  2230 I vendor.qti.bluetooth@1.0-patch_dl_manager: TAG Data			 : 1e 00 00 00 1c 14 00 50 36 00 00 00 24 14 00 50 36 00 00 00 7c 14 00 50 00 00 00 00 14 14 00 50 19 00 00 00 38 14 00 50 f7 00 00 00 04 05 00 50 b0 01 01 00 00 00 00 00 00 00 00 00 00 00 00 00 00 00 00 00 00 00 00 00 00 00 00 00 00 00 00 00 00 00 00 00 00 00 00 00 00 00 00 00 00 00 00 00 00 00 00 00 00 00 00 00 00 00 00 00 00 00 00 00 00 00 00 00 00 00 00 00 00 00 00 00 00 00 00 00 00 00 00 00 00 00 00 00 00 00 00 00 00 00 00 00 00 00 00 00 00 00 00 00 00 00 00 00 00 00 00 00 00 00 00 00 00 00 00 00 00 00 00 00 00 00 00 00 00 00 00 00 00 00 00 00 00 00 00 00 00 00 00 00 00 00 00 00 00 00 00 00 00 00 00 00 00 00 00 00 00 00 00 00 00 00 00 00 00 00 00 00 00 00 00 00 00 00 00 00 00 00 00 00 00 00 00 00 00 00 00 00 00 00 00 00 
05-05 18:23:30.686   748  2230 I vendor.qti.bluetooth@1.0-patch_dl_manager: TAG ID			 : 31
05-05 18:23:30.686   748  2230 I vendor.qti.bluetooth@1.0-patch_dl_manager: TAG Length		 : 5
05-05 18:23:30.686   748  2230 I vendor.qti.bluetooth@1.0-patch_dl_manager: TAG Pointer		 : 0
05-05 18:23:30.686   748  2230 I vendor.qti.bluetooth@1.0-patch_dl_manager: TAG Extended Flag	 : 0
05-05 18:23:30.686   748  2230 I vendor.qti.bluetooth@1.0-patch_dl_manager: TAG Data			 : 00 80 80 80 80 
05-05 18:23:30.686   748  2230 I vendor.qti.bluetooth@1.0-patch_dl_manager: TAG ID			 : 37
05-05 18:23:30.686   748  2230 I vendor.qti.bluetooth@1.0-patch_dl_manager: TAG Length		 : 37
05-05 18:23:30.686   748  2230 I vendor.qti.bluetooth@1.0-patch_dl_manager: TAG Pointer		 : 0
05-05 18:23:30.686   748  2230 I vendor.qti.bluetooth@1.0-patch_dl_manager: TAG Extended Flag	 : 0
05-05 18:23:30.686   748  2230 I vendor.qti.bluetooth@1.0-patch_dl_manager: TAG Data			 : 00 00 84 00 85 00 8c 00 88 00 88 00 98 00 9c 00 a8 00 a2 00 a0 00 00 00 05 01 28 00 00 00 00 00 c9 01 00 00 28 
05-05 18:23:30.686   748  2230 I vendor.qti.bluetooth@1.0-patch_dl_manager: TAG ID			 : 38
05-05 18:23:30.686   748  2230 I vendor.qti.bluetooth@1.0-patch_dl_manager: TAG Length		 : 6
05-05 18:23:30.686   748  2230 I vendor.qti.bluetooth@1.0-patch_dl_manager: TAG Pointer		 : 0
05-05 18:23:30.686   748  2230 I vendor.qti.bluetooth@1.0-patch_dl_manager: TAG Extended Flag	 : 0
05-05 18:23:30.686   748  2230 I vendor.qti.bluetooth@1.0-patch_dl_manager: TAG Data			 : 02 01 00 01 07 01 
05-05 18:23:30.686   748  2230 I vendor.qti.bluetooth@1.0-patch_dl_manager: TAG ID			 : 40
05-05 18:23:30.686   748  2230 I vendor.qti.bluetooth@1.0-patch_dl_manager: TAG Length		 : 14
05-05 18:23:30.686   748  2230 I vendor.qti.bluetooth@1.0-patch_dl_manager: TAG Pointer		 : 0
05-05 18:23:30.686   748  2230 I vendor.qti.bluetooth@1.0-patch_dl_manager: TAG Extended Flag	 : 0
05-05 18:23:30.686   748  2230 I vendor.qti.bluetooth@1.0-patch_dl_manager: TAG Data			 : b0 32 25 44 00 0a 1b 22 33 0e 09 0a 14 7f 
05-05 18:23:30.686   748  2230 I vendor.qti.bluetooth@1.0-patch_dl_manager: TAG ID			 : 42
05-05 18:23:30.686   748  2230 I vendor.qti.bluetooth@1.0-patch_dl_manager: TAG Length		 : 20
05-05 18:23:30.686   748  2230 I vendor.qti.bluetooth@1.0-patch_dl_manager: TAG Pointer		 : 0
05-05 18:23:30.686   748  2230 I vendor.qti.bluetooth@1.0-patch_dl_manager: TAG Extended Flag	 : 0
05-05 18:23:30.686   748  2230 I vendor.qti.bluetooth@1.0-patch_dl_manager: TAG Data			 : c0 cd da e3 7f 81 b8 c4 cd dc b0 b8 c4 dc 7f c0 cd db e3 7f 
05-05 18:23:30.686   748  2230 I vendor.qti.bluetooth@1.0-patch_dl_manager: TAG ID			 : 44
05-05 18:23:30.686   748  2230 I vendor.qti.bluetooth@1.0-patch_dl_manager: TAG Length		 : 58
05-05 18:23:30.686   748  2230 I vendor.qti.bluetooth@1.0-patch_dl_manager: TAG Pointer		 : 0
05-05 18:23:30.686   748  2230 I vendor.qti.bluetooth@1.0-patch_dl_manager: TAG Extended Flag	 : 0
05-05 18:23:30.686   748  2230 I vendor.qti.bluetooth@1.0-patch_dl_manager: TAG Data			 : 02 02 00 09 01 19 b5 13 00 01 04 07 0b 10 17 1e 26 2f 38 43 4f 5c 69 78 87 98 a9 c1 00 00 00 00 00 00 00 00 00 00 00 00 00 00 00 00 00 00 00 00 00 00 00 00 00 00 00 00 00 00 
05-05 18:23:30.686   748  2230 I vendor.qti.bluetooth@1.0-patch_dl_manager: TAG ID			 : 64
05-05 18:23:30.686   748  2230 I vendor.qti.bluetooth@1.0-patch_dl_manager: TAG Length		 : 12
05-05 18:23:30.686   748  2230 I vendor.qti.bluetooth@1.0-patch_dl_manager: TAG Pointer		 : 0
05-05 18:23:30.686   748  2230 I vendor.qti.bluetooth@1.0-patch_dl_manager: TAG Extended Flag	 : 0
05-05 18:23:30.686   748  2230 I vendor.qti.bluetooth@1.0-patch_dl_manager: TAG Data			 : 00 00 00 00 00 00 00 00 00 00 01 01 
05-05 18:23:30.686   748  2230 I vendor.qti.bluetooth@1.0-patch_dl_manager: TAG ID			 : 68
05-05 18:23:30.686   748  2230 I vendor.qti.bluetooth@1.0-patch_dl_manager: TAG Length		 : 20
05-05 18:23:30.686   748  2230 I vendor.qti.bluetooth@1.0-patch_dl_manager: TAG Pointer		 : 0
05-05 18:23:30.686   748  2230 I vendor.qti.bluetooth@1.0-patch_dl_manager: TAG Extended Flag	 : 0
05-05 18:23:30.686   748  2230 I vendor.qti.bluetooth@1.0-patch_dl_manager: TAG Data			 : 44 44 22 22 ff 01 01 01 0f 05 03 13 00 03 02 05 00 00 00 00 
05-05 18:23:30.686   748  2230 I vendor.qti.bluetooth@1.0-patch_dl_manager: TAG ID			 : 69
05-05 18:23:30.686   748  2230 I vendor.qti.bluetooth@1.0-patch_dl_manager: TAG Length		 : 182
05-05 18:23:30.686   748  2230 I vendor.qti.bluetooth@1.0-patch_dl_manager: TAG Pointer		 : 0
05-05 18:23:30.686   748  2230 I vendor.qti.bluetooth@1.0-patch_dl_manager: TAG Extended Flag	 : 0
05-05 18:23:30.686   748  2230 I vendor.qti.bluetooth@1.0-patch_dl_manager: TAG Data			 : e3 29 00 00 0e 02 40 00 55 35 10 00 1e 79 00 00 29 19 00 00 41 00 00 00 e3 29 00 00 0e 02 40 00 55 35 10 00 1e 79 00 00 29 19 00 00 41 00 00 00 e3 29 00 00 0e 02 40 00 55 35 10 00 46 43 00 00 29 19 00 00 41 00 00 00 e3 29 00 00 0e 02 40 00 55 35 10 00 12 18 00 00 29 19 00 00 41 00 00 00 e3 29 00 00 0e 02 40 00 55 35 10 00 46 51 00 00 29 19 00 00 41 00 00 00 f2 14 00 00 0e 02 40 00 55 35 10 00 1e 79 00 00 02 10 00 00 41 00 00 00 00 00 80 00 00 10 00 10 00 10 00 10 00 ff e8 03 00 10 00 f0 00 10 00 10 00 f0 00 10 01 26 ad 21 b1 08 00 08 14 01 
05-05 18:23:30.686   748  2230 I vendor.qti.bluetooth@1.0-patch_dl_manager: TAG ID			 : 72
05-05 18:23:30.686   748  2230 I vendor.qti.bluetooth@1.0-patch_dl_manager: TAG Length		 : 9
05-05 18:23:30.686   748  2230 I vendor.qti.bluetooth@1.0-patch_dl_manager: TAG Pointer		 : 0
05-05 18:23:30.686   748  2230 I vendor.qti.bluetooth@1.0-patch_dl_manager: TAG Extended Flag	 : 0
05-05 18:23:30.686   748  2230 I vendor.qti.bluetooth@1.0-patch_dl_manager: TAG Data			 : ac c1 03 00 c7 83 00 00 00 
05-05 18:23:30.686   748  2230 I vendor.qti.bluetooth@1.0-patch_dl_manager: TAG ID			 : 74
05-05 18:23:30.686   748  2230 I vendor.qti.bluetooth@1.0-patch_dl_manager: TAG Length		 : 63
05-05 18:23:30.686   748  2230 I vendor.qti.bluetooth@1.0-patch_dl_manager: TAG Pointer		 : 0
05-05 18:23:30.686   748  2230 I vendor.qti.bluetooth@1.0-patch_dl_manager: TAG Extended Flag	 : 0
05-05 18:23:30.686   748  2230 I vendor.qti.bluetooth@1.0-patch_dl_manager: TAG Data			 : 00 f0 01 00 00 e0 03 00 00 01 04 02 02 01 02 00 22 42 00 00 44 84 00 00 32 00 04 0d 89 68 06 00 44 84 00 00 04 01 00 0a 88 ff 22 22 0a 00 ba ff 22 00 8f 02 82 1b 01 02 05 02 01 fe ba 00 02 
05-05 18:23:30.686   748  2230 I vendor.qti.bluetooth@1.0-patch_dl_manager: TAG ID			 : 76
05-05 18:23:30.686   748  2230 I vendor.qti.bluetooth@1.0-patch_dl_manager: TAG Length		 : 128
05-05 18:23:30.686   748  2230 I vendor.qti.bluetooth@1.0-patch_dl_manager: TAG Pointer		 : 0
05-05 18:23:30.686   748  2230 I vendor.qti.bluetooth@1.0-patch_dl_manager: TAG Extended Flag	 : 0
05-05 18:23:30.687   748  2230 I vendor.qti.bluetooth@1.0-patch_dl_manager: TAG Data			 : e0 41 01 00 00 77 01 00 40 96 01 00 f0 9a 01 00 ff ff ff ff ff ff ff ff ff ff ff ff ff ff ff ff ff ff ff ff ff ff ff ff ff ff ff ff ff ff ff ff ff ff ff ff ff ff ff ff ff ff ff ff ff ff ff ff ff ff ff ff ff ff ff ff ff ff ff ff ff ff ff ff ff ff ff ff ff ff ff ff ff ff ff ff ff ff ff ff ff ff ff ff ff ff ff ff ff ff ff ff ff ff ff ff ff ff ff ff ff ff ff ff ff ff ff ff ff ff ff ff 
05-05 18:23:30.687   748  2230 I vendor.qti.bluetooth@1.0-patch_dl_manager: ====================================================
05-05 18:23:30.687   748  2230 I vendor.qti.bluetooth@1.0-patch_dl_manager: TlvDnldReq: TLV size: 4647, Total Seg num: 19, remain size: 30
05-05 18:23:30.688   748  2230 D vendor.qti.bluetooth@1.0-patch_dl_manager: ReadHciEvent: Expected CC
05-05 18:23:30.709   748  2230 I chatty  : uid=1002 bluetooth@1.0-s identical 18 lines
05-05 18:23:30.710   748  2230 D vendor.qti.bluetooth@1.0-patch_dl_manager: ReadHciEvent: Expected CC
05-05 18:23:30.710   748  2230 I vendor.qti.bluetooth@1.0-patch_dl_manager: SocInit: Download TLV file successfully 
05-05 18:23:30.710   748  2230 I vendor.qti.bluetooth@1.0-patch_dl_manager: BT SoC FW SU Build info: BTFM.CHE.2.1.4-00412-QCACHROMZ-1, 32
05-05 18:23:30.710   748  2230 D vendor.qti.bluetooth@1.0-patch_dl_manager: ReadHciEvent: Expected CC
05-05 18:23:30.710   748  2230 I vendor.qti.bluetooth@1.0-patch_dl_manager: EnableEnhControllerLog: 0
05-05 18:23:30.711   748  2230 D vendor.qti.bluetooth@1.0-patch_dl_manager: ReadHciEvent: Expected CC
05-05 18:23:30.711   748  2230 I vendor.qti.bluetooth@1.0-patch_dl_manager: ReadScramblingSupport: Sending GET_SCRAM_FREQUENCIES_CMD
05-05 18:23:30.711   748  2230 D vendor.qti.bluetooth@1.0-patch_dl_manager: ReadCmdCmplEvent: Cmd Cmpl received for opcode fc0a
05-05 18:23:30.711   748  2230 D vendor.qti.bluetooth@1.0-patch_dl_manager: ReadScramblingSupport: scrambling feature supported!!
05-05 18:23:30.711   748  2230 D vendor.qti.bluetooth@1.0-patch_dl_manager: ReadScramblingSupport number of scrambling supported freqs 4
05-05 18:23:30.715   748  2230 D vendor.qti.bluetooth@1.0-patch_dl_manager: ReadScramblingSupport:persist.vendor.bt.soc.scram_freqs set to 441.48.882.96.
05-05 18:23:30.715   748  2230 I vendor.qti.bluetooth@1.0-patch_dl_manager: HciReset: HCI RESET 
05-05 18:23:30.735   758   758 I SDM     : HWCDisplayBuiltIn::ProcessBootAnimCompleted: Applying default mode
05-05 18:23:30.737   758   758 W SDM     : ColorManager::SetDisplayMode: Save (mode_id = 2) mode to failed to reinitialize PA cache.
05-05 18:23:30.737   758   758 I SDM     : DisplayBase::InitializeColorModes: Number of Color Modes = 3
05-05 18:23:30.737   758   758 I SDM     : DisplayBase::InitializeColorModes: default color mode id is 2
05-05 18:23:30.737   758   758 I SDM     : DisplayBase::InitializeColorModes: Color Mode[0]: Name = HDR_Bright mode_id = 0
05-05 18:23:30.737   758   758 I SDM     : DisplayBase::InitializeColorModes: Color Mode[1]: Name = HDR_Standard mode_id = 1
05-05 18:23:30.737   758   758 I SDM     : DisplayBase::InitializeColorModes: Color Mode[2]: Name = Native mode_id = 2
05-05 18:23:30.805  2279  2279 D wpa_supplicant: EAPOL: disable timer tick
05-05 18:23:30.814   748   748 I bluetooth@1.0-s: type=1400 audit(0.0:513): avc: denied { read write } for name="diag" dev="tmpfs" ino=22602 scontext=u:r:hal_bluetooth_qti:s0 tcontext=u:object_r:diag_device:s0 tclass=chr_file permissive=1
05-05 18:23:30.814   748   748 I bluetooth@1.0-s: type=1400 audit(0.0:514): avc: denied { open } for path="/dev/diag" dev="tmpfs" ino=22602 scontext=u:r:hal_bluetooth_qti:s0 tcontext=u:object_r:diag_device:s0 tclass=chr_file permissive=1
05-05 18:23:30.814   748   748 I bluetooth@1.0-s: type=1400 audit(0.0:515): avc: denied { ioctl } for path="/dev/diag" dev="tmpfs" ino=22602 ioctlcmd=0x20 scontext=u:r:hal_bluetooth_qti:s0 tcontext=u:object_r:diag_device:s0 tclass=chr_file permissive=1
05-05 18:23:30.828   748  2230 D vendor.qti.bluetooth@1.0-patch_dl_manager: ReadHciEvent: Expected CC
05-05 18:23:30.828   748  2365 E vendor.qti.bluetooth@1.0-async_fd_watcher: ThreadRoutine unable to set SCHED_FIFO for pid 748, tid 2365, error Operation not permitted
05-05 18:23:30.830   748  2230 D vendor.qti.bluetooth@1.0-uart_controller: Init succeded
05-05 18:23:30.830   748  2230 I vendor.qti.bluetooth@1.0-data_handler: Firmware download succeded, soc need reload patch next time=1
05-05 18:23:30.830  1904  2225 I bt_hci  : event_finish_startup
05-05 18:23:30.830  1904  2019 I bt_core_module: module_start_up Started module "hci_module"
05-05 18:23:30.830  1904  2367 I bt_osi_thread: run_thread: thread id 2367, thread name bt_workqueue started
05-05 18:23:30.830  1904  2367 I         : [0505/182330.830908:INFO:btu_task.cc(107)] Bluetooth chip preload is complete
05-05 18:23:30.831  1904  2367 I         : [0505/182330.831149:INFO:gatt_api.cc(948)] GATT_Register 81818181-8181-8181-8181-818181818181
05-05 18:23:30.831  1904  2367 I         : [0505/182330.831181:INFO:gatt_api.cc(968)] allocated gatt_if=1
05-05 18:23:30.831  1904  2367 I         : [0505/182330.831203:INFO:gatt_api.cc(161)] GATTS_AddService
05-05 18:23:30.831  1904  2367 I         : [0505/182330.831215:INFO:gatt_api.cc(265)] GATTS_AddService: service parsed correctly, now starting
05-05 18:23:30.831  1904  2367 I         : [0505/182330.831278:INFO:gatt_api.cc(948)] GATT_Register 82828282-8282-8282-8282-828282828282
05-05 18:23:30.831  1904  2367 I         : [0505/182330.831298:INFO:gatt_api.cc(968)] allocated gatt_if=2
05-05 18:23:30.831  1904  2367 I         : [0505/182330.831307:INFO:gatt_api.cc(161)] GATTS_AddService
05-05 18:23:30.831  1904  2367 I         : [0505/182330.831315:INFO:gatt_api.cc(265)] GATTS_AddService: service parsed correctly, now starting
05-05 18:23:30.831  1904  2367 I bt_bte  : BTE_InitTraceLevels -- TRC_HCI : Level 2
05-05 18:23:30.831  1904  2367 I bt_bte  : BTE_InitTraceLevels -- TRC_L2CAP : Level 2
05-05 18:23:30.831  1904  2367 I bt_bte  : BTE_InitTraceLevels -- TRC_RFCOMM : Level 2
05-05 18:23:30.831  1904  2367 I bt_bte  : BTE_InitTraceLevels -- TRC_AVDT : Level 2
05-05 18:23:30.831  1904  2367 I bt_bte  : BTE_InitTraceLevels -- TRC_AVRC : Level 2
05-05 18:23:30.831  1904  2367 I bt_bte  : BTE_InitTraceLevels -- TRC_A2D : Level 2
05-05 18:23:30.831  1904  2367 I bt_bte  : BTE_InitTraceLevels -- TRC_BNEP : Level 2
05-05 18:23:30.831  1904  2367 I bt_bte  : BTE_InitTraceLevels -- TRC_BTM : Level 2
05-05 18:23:30.831  1904  2367 I bt_bte  : BTE_InitTraceLevels -- TRC_HID_HOST : Level 2
05-05 18:23:30.831  1904  2367 I bt_bte  : BTE_InitTraceLevels -- TRC_PAN : Level 2
05-05 18:23:30.831  1904  2367 I bt_bte  : BTE_InitTraceLevels -- TRC_SDP : Level 2
05-05 18:23:30.831  1904  2367 I bt_bte  : BTE_InitTraceLevels -- TRC_SMP : Level 2
05-05 18:23:30.831  1904  2367 I bt_bte  : BTE_InitTraceLevels -- TRC_HID_DEV : Level 2
05-05 18:23:30.831  1904  2367 I bt_bte  : BTE_InitTraceLevels -- TRC_BTAPP : Level 2
05-05 18:23:30.831  1904  2367 I bt_bte  : BTE_InitTraceLevels -- TRC_BTIF : Level 2
05-05 18:23:30.831  1904  2368 I bt_osi_thread: run_thread: thread id 2368, thread name btu message loop started
05-05 18:23:30.831  1904  2369 I bt_osi_thread: run_thread: thread id 2369, thread name module_wrapper started
05-05 18:23:30.832  1904  2369 I bt_core_module: module_start_up Starting module "controller_module"
05-05 18:23:30.832   748   748 D vendor.qti.bluetooth@1.0-ibs_handler: SerialClockVote: vote for UART CLK ON
05-05 18:23:30.832   748   748 I vendor.qti.bluetooth@1.0-ibs_handler: DeviceWakeUp: Writing IBS_WAKE_IND
05-05 18:23:30.832   748  2365 I vendor.qti.bluetooth@1.0-ibs_handler: ProcessIbsCmd: Received IBS_WAKE_ACK: 0xFC
05-05 18:23:30.849  1904  2369 I bt_core_module: module_start_up Started module "controller_module"
05-05 18:23:30.849  1904  2369 W bt_osi_thread: run_thread: thread id 2369, thread name module_wrapper exited
05-05 18:23:30.849  1904  2367 W bt_btm  : btm_decode_ext_features_page: feature page 1 ignored
05-05 18:23:30.849  1904  2367 W bt_btm  : btm_decode_ext_features_page: feature page 2 ignored
05-05 18:23:30.849  1904  2368 I bt_btm_sec: BTM_SecRegister p_cb_info->p_le_callback == 0x0x7edf2e62c0
05-05 18:23:30.849  1904  2368 I bt_btm_sec: BTM_SecRegister btm_cb.api.p_le_callback = 0x0x7edf2e62c0 
05-05 18:23:30.849  1904  2368 I bt_stack: [INFO:gatt_api.cc(948)] GATT_Register 7e2438d4-74f1-f927-d6ea-62a0375aaba3
05-05 18:23:30.849  1904  2368 I bt_stack: [INFO:gatt_api.cc(968)] allocated gatt_if=3
05-05 18:23:30.853  1904  2368 I bt_stack: [INFO:ble_advertiser_hci_interface.cc(764)] Extended advertising will be in use
05-05 18:23:30.853  1904  2036 D AdapterProperties: BT_PROPERTY_LOCAL_LE_FEATURES: update from BT controller mNumOfAdvertisementInstancesSupported = 16 mRpaOffloadSupported = true mNumOfOffloadedIrkSupported = 32 mNumOfOffloadedScanFilterSupported = 16 mOffloadedScanResultStorageBytes= 10240 mIsActivityAndEnergyReporting = true mVersSupported = 97 mTotNumOfTrackableAdv = 32 mIsExtendedScanSupported = true mIsDebugLogSupported = false mIsLe2MPhySupported = true mIsLeCodedPhySupported = true mIsLeExtendedAdvertisingSupported = true mIsLePeriodicAdvertisingSupported = true mLeMaximumAdvertisingDataLength = 1650
05-05 18:23:30.854  1904  2036 E bt_btif_storage: btif_storage_get_adapter_property: Controller ready!
05-05 18:23:30.854  1904  2036 I bt_btif_storage: btif_storage_get_adapter_property service_mask:0x20000000
05-05 18:23:30.855  1904  2036 D AdapterProperties: Address is:22:22:D2:D1:BC:B7
05-05 18:23:30.855  1464  1464 D BluetoothManagerService: Bluetooth Adapter address changed to 22:22:D2:D1:BC:B7
05-05 18:23:30.855  1904  2036 D AdapterProperties: Name is: LG G7
05-05 18:23:30.855  1464  1464 D BluetoothManagerService: Stored Bluetoothaddress: 22:22:D2:D1:BC:B7
05-05 18:23:30.856  1464  1464 D BluetoothManagerService: Bluetooth Adapter name changed to LG G7
05-05 18:23:30.856  1904  2036 D AdapterProperties: Scan Mode:20
05-05 18:23:30.856  1464  1464 D BluetoothManagerService: Stored Bluetooth name: LG G7
05-05 18:23:30.856  1904  2036 D AdapterProperties: Discoverable Timeout:120
05-05 18:23:30.856  1904  2036 I bt_btif_core: btif_enable_bluetooth_evt entered: status 0
05-05 18:23:30.856  1904  2373 I bt_osi_thread: run_thread: thread id 2373, thread name btif_sock started
05-05 18:23:30.856  1904  2036 D bt_bte_conf: Device ID record 1 : primary
05-05 18:23:30.856  1904  2036 D bt_bte_conf:   vendorId            = 00e0
05-05 18:23:30.856  1904  2036 D bt_bte_conf:   vendorIdSource      = 0001
05-05 18:23:30.856  1904  2036 D bt_bte_conf:   product             = 1200
05-05 18:23:30.856  1904  2036 D bt_bte_conf:   version             = 1436
05-05 18:23:30.856  1904  2036 D bt_bte_conf:   clientExecutableURL = 
05-05 18:23:30.856  1904  2036 D bt_bte_conf:   serviceDescription  = 
05-05 18:23:30.856  1904  2036 D bt_bte_conf:   documentationURL    = 
05-05 18:23:30.856  1904  2036 D bt_bte_conf: bte_load_did_conf no section named DID2.
05-05 18:23:30.856  1904  2036 I bt_btif_core: btif_enable_bluetooth_evt finished
05-05 18:23:30.856  1904  2019 I bt_stack_manager: event_start_up_stack finished
05-05 18:23:30.857  1904  2018 I AdapterState: BLE_ON : entered 
05-05 18:23:30.857  1904  2018 D AdapterProperties: Setting state to BLE_ON
05-05 18:23:30.857  1904  2018 D BluetoothAdapterService: updateAdapterState() - Broadcasting state BLE_ON to 1 receivers.
05-05 18:23:30.857  1464  1501 D BluetoothManagerService: MESSAGE_BLUETOOTH_STATE_CHANGE: BLE_TURNING_ON > BLE_ON
05-05 18:23:30.858  1464  1501 D BluetoothManagerService: Bluetooth is in LE only mode
05-05 18:23:30.858  1464  1501 D BluetoothManagerService: Binding Bluetooth GATT service
05-05 18:23:30.858  1464  1501 D BluetoothManagerService: Sending BLE State Change: BLE_TURNING_ON > BLE_ON
05-05 18:23:30.858  1464  1464 D BluetoothManagerService: BluetoothServiceConnection: com.android.bluetooth.gatt.GattService
05-05 18:23:30.858  1464  1501 D BluetoothManagerService: MESSAGE_BLUETOOTH_SERVICE_CONNECTED: 2
05-05 18:23:30.858  1464  1501 D BluetoothManagerService: continueFromBleOnState()
05-05 18:23:30.859  1904  2018 I AdapterState: TURNING_ON : entered 
05-05 18:23:30.859  1904  2018 D AdapterProperties: Setting state to TURNING_ON
05-05 18:23:30.859  1904  2018 D BluetoothAdapterService: updateAdapterState() - Broadcasting state TURNING_ON to 1 receivers.
05-05 18:23:30.859  1464  1501 D BluetoothManagerService: Persisting Bluetooth Setting: 1
05-05 18:23:30.859  1904  2018 D BluetoothAdapterService: startCoreServices()
05-05 18:23:30.859  1464  1501 D BluetoothManagerService: MESSAGE_BLUETOOTH_STATE_CHANGE: BLE_ON > TURNING_ON
05-05 18:23:30.859  1464  1501 D BluetoothManagerService: Sending BLE State Change: BLE_ON > TURNING_ON
05-05 18:23:30.860  1464  1494 W BroadcastQueue: Background execution not allowed: receiving Intent { act=android.bluetooth.adapter.action.STATE_CHANGED flg=0x4000010 (has extras) } to com.google.android.gms/.chimera.GmsIntentOperationService$PersistentTrustedReceiver
05-05 18:23:30.860  1904  2048 D BluetoothActiveDeviceManager: handleMessage(MESSAGE_ADAPTER_ACTION_STATE_CHANGED): newState=11
05-05 18:23:30.861  1904  1904 I HeadsetService: create()
05-05 18:23:30.862  1904  1904 D BluetoothAdapterService: getAdapterService() - returning com.android.bluetooth.btservice.AdapterService@2f83b5
05-05 18:23:30.862  2154  2335 D BluetoothHeadset: Proxy object connected
05-05 18:23:30.863  1464  1464 I Telecom : BluetoothPhoneService: updateHeadsetWithCallState numActive 0, numHeld 0, callState 6, ringing number ***, ringing type 128
05-05 18:23:30.863  1904  1904 I HeadsetService: start()
05-05 18:23:30.863  1904  1904 D BluetoothAdapterService: getAdapterService() - returning com.android.bluetooth.btservice.AdapterService@2f83b5
05-05 18:23:30.864  1464  1464 I Telecom : : - Got BluetoothHeadset: com.android.server.telecom.BluetoothHeadsetProxy@20dc762: BMSL.oSC@AA8
05-05 18:23:30.866  1904  2376 I HeadsetPhoneState: stopListenForPhoneState(), no listener indicates nothing is listening
05-05 18:23:30.866  1904  2376 W HeadsetPhoneState: startListenForPhoneState, no event to listen
05-05 18:23:30.866  1904  1904 I BluetoothHeadsetServiceJni: classInitNative: succeeds
05-05 18:23:30.867  1904  1904 I bt_btif : get_profile_interface: id = handsfree
05-05 18:23:30.867  1904  1904 I bt_stack: [INFO:btif_hf.cc(1391)] GetInterface
05-05 18:23:30.867  1904  2036 I bt_btif_storage: btif_storage_get_adapter_property service_mask:0x20000040
05-05 18:23:30.867  1904  2036 I bt_stack: [INFO:btif_hf.cc(300)] btif_hf_upstreams_evt: AG enable/disable event 0
05-05 18:23:30.867  1904  2368 I bt_stack: [INFO:port_api.cc(230)] RFCOMM_CreateConnection: bd_addr=ff:ff:ff:ff:ff:ff, scn=2, is_server=1, mtu=256, uuid=0x1112, dlci=4, signal_state=0x0b, p_port=0x7edf52aae0
05-05 18:23:30.867  1904  2368 I bt_stack: [INFO:port_api.cc(230)] RFCOMM_CreateConnection: bd_addr=ff:ff:ff:ff:ff:ff, scn=3, is_server=1, mtu=256, uuid=0x111f, dlci=6, signal_state=0x0b, p_port=0x7edf52ab98
05-05 18:23:30.867  1904  2368 I bt_stack: [INFO:port_api.cc(230)] RFCOMM_CreateConnection: bd_addr=ff:ff:ff:ff:ff:ff, scn=2, is_server=1, mtu=256, uuid=0x1112, dlci=4, signal_state=0x0b, p_port=0x7edf52ac50
05-05 18:23:30.867  1904  2368 I bt_stack: [INFO:port_api.cc(230)] RFCOMM_CreateConnection: bd_addr=ff:ff:ff:ff:ff:ff, scn=3, is_server=1, mtu=256, uuid=0x111f, dlci=6, signal_state=0x0b, p_port=0x7edf52ad08
05-05 18:23:30.867  1904  2368 I bt_stack: [INFO:port_api.cc(230)] RFCOMM_CreateConnection: bd_addr=ff:ff:ff:ff:ff:ff, scn=2, is_server=1, mtu=256, uuid=0x1112, dlci=4, signal_state=0x0b, p_port=0x7edf52adc0
