05-05 18:23:33.350   970  1162 I CameraService: onDeviceStatusChanged: Unknown camera ID 0, a new camera is added
05-05 18:23:33.350   970   970 I CameraService: onDeviceStatusChanged: Status changed for cameraId=0, newStatus=1
05-05 18:23:33.351  1464  2049 W CameraService_proxy: Could not notify mediaserver, camera service not available.
05-05 18:23:33.351  1464  2049 I CameraService_proxy: Could not notify camera service of user switch, retrying...
05-05 18:23:33.492  1160  1160 I MSM-irqbalance: Discovered a new IRQ: 8
05-05 18:23:33.493  1160  1160 I MSM-irqbalance: Discovered a new IRQ: 114
05-05 18:23:33.493  1160  1160 I MSM-irqbalance: Discovered a new IRQ: 115
05-05 18:23:33.493  1160  1160 I MSM-irqbalance: Discovered a new IRQ: 116
05-05 18:23:33.493  1160  1160 I MSM-irqbalance: Discovered a new IRQ: 117
05-05 18:23:33.493  1160  1160 I MSM-irqbalance: Discovered a new IRQ: 118
05-05 18:23:33.493  1160  1160 I MSM-irqbalance: Discovered a new IRQ: 119
05-05 18:23:33.493  1160  1160 I MSM-irqbalance: Discovered a new IRQ: 120
05-05 18:23:33.493  1160  1160 I MSM-irqbalance: Discovered a new IRQ: 122
05-05 18:23:33.493  1160  1160 I MSM-irqbalance: Discovered a new IRQ: 123
05-05 18:23:33.493  1160  1160 I MSM-irqbalance: Discovered a new IRQ: 124
05-05 18:23:33.493  1160  1160 I MSM-irqbalance: Discovered a new IRQ: 125
05-05 18:23:33.495  1160  1160 E MSM-irqbalance: WARNING: Cannot find matching virq for hwirq(21).
05-05 18:23:34.214  1464  2299 W ActivityManager: Unable to start service Intent { act=android.intent.action.QUICKSTEP_SERVICE pkg=com.android.launcher3 } U=0: not found
05-05 18:23:34.214  1945  1945 W OverviewProxyService: Failed to connect on attempt 2 will try again in 10000ms
05-05 18:23:34.273   956  1106 I ThermalEngine: Thermal-Server: Thermal received msg from  config_query
05-05 18:23:34.273   956  1106 I ThermalEngine: Thermal-Server: total num of config queried 24
05-05 18:23:34.273   961  1015 I Thermal-Lib: Thermal-Lib-Client: Client config query request sent config_query  8
05-05 18:23:34.273   961  1015 I Thermal-Lib: Thermal-Lib-Client:recv_and_extract_packet: Client received msg config_query 8
05-05 18:23:34.273   961  1015 I Thermal-Lib: Thermal-Lib-Client:recv_and_extract_packet: Client received msg config_query 0
05-05 18:23:34.273   961  1015 I Thermal-Lib: Thermal-Lib-Client:recv_and_extract_packet: Client received msg config_query 0
05-05 18:23:34.273   961  1015 I Thermal-Lib: Thermal-Lib-Client:recv_and_extract_packet: Client received msg config_query 2
05-05 18:23:34.273   961  1015 I Thermal-Lib: Thermal-Lib-Client:recv_and_extract_packet: Client received msg config_query 2
05-05 18:23:34.273   961  1015 I Thermal-Lib: Thermal-Lib-Client:recv_and_extract_packet: Client received msg config_query 8
05-05 18:23:34.762  1464  1502 I WindowManager: ******* TELLING SURFACE FLINGER WE ARE BOOTED!
05-05 18:23:34.763   864  1361 I SurfaceFlinger: Boot is finished (11606 ms)
05-05 18:23:34.765  1464  1502 I SystemServiceManager: Starting phase 1000
05-05 18:23:34.765   763   763 I QTI PowerHAL: peyotes: ph_handle_interaction
05-05 18:23:34.765   763   763 I QTI PowerHAL: peyotes: notify_prm_interaction
05-05 18:23:34.766  1464  1502 I chatty  : uid=1000(system) android.display expire 2 lines
05-05 18:23:34.768  1785  1785 D light   : setLightLocked: Using onoff pattern: inColor=0x00ff00
05-05 18:23:34.769  1464  1500 I UsbDeviceManager: Setting USB config to adb
05-05 18:23:34.770  1173  1366 E adbd    : remote usb: read terminated (message): Cannot send after transport endpoint shutdown
05-05 18:23:34.771  1173  1173 I adbd    : closing functionfs transport
05-05 18:23:34.772   606   606 W hwservicemanager: getTransport: Cannot find entry vendor.lineage.livedisplay@2.0::IAdaptiveBacklight/default in either framework or device manifest.
05-05 18:23:34.772   606   606 W hwservicemanager: getTransport: Cannot find entry vendor.lineage.livedisplay@2.0::IColorEnhancement/default in either framework or device manifest.
05-05 18:23:34.773   606   606 W hwservicemanager: getTransport: Cannot find entry vendor.lineage.livedisplay@2.0::IAutoContrast/default in either framework or device manifest.
05-05 18:23:34.773   606   606 W hwservicemanager: getTransport: Cannot find entry vendor.lineage.livedisplay@2.0::IDisplayColorCalibration/default in either framework or device manifest.
05-05 18:23:34.773   606   606 W hwservicemanager: getTransport: Cannot find entry vendor.lineage.livedisplay@2.0::IDisplayModes/default in either framework or device manifest.
05-05 18:23:34.773   606   606 W hwservicemanager: getTransport: Cannot find entry vendor.lineage.livedisplay@2.0::IReadingEnhancement/default in either framework or device manifest.
05-05 18:23:34.774   606   606 W hwservicemanager: getTransport: Cannot find entry vendor.lineage.livedisplay@2.0::IColorBalance/default in either framework or device manifest.
05-05 18:23:34.775   606   606 W hwservicemanager: getTransport: Cannot find entry vendor.lineage.livedisplay@2.0::ISunlightEnhancement/default in either framework or device manifest.
05-05 18:23:34.776   606   606 W hwservicemanager: getTransport: Cannot find entry vendor.lineage.livedisplay@2.0::IPictureAdjustment/default in either framework or device manifest.
05-05 18:23:34.784   823  2561 I chatty  : uid=1000(system) sensors@1.0-ser expire 2 lines
05-05 18:23:34.902  2498  2505 W d.process.acor: Receiving file descriptor from ADB failed (socket 35): Success
05-05 18:23:34.902  2484  2491 W .android.diale: Receiving file descriptor from ADB failed (socket 34): Success
05-05 18:23:34.902  2452  2460 W gle.android.gm: Receiving file descriptor from ADB failed (socket 34): Success
05-05 18:23:34.902  2484  2491 E .android.diale: Something went wrong getting fds from adb. Retry!: Success
05-05 18:23:34.902  2452  2460 E gle.android.gm: Something went wrong getting fds from adb. Retry!: Success
05-05 18:23:34.902  2498  2505 E d.process.acor: Something went wrong getting fds from adb. Retry!: Success
05-05 18:23:34.902  2437  2444 W oadcastreceive: Receiving file descriptor from ADB failed (socket 34): Success
05-05 18:23:34.903  2437  2444 E oadcastreceive: Something went wrong getting fds from adb. Retry!: Success
05-05 18:23:34.903  2410  2419 W .gms.persisten: Receiving file descriptor from ADB failed (socket 33): Success
05-05 18:23:34.903  1945  1954 W ndroid.systemu: Receiving file descriptor from ADB failed (socket 33): Success
05-05 18:23:34.903  2410  2419 E .gms.persisten: Something went wrong getting fds from adb. Retry!: Success
05-05 18:23:34.903  1927  1937 W putmethod.lati: Receiving file descriptor from ADB failed (socket 34): Success
05-05 18:23:34.903  1945  1954 E ndroid.systemu: Something went wrong getting fds from adb. Retry!: Success
05-05 18:23:34.903  1927  1937 E putmethod.lati: Something went wrong getting fds from adb. Retry!: Success
05-05 18:23:34.903  2165  2198 W ndroid.setting: Receiving file descriptor from ADB failed (socket 43): Success
05-05 18:23:34.903  2305  2320 W ings.device.da: Receiving file descriptor from ADB failed (socket 43): Success
05-05 18:23:34.903  2305  2320 E ings.device.da: Something went wrong getting fds from adb. Retry!: Success
05-05 18:23:34.903  2165  2198 E ndroid.setting: Something went wrong getting fds from adb. Retry!: Success
05-05 18:23:34.903  1904  1911 W droid.bluetoot: Receiving file descriptor from ADB failed (socket 33): Success
05-05 18:23:34.903  2154  2170 W m.android.phon: Receiving file descriptor from ADB failed (socket 34): Success
05-05 18:23:34.903  1904  1911 E droid.bluetoot: Something went wrong getting fds from adb. Retry!: Success
05-05 18:23:34.903  2154  2170 E m.android.phon: Something went wrong getting fds from adb. Retry!: Success
05-05 18:23:34.903  2129  2144 W elephonyservic: Receiving file descriptor from ADB failed (socket 34): Success
05-05 18:23:34.903  2129  2144 E elephonyservic: Something went wrong getting fds from adb. Retry!: Success
05-05 18:23:34.903  1464  1470 I chatty  : uid=1000(system) ADB-JDWP Connec expire 2 lines
05-05 18:23:34.904     1     1 I init    : type=1400 audit(0.0:518): avc: denied { write } for name="setting" dev="sysfs" ino=40374 scontext=u:r:init:s0 tcontext=u:object_r:sysfs_lg_rgb_led:s0 tclass=file permissive=1
05-05 18:23:34.904     1     1 I init    : type=1400 audit(0.0:519): avc: denied { open } for path="/sys/devices/virtual/lg_rgb_led/use_patterns/setting" dev="sysfs" ino=40374 scontext=u:r:init:s0 tcontext=u:object_r:sysfs_lg_rgb_led:s0 tclass=file permissive=1
05-05 18:23:34.904  2569  2569 I bootstat: type=1400 audit(0.0:520): avc: denied { getattr } for path="/vendor" dev="sda21" ino=2 scontext=u:r:bootstat:s0 tcontext=u:object_r:unlabeled:s0 tclass=dir permissive=1
05-05 18:23:34.904  2562  2562 I init.qcom.post_: type=1400 audit(0.0:521): avc: denied { getattr } for path="/vendor" dev="sda21" ino=2 scontext=u:r:qti_init_shell:s0 tcontext=u:object_r:unlabeled:s0 tclass=dir permissive=1
05-05 18:23:34.905  1464  1502 W SystemServiceManager: Service org.lineageos.platform.internal.LineageSettingsService took 128 ms in onBootPhase
05-05 18:23:34.906  1464  1502 D ActivityManager: Finishing user boot 0
05-05 18:23:34.906  1464  1502 I ActivityManager: User 0 state changed from BOOTING to RUNNING_LOCKED
05-05 18:23:34.907  1464  1502 D ActivityManager: Started unlocking user 0
05-05 18:23:34.907  1464  1502 D ActivityManager: Unlocking user 0 progress 0
05-05 18:23:34.907  1464  1502 D ActivityManager: Unlocking user 0 progress 5
05-05 18:23:34.913  1904  2563 E ActivityThread: Failed to find provider info for com.android.contacts
05-05 18:23:34.913  1904  2563 D BluetoothPbapUtils: Failed to fetch contacts data from database..
05-05 18:23:34.915  2564  2564 I Zygote  : seccomp disabled by setenforce 0
05-05 18:23:34.918  1464  1496 I ActivityManager: Start proc 2564:com.google.android.apps.wellbeing/u0a33 for broadcast com.google.android.apps.wellbeing/.winddown.impl.WindDownLockedBootCompletedBroadcastReceiver_Receiver
05-05 18:23:34.924  2569  2569 I bootstat: Service started: /system/bin/bootstat --set_system_boot_reason --record_boot_complete --record_boot_reason --record_time_since_factory_reset -l 
05-05 18:23:34.934  2580  2580 I triton  : type=1400 audit(0.0:522): avc: denied { getattr } for path="/vendor" dev="sda21" ino=2 scontext=u:r:triton:s0 tcontext=u:object_r:unlabeled:s0 tclass=dir permissive=1
05-05 18:23:34.944  2569  2569 I bootstat: Canonical boot reason: bootloader
05-05 18:23:34.945  2569  2569 E bootstat: Failed to read /data/misc/bootstat/post_decrypt_time_elapsed: No such file or directory
05-05 18:23:34.945  2569  2569 E bootstat: Failed to parse boot time record: /data/misc/bootstat/post_decrypt_time_elapsed
05-05 18:23:34.949  2581  2582 I adbd    : initializing functionfs
05-05 18:23:34.949  2581  2582 I adbd    : opening control endpoint /dev/usb-ffs/adb/ep0
05-05 18:23:34.949  2581  2582 I adbd    : functionfs successfully initialized
05-05 18:23:34.949  2581  2582 I adbd    : registering usb transport
05-05 18:23:34.967  2564  2564 W .apps.wellbein: JIT profile information will not be recorded: profile file does not exits.
05-05 18:23:34.986  1464  1500 W Looper  : Slow dispatch took 217ms android.fg h=com.android.server.usb.UsbDeviceManager$UsbHandlerLegacy c=null m=4
05-05 18:23:34.986   640   640 D vold    : e4crypt_prepare_user_storage for volume null, user 0, serial 0, flags 2
05-05 18:23:34.986   640   640 D vold    : Preparing: /data/system_ce/0
05-05 18:23:34.987   640   640 D vold    : Preparing: /data/misc_ce/0
05-05 18:23:34.987   640   640 D vold    : Preparing: /data/vendor_ce/0
05-05 18:23:34.987   640   640 D vold    : Preparing: /data/media/0
05-05 18:23:34.987   640   640 D vold    : Preparing: /data/data
05-05 18:23:34.987   640   640 V vold    : Starting restorecon of /data/system_ce/0
05-05 18:23:34.991   640   640 V vold    : Finished restorecon of /data/system_ce/0
05-05 18:23:34.991   640   640 V vold    : Starting restorecon of /data/misc_ce/0
05-05 18:23:34.994   640   640 V vold    : Finished restorecon of /data/misc_ce/0
05-05 18:23:34.994   640   640 V vold    : /system/bin/vold_prepare_subdirs
05-05 18:23:34.994   640   640 V vold    :     prepare
05-05 18:23:34.994   640   640 V vold    :     
05-05 18:23:34.994   640   640 V vold    :     0
05-05 18:23:34.994   640   640 V vold    :     2
05-05 18:23:34.999  2564  2564 I MultiDex: VM with version 2.1.0 has multidex support
05-05 18:23:34.999  2564  2564 I MultiDex: install
05-05 18:23:34.999  2564  2564 I MultiDex: VM has multidex support, MultiDex support library is disabled.
05-05 18:23:35.018   640   640 I vold_prepare_subdirs: SELinux: Loaded file_contexts
05-05 18:23:35.023  2599  2599 D vold_prepare_subdirs: Setting up mode 700 uid 0 gid 0 context u:object_r:vold_data_file:s0 on path: /data/misc_ce/0/vold
05-05 18:23:35.025  2599  2599 D vold_prepare_subdirs: Setting up mode 700 uid 0 gid 0 context u:object_r:storaged_data_file:s0 on path: /data/misc_ce/0/storaged
05-05 18:23:35.027  1464  1500 V UserDataPreparer: Found /data/user/0 with serial number 0
05-05 18:23:35.027  1464  1500 V UserDataPreparer: Found /data/system_ce/0 with serial number 0
05-05 18:23:35.028  1464  1500 D UserDataPreparer: Setting property: sys.user.0.ce_available=true
05-05 18:23:35.028  1464  1500 V PackageManager: reconcileAppsData for null u0 0x2 migrateAppData=false
05-05 18:23:35.082  2564  2564 I fgg     : SslGuard completed installation.
05-05 18:23:35.093   973  1810 W cutils  : Expected path /data/data/com.google.android.gms with mode 700 but found 711
05-05 18:23:35.103  1464  2299 W ActivityManager: Unable to start service Intent { act=com.google.android.gms.phenotype.service.START pkg=com.google.android.gms } U=0: not found
05-05 18:23:35.104  1464  2299 W ActivityManager: Unbind failed: could not find connection for android.os.BinderProxy@19f56ec
05-05 18:23:35.104  2564  2610 E GmsClient: unable to connect to service: com.google.android.gms.phenotype.service.START on com.google.android.gms
05-05 18:23:35.114   841   874 E ANDR-PERF-TARGET-INIT: Error reading KPM nodes. Does KPM exist
05-05 18:23:35.120   841   874 E ANDR-PERF-TARGET: Error: Invalid cluster id 2
05-05 18:23:35.120   841   874 E ANDR-PERF-TARGET: Error: Invalid cluster id 2
05-05 18:23:35.121   841   874 E ANDR-PERF-OPTSHANDLER: Error: Sched Frequency Aggregation support not present
05-05 18:23:35.121   841  2617 E ANDR-PERF-MPCTL:  before pthread_cond_wait 1693, chk_core_online_poll
05-05 18:23:35.123  2564  2564 W PrimesInit: Primes instant initialization
05-05 18:23:35.125  1464  2299 W ActivityManager: Unable to start service Intent { act=com.google.android.gms.phenotype.service.START pkg=com.google.android.gms } U=0: not found
05-05 18:23:35.126  1464  2049 W ActivityManager: Unbind failed: could not find connection for android.os.BinderProxy@3dc1ab5
05-05 18:23:35.126  2564  2610 E GmsClient: unable to connect to service: com.google.android.gms.phenotype.service.START on com.google.android.gms
05-05 18:23:35.128  2564  2618 W Primes  : background initialization
05-05 18:23:35.130  2564  2612 E MendelPackageState: Failed to commit to config
05-05 18:23:35.130  2564  2612 E MendelPackageState: czp: 17: API: Phenotype.API is not available on this device.
05-05 18:23:35.130  2564  2612 E MendelPackageState: 	at dej.a(PG:2)
05-05 18:23:35.130  2564  2612 E MendelPackageState: 	at dan.a(PG:2)
05-05 18:23:35.130  2564  2612 E MendelPackageState: 	at dal.a(PG:12)
05-05 18:23:35.130  2564  2612 E MendelPackageState: 	at dcn.a(PG:191)
05-05 18:23:35.130  2564  2612 E MendelPackageState: 	at dcn.a(PG:111)
05-05 18:23:35.130  2564  2612 E MendelPackageState: 	at dcv.run(PG:15)
05-05 18:23:35.130  2564  2612 E MendelPackageState: 	at android.os.Handler.handleCallback(Handler.java:873)
05-05 18:23:35.130  2564  2612 E MendelPackageState: 	at android.os.Handler.dispatchMessage(Handler.java:99)
05-05 18:23:35.130  2564  2612 E MendelPackageState: 	at android.os.Looper.loop(Looper.java:193)
05-05 18:23:35.130  2564  2612 E MendelPackageState: 	at android.os.HandlerThread.run(HandlerThread.java:65)
05-05 18:23:35.131  1464  1500 V PackageManager: reconcileAppsData finished 144 packages
05-05 18:23:35.131  1464  1500 I ActivityManager: User 0 state changed from RUNNING_LOCKED to RUNNING_UNLOCKING
05-05 18:23:35.131  1464  1500 D ActivityManager: Unlocking user 0 progress 20
05-05 18:23:35.131  1464  1500 W Looper  : Slow dispatch took 145ms android.fg h=android.os.Handler c=com.android.server.am.-$$Lambda$UserController$o6oQFjGYYIfx-I94cSakTLPLt6s@1d8b54a m=0
05-05 18:23:35.131  1464  1500 W Looper  : Slow delivery took 224ms android.fg h=android.os.Handler c=com.android.server.am.-$$Lambda$UserController$qvHU3An7LT0SKBclx4I2epe4KYI@1bdecbb m=0
05-05 18:23:35.132  1464  1494 I SystemServiceManager: Calling onUnlockUser u0
05-05 18:23:35.132  1464  1494 D BluetoothManagerService: User 0 unlocked
05-05 18:23:35.132  1464  1494 D StorageManagerService: onUnlockUser 0
05-05 18:23:35.133  1464  1501 D BluetoothManagerService: MESSAGE_USER_UNLOCKED
05-05 18:23:35.135   640   640 D vold    : Linking /storage/emulated/0 to /mnt/user/0/primary
05-05 18:23:35.136  1464  1493 D PinnerService: pinRangeStream: null
05-05 18:23:35.137  1464  1848 D StorageManagerService: Volume emulated broadcasting mounted to UserHandle{0}
05-05 18:23:35.137  1464  1500 W Looper  : Drained
05-05 18:23:35.142  1464  1493 D PinnerService: pinRangeStream: null
05-05 18:23:35.145  1464  1493 D PinnerService: pinRangeStream: null
05-05 18:23:35.147  1464  2622 V BackupManagerService: Starting with transport com.google.android.gms/.backup.BackupTransportService
05-05 18:23:35.153  1464  2622 I chatty  : uid=1000(system) backup expire 3 lines
05-05 18:23:35.163  1464  1493 D PinnerService: pinRangeStream: null
05-05 18:23:35.164  1464  2622 E BackupPasswordManager: Unable to read backup pw version
05-05 18:23:35.164  1464  2622 E BackupPasswordManager: Unable to read saved backup pw hash
05-05 18:23:35.166  1464  2622 V BackupManagerService: No ancestral data
05-05 18:23:35.177  1464  1493 D PinnerService: pinRangeStream: null
05-05 18:23:35.178  1464  1493 D PinnerService: pinRangeStream: null
05-05 18:23:35.179  1464  2622 I BackupManagerService: Unlocking system user; mService=com.android.server.backup.BackupManagerService@391e6d9
05-05 18:23:35.180  1464  2622 I BackupManagerService: Backup enabled => true
05-05 18:23:35.181  1464  2622 V BackupManagerConstants: getKeyValueBackupIntervalMilliseconds(...) returns 14400000
05-05 18:23:35.181  1464  2622 V BackupManagerConstants: getKeyValueBackupFuzzMilliseconds(...) returns 600000
05-05 18:23:35.181  1464  2622 V BackupManagerConstants: getKeyValueBackupRequiredNetworkType(...) returns 1
05-05 18:23:35.181  1464  2622 V BackupManagerConstants: getKeyValueBackupRequireCharging(...) returns true
05-05 18:23:35.181  1464  2622 V KeyValueBackupJob: Scheduling k/v pass in 246 minutes
05-05 18:23:35.181  1464  2622 V BackupManagerConstants: getFullBackupIntervalMilliseconds(...) returns 86400000
05-05 18:23:35.184  2626  2626 I Zygote  : seccomp disabled by setenforce 0
05-05 18:23:35.185  1464  1496 I ActivityManager: Start proc 2626:com.google.process.gservices/u0a9 for content provider com.google.android.gsf/.gservices.GservicesProvider
05-05 18:23:35.216  1464  1494 W SystemServiceManager: Service com.android.server.voiceinteraction.VoiceInteractionManagerService took 72 ms in onUnlockUser 
05-05 18:23:35.217  1464  1494 D AutofillManagerServiceImpl: Reset component for user 0 ()
05-05 18:23:35.218  1464  1494 D AutofillManagerServiceImpl: Reset component for user 0 ()
05-05 18:23:35.218  1464  1495 D AutofillUI: destroySaveUiUiThread(): already destroyed
05-05 18:23:35.218  1464  1494 D FieldClassificationStrategy: reset(): service is not bound. Do nothing.
05-05 18:23:35.219  1464  1494 I ActivityManager: User 0 state changed from RUNNING_UNLOCKING to RUNNING_UNLOCKED
05-05 18:23:35.219  1464  1494 D SystemServerTiming: SystemUserUnlock took to complete: 312ms
05-05 18:23:35.222  1464  1494 I chatty  : uid=1000(system) ActivityManager expire 101 lines
05-05 18:23:35.225   841   874 E ANDR-PERF-TARGET: Error: Invalid cluster id 2
05-05 18:23:35.225   841   874 E ANDR-PERF-TARGET: Error: Invalid cluster id 2
05-05 18:23:35.231  2650  2650 I Zygote  : seccomp disabled by setenforce 0
05-05 18:23:35.231  1464  1500 I ActivityManager: Loading recents for user 0 into memory.
05-05 18:23:35.244  1464  1496 I ActivityManager: Start proc 2650:com.google.android.googlequicksearchbox:interactor/u0a55 for service com.google.android.googlequicksearchbox/com.google.android.voiceinteraction.GsaVoiceInteractionService
05-05 18:23:35.252  1927  1927 W InputAttributes: No editor info for this field. Bug?
05-05 18:23:35.254  2669  2669 I Zygote  : seccomp disabled by setenforce 0
05-05 18:23:35.255  1464  1496 I ActivityManager: Start proc 2669:com.android.nfc/1027 for added application com.android.nfc
05-05 18:23:35.263  2564  2631 W DndManagerImpl: Notification policy access denied when removing rule
05-05 18:23:35.265  1464  1496 I ActivityManager: Start proc 2676:org.lineageos.settings.doze/1000 for added application org.lineageos.settings.doze
05-05 18:23:35.269  2676  2676 I Zygote  : seccomp disabled by setenforce 0
05-05 18:23:35.275   956  1106 I ThermalEngine: Thermal-Server: Thermal received msg from  config_query
05-05 18:23:35.275   956  1106 I ThermalEngine: Thermal-Server: total num of config queried 24
05-05 18:23:35.275   961  1015 I Thermal-Lib: Thermal-Lib-Client: Client config query request sent config_query  8
05-05 18:23:35.275   961  1015 I Thermal-Lib: Thermal-Lib-Client:recv_and_extract_packet: Client received msg config_query 8
05-05 18:23:35.275   961  1015 I Thermal-Lib: Thermal-Lib-Client:recv_and_extract_packet: Client received msg config_query 0
05-05 18:23:35.276   961  1015 I Thermal-Lib: Thermal-Lib-Client:recv_and_extract_packet: Client received msg config_query 0
05-05 18:23:35.276   961  1015 I Thermal-Lib: Thermal-Lib-Client:recv_and_extract_packet: Client received msg config_query 2
05-05 18:23:35.276   961  1015 I Thermal-Lib: Thermal-Lib-Client:recv_and_extract_packet: Client received msg config_query 2
05-05 18:23:35.276   961  1015 I Thermal-Lib: Thermal-Lib-Client:recv_and_extract_packet: Client received msg config_query 8
05-05 18:23:35.276  1464  1496 W ActivityManager: Slow operation: 55ms so far, now at startProcess: returned from zygote!
05-05 18:23:35.276  1464  1496 W ActivityManager: Slow operation: 55ms so far, now at startProcess: done updating battery stats
05-05 18:23:35.276  1464  1496 W ActivityManager: Slow operation: 55ms so far, now at startProcess: building log message
05-05 18:23:35.276  1464  1496 I ActivityManager: Start proc 2691:com.android.se/1068 for added application com.android.se
05-05 18:23:35.276  1464  1496 W ActivityManager: Slow operation: 55ms so far, now at startProcess: starting to update pids map
05-05 18:23:35.276  1464  1496 W ActivityManager: Slow operation: 55ms so far, now at startProcess: done updating pids map
05-05 18:23:35.276  1464  1496 W ActivityManager: Slow operation: 55ms so far, now at startProcess: asking zygote to start proc
05-05 18:23:35.278  2691  2691 I Zygote  : seccomp disabled by setenforce 0
05-05 18:23:35.283  2626  2626 W ocess.gservice: JIT profile information will not be recorded: profile file does not exits.
05-05 18:23:35.287  2650  2650 W hbox:interacto: JIT profile information will not be recorded: profile file does not exits.
05-05 18:23:35.295  2706  2706 I Zygote  : seccomp disabled by setenforce 0
05-05 18:23:35.298  1464  1496 W ActivityManager: Slow operation: 76ms so far, now at startProcess: returned from zygote!
05-05 18:23:35.299  1464  1496 W ActivityManager: Slow operation: 78ms so far, now at startProcess: done updating battery stats
05-05 18:23:35.299  1464  1496 W ActivityManager: Slow operation: 78ms so far, now at startProcess: building log message
05-05 18:23:35.300  1464  1496 I ActivityManager: Start proc 2706:org.lineageos.audiofx/u0a28 for added application org.lineageos.audiofx
05-05 18:23:35.300  1464  1496 W ActivityManager: Slow operation: 78ms so far, now at startProcess: starting to update pids map
05-05 18:23:35.300  1464  1864 D ConnectivityService: Got NetworkFactory Messenger for WIFI
05-05 18:23:35.300  1464  1496 W ActivityManager: Slow operation: 78ms so far, now at startProcess: done updating pids map
05-05 18:23:35.300  1464  1864 D ConnectivityService: Got NetworkFactory Messenger for WIFI_UT
05-05 18:23:35.307  1464  1494 I AppWidgetServiceImpl: Processing of handleUserUnlocked u0 took 75 ms
05-05 18:23:35.307  1464  1494 I ActivityManager: Sending BOOT_COMPLETE user #0
05-05 18:23:35.310  2154  2154 D CarrierSvcBindHelper: Received android.intent.action.USER_UNLOCKED
05-05 18:23:35.312  2165  2165 D FallbackHome: User unlocked and real home found; let's go!
05-05 18:23:35.312  1904  1904 D BluetoothOppFileProvider: Initialized
05-05 18:23:35.313   763   763 I QTI PowerHAL: peyotes: ph_handle_interaction
05-05 18:23:35.313   763   763 I QTI PowerHAL: peyotes: notify_prm_interaction
05-05 18:23:35.315  1464  1464 W NotificationListeners: Not binding notification listener service ComponentInfo{com.google.android.apps.restore/com.google.android.apps.pixelmigrate.component.NotificationConsolidatorService}: service not found
05-05 18:23:35.315  1464  1464 V NotificationListeners: enabling notification listener for 0: ComponentInfo{com.android.launcher3/com.android.launcher3.notification.NotificationListener}
05-05 18:23:35.318  2154  2154 D CarrierSvcBindHelper: No carrier app for: 0
05-05 18:23:35.318  2154  2154 D IntentBroadcaster: Rebroadcasting intent android.intent.action.SIM_STATE_CHANGED LOCKED for slotId 0
05-05 18:23:35.321  1464  1464 V NotificationListeners: binding: Intent { act=android.service.notification.NotificationListenerService cmp=com.android.launcher3/.notification.NotificationListener (has extras) }
05-05 18:23:35.322  1464  1464 V NotificationListeners: enabling notification listener for 0: ComponentInfo{com.google.android.setupwizard/com.google.android.setupwizard.predeferred.NotificationConsolidatorService}
05-05 18:23:35.323  2626  2626 I GservicesProvider: Gservices pushing to system: true; secure/global: true
05-05 18:23:35.324  1464  1496 I ActivityManager: Start proc 2738:com.android.deskclock/u0a92 for broadcast com.android.deskclock/.AlarmInitReceiver
05-05 18:23:35.324  1904  1904 D GattService: Unlocked userId 0
05-05 18:23:35.324  1904  1904 D HeadsetService: Unlocked userId 0
05-05 18:23:35.324  1904  1904 D A2dpService: Unlocked userId 0
05-05 18:23:35.324  1464  1464 V NotificationListeners: binding: Intent { act=android.service.notification.NotificationListenerService cmp=com.google.android.setupwizard/.predeferred.NotificationConsolidatorService (has extras) }
05-05 18:23:35.326  1464  1464 W NotificationAssistants: Not binding notification assistant service ComponentInfo{android.ext.services/android.ext.services.notification.Assistant}: service not found
05-05 18:23:35.330   864  1361 W SurfaceFlinger: Attempting to destroy on removed layer: AppWindowToken{a996b42 token=Token{f268d8d ActivityRecord{b82ee24 u0 com.android.settings/.FallbackHome t1}}}#0
05-05 18:23:35.332  1464  1476 I ActivityManager: START u0 {act=android.intent.action.MAIN cat=[android.intent.category.HOME] flg=0x10000100 cmp=com.android.launcher3/.lineage.LineageLauncher} from uid 0
05-05 18:23:35.335  2738  2738 I Zygote  : seccomp disabled by setenforce 0
05-05 18:23:35.338  1904  1904 I Avrcp   : Skipping update due to invalid playback state
05-05 18:23:35.338  1904  1904 D HidHostService: Unlocked userId 0
05-05 18:23:35.338  1904  1904 D HealthService: Unlocked userId 0
05-05 18:23:35.338  1904  1904 D PanService: Unlocked userId 0
05-05 18:23:35.338  1904  1904 D BluetoothMapService: Unlocked userId 0
05-05 18:23:35.338  1904  1904 D NewAvrcpTargetService: Unlocked userId 0
05-05 18:23:35.338  1904  1904 I NewAvrcpTargetService: User unlocked, initializing the service
05-05 18:23:35.339  1904  1904 V NewAvrcpMediaPlayerList: Initializing MediaPlayerList
05-05 18:23:35.339  1904  1904 I NewAvrcpBrowsedPlayerWrapper: Wrapping Media Browser com.google.android.googlequicksearchbox
05-05 18:23:35.339  1904  1904 D NewAvrcpBrowsedPlayerWrapper: connect: Connecting to browsable player: com.google.android.googlequicksearchbox
05-05 18:23:35.339  1904  1904 D HidDeviceService: Unlocked userId 0
05-05 18:23:35.340  1904  1904 D BluetoothOppService: Unlocked userId 0
05-05 18:23:35.340  1904  1904 D BluetoothPbapService: Unlocked userId 0
05-05 18:23:35.340  1904  1904 I BluetoothPbapService: setUserUnlocked(0)
05-05 18:23:35.340  2498  2498 I ContactsPerf: VoicemailContentProvider.onCreate start
05-05 18:23:35.348  1464  1496 W ActivityManager: Slow operation: 51ms so far, now at startProcess: returned from zygote!
05-05 18:23:35.349  1464  1496 W ActivityManager: Slow operation: 51ms so far, now at startProcess: done updating battery stats
05-05 18:23:35.349  1464  1496 W ActivityManager: Slow operation: 51ms so far, now at startProcess: building log message
05-05 18:23:35.349  1464  1496 I ActivityManager: Start proc 2747:com.android.printspooler/u0a68 for service com.android.printspooler/.model.PrintSpoolerService
05-05 18:23:35.349  1464  1496 W ActivityManager: Slow operation: 51ms so far, now at startProcess: starting to update pids map
05-05 18:23:35.349  1464  1496 W ActivityManager: Slow operation: 51ms so far, now at startProcess: done updating pids map
05-05 18:23:35.351  2747  2747 I Zygote  : seccomp disabled by setenforce 0
05-05 18:23:35.357  2498  2498 I ContactsPerf: VoicemailContentProvider.onCreate finish
05-05 18:23:35.360  2669  2669 I NfcService: Starting NFC service
05-05 18:23:35.363  2759  2759 I Zygote  : seccomp disabled by setenforce 0
05-05 18:23:35.375  1464  1496 W ActivityManager: Slow operation: 52ms so far, now at startProcess: done updating battery stats
05-05 18:23:35.375  1464  1496 W ActivityManager: Slow operation: 52ms so far, now at startProcess: building log message
05-05 18:23:35.375  1464  1496 I ActivityManager: Start proc 2759:com.android.launcher3/u0a38 for service com.android.launcher3/.notification.NotificationListener
05-05 18:23:35.375  1464  1496 W ActivityManager: Slow operation: 52ms so far, now at startProcess: starting to update pids map
05-05 18:23:35.375  1464  1496 W ActivityManager: Slow operation: 52ms so far, now at startProcess: done updating pids map
05-05 18:23:35.375  2691  2691 I SecureElementService: main onCreate
05-05 18:23:35.379   606   606 W hwservicemanager: getTransport: Cannot find entry android.hardware.secure_element@1.0::ISecureElement/eSE1 in either framework or device manifest.
05-05 18:23:35.381  2691  2691 I SecureElementService: No HAL implementation for eSE1
05-05 18:23:35.386  1464  1885 I SyncManager: Loaded persisted syncs: 0 periodic syncs, 0 oneshot syncs, 10 total system server jobs, JobStats: FirstLoad: 53/2/0 LastSave: -1/-1/-1
05-05 18:23:35.388  2691  2691 I android_os_HwBinder: HwBinder: Starting thread pool for SIM1::android.hardware.secure_element@1.0::ISecureElement
05-05 18:23:35.389  1464  1496 W ActivityManager: Slow operation: 64ms so far, now at startProcess: returned from zygote!
05-05 18:23:35.389  1464  1496 W ActivityManager: Slow operation: 64ms so far, now at startProcess: done updating battery stats
05-05 18:23:35.389  1464  1496 W ActivityManager: Slow operation: 64ms so far, now at startProcess: building log message
05-05 18:23:35.389  1464  1496 I ActivityManager: Start proc 2787:com.google.android.setupwizard/u0a26 for service com.google.android.setupwizard/.predeferred.NotificationConsolidatorService
05-05 18:23:35.389  1464  1496 W ActivityManager: Slow operation: 64ms so far, now at startProcess: starting to update pids map
05-05 18:23:35.389  1464  1496 W ActivityManager: Slow operation: 64ms so far, now at startProcess: done updating pids map
05-05 18:23:35.390  2691  2691 I SecureElement-Terminal-SIM1: OnStateChange:true
05-05 18:23:35.391  2691  2691 I SecureElement-AccessControlEnforcer: Allowed ACE mode: ara=true arf=true fullaccess=false
05-05 18:23:35.393  2787  2787 I Zygote  : seccomp disabled by setenforce 0
05-05 18:23:35.393  2691  2691 I SecureElement-AccessControlEnforcer: No ARA applet found in: SIM1
05-05 18:23:35.393  2691  2691 I SecureElement-PKCS15Handler: - Loading SIM1 rules...
05-05 18:23:35.394  2669  2669 I         : [0505/182335.394318:INFO:NfcJniUtil.cpp(47)] NFC Service: loading nci JNI
05-05 18:23:35.397  2669  2669 I com.android.nf: ConfigFile - Parsing file '/vendor/etc/libnfc-nci.conf'
05-05 18:23:35.397  2669  2669 I com.android.nf: ConfigFile - [APPL_TRACE_LEVEL] = 0xFF
05-05 18:23:35.397  2669  2669 I com.android.nf: ConfigFile - [PROTOCOL_TRACE_LEVEL] = 0xFFFFFFFF
05-05 18:23:35.397  2669  2669 I com.android.nf: ConfigFile - [NFC_DEBUG_ENABLED] = 0x01
05-05 18:23:35.397  2669  2669 I com.android.nf: ConfigFile - [NFA_STORAGE] = "/data/nfc"
05-05 18:23:35.397  2669  2669 I com.android.nf: ConfigFile - [UICC_LISTEN_TECH_MASK] = 0x07
05-05 18:23:35.397  2669  2669 I com.android.nf: ConfigFile - [NFA_HCI_DEFAULT_DEST_GATE] = 0xF0
05-05 18:23:35.397  2669  2669 I com.android.nf: ConfigFile - [HOST_LISTEN_TECH_MASK] = 0x07
05-05 18:23:35.397  2669  2669 I com.android.nf: ConfigFile - [NXP_FWD_FUNCTIONALITY_ENABLE] = 0x00
05-05 18:23:35.397  2669  2669 I com.android.nf: ConfigFile - [AID_FOR_EMPTY_SELECT] = {08:A0:00:00:01:51:00:00:00}
05-05 18:23:35.397  2669  2669 I com.android.nf: ConfigFile - [SCREEN_OFF_POWER_STATE] = 1
05-05 18:23:35.397  2669  2669 I com.android.nf: ConfigFile - [POLLING_TECH_MASK] = 0xEF
05-05 18:23:35.397  2669  2669 I com.android.nf: ConfigFile - [P2P_LISTEN_TECH_MASK] = 0xC4
05-05 18:23:35.397  2669  2669 I com.android.nf: ConfigFile - [PRESERVE_STORAGE] = 0x01
05-05 18:23:35.397  2669  2669 I com.android.nf: ConfigFile - [NFA_MAX_EE_SUPPORTED] = 0x02
05-05 18:23:35.397  2669  2669 I com.android.nf: ConfigFile - [AID_MATCHING_MODE] = 0x01
05-05 18:23:35.398  2669  2669 I         : [0505/182335.398213:INFO:NfcAdaptation.cc(460)] NfcAdaptation::InitializeHalDeviceContext: INfc::getService()
05-05 18:23:35.400  2669  2669 I         : [0505/182335.400460:INFO:NfcAdaptation.cc(466)] NfcAdaptation::InitializeHalDeviceContext: INfc::getService() returned 0x7ef92e6200 (remote)
05-05 18:23:35.403   794   794 D NfcConfig_jni_vendor: deviceInformation : LAO, COM, judyln, LM-G710EM
05-05 18:23:35.403   794   794 D NfcConfig_jni_vendor: deviceInformation : rev_10, Prime, 1, 
05-05 18:23:35.403   794   794 D NfcConfig_jni_vendor: vendor/etc/nfc/config_COM.xml : parse xml filename
05-05 18:23:35.403   794   794 D NfcConfig_jni_vendor: readConfig replaced optional config /vendor/etc/libnfc-nxp-lg.conf
05-05 18:23:35.404   794   794 D NxpExtns: CNfcConfig tmp_name = libnfc-nxp-lg.conf
05-05 18:23:35.404   794   794 D NxpExtns: CNfcConfig config_name2 = libnfc-nxp-lg.conf
05-05 18:23:35.404   794   794 D NxpExtns: readConfigFile fileName = /vendor/etc/libnfc-nxp.conf
05-05 18:23:35.404   794   794 D NxpExtns: readConfigFile fileName = /vendor/etc/libnfc-nxp-lg.conf
05-05 18:23:35.404   794   794 D NxpExtns: readConfigFile fileName = /etc/libnfc-brcm.conf
05-05 18:23:35.405   794   794 E NxpExtns: readConfig Cannot open config file /etc/libnfc-brcm.conf
05-05 18:23:35.405   794   794 D NxpExtns: readNxpTransitConfig-Enter..Reading /data/vendor/nfc/libnfc-nxpTransit.conf
05-05 18:23:35.405   794   794 D NxpExtns: readConfigFile fileName = /data/vendor/nfc/libnfc-nxpTransit.conf
05-05 18:23:35.405   794   794 E NxpExtns: readConfig Cannot open config file /data/vendor/nfc/libnfc-nxpTransit.conf
05-05 18:23:35.405   794   794 D NxpExtns: readNxpRFConfig-Enter..Reading /system/vendor/libnfc-nxp_RF.conf
05-05 18:23:35.405   794   794 D NxpExtns: readConfigFile fileName = /system/vendor/libnfc-nxp_RF.conf
05-05 18:23:35.405   794   794 E NxpExtns: readConfig Cannot open config file /system/vendor/libnfc-nxp_RF.conf
05-05 18:23:35.408  1464  1496 W ActivityManager: Slow operation: 69ms so far, now at startProcess: returned from zygote!
05-05 18:23:35.408  1464  1496 W ActivityManager: Slow operation: 69ms so far, now at startProcess: done updating battery stats
05-05 18:23:35.408  1464  1496 W ActivityManager: Slow operation: 69ms so far, now at startProcess: building log message
05-05 18:23:35.408  1464  1496 I ActivityManager: Start proc 2805:com.android.smspush/u0a88 for service com.android.smspush/.WapPushManager
05-05 18:23:35.408  1464  1496 W ActivityManager: Slow operation: 69ms so far, now at startProcess: starting to update pids map
05-05 18:23:35.408  1464  1496 W ActivityManager: Slow operation: 69ms so far, now at startProcess: done updating pids map
05-05 18:23:35.408  1464  1496 W ActivityManager: Slow operation: 68ms so far, now at startProcess: asking zygote to start proc
05-05 18:23:35.409  2669  2669 I         : [0505/182335.409825:INFO:NativeNfcManager.cpp(187)] initializeGlobalDebugEnabledFlag: level=1
05-05 18:23:35.409  2669  2669 I         : [0505/182335.409902:INFO:NativeNfcManager.cpp(615)] nfcManager_initNativeStruc: enter
05-05 18:23:35.409  2669  2669 I         : [0505/182335.409993:INFO:NativeNfcManager.cpp(676)] nfcManager_initNativeStruc: exit
05-05 18:23:35.410  2805  2805 I Zygote  : seccomp disabled by setenforce 0
05-05 18:23:35.411  2669  2669 W Settings: Setting device_provisioned has moved from android.provider.Settings.Secure to android.provider.Settings.Global.
05-05 18:23:35.422  1464  1496 W ActivityManager: Slow operation: 82ms so far, now at startProcess: returned from zygote!
05-05 18:23:35.422  1464  1496 W ActivityManager: Slow operation: 82ms so far, now at startProcess: done updating battery stats
05-05 18:23:35.422  1464  1496 W ActivityManager: Slow operation: 82ms so far, now at startProcess: building log message
05-05 18:23:35.422  1464  1496 I ActivityManager: Start proc 2816:com.google.android.googlequicksearchbox:search/u0a55 for service com.google.android.googlequicksearchbox/com.google.android.apps.gsa.staticplugins.mediabrowser.PodcastsMediaBrowserService
05-05 18:23:35.422  1464  1496 W ActivityManager: Slow operation: 82ms so far, now at startProcess: starting to update pids map
05-05 18:23:35.422  1464  1496 W ActivityManager: Slow operation: 82ms so far, now at startProcess: done updating pids map
05-05 18:23:35.423  2498  2705 D ContactsDatabaseHelper: WAL enabled for contacts2.db: true
05-05 18:23:35.424  2816  2816 I Zygote  : seccomp disabled by setenforce 0
05-05 18:23:35.435  1464  1496 W ActivityManager: Slow operation: 51ms so far, now at startProcess: returned from zygote!
05-05 18:23:35.435  1464  1496 W ActivityManager: Slow operation: 51ms so far, now at startProcess: done updating battery stats
05-05 18:23:35.435  1464  1496 W ActivityManager: Slow operation: 51ms so far, now at startProcess: building log message
05-05 18:23:35.435  1464  1496 I ActivityManager: Start proc 2834:android.process.media/u0a19 for broadcast com.android.providers.media/.MtpReceiver
05-05 18:23:35.435  1464  1496 W ActivityManager: Slow operation: 51ms so far, now at startProcess: starting to update pids map
05-05 18:23:35.435  1464  1496 W ActivityManager: Slow operation: 51ms so far, now at startProcess: done updating pids map
05-05 18:23:35.435  2691  2691 I SecureElement-PKCS15Handler: Logical channels are used to access to PKC15
05-05 18:23:35.436  2691  2691 I ACE ARF EF_Dir: Analysing EF_DIR...
05-05 18:23:35.443  2834  2834 I Zygote  : seccomp disabled by setenforce 0
05-05 18:23:35.447  2691  2691 I SecureElement-Terminal-SIM1: Sent : 01a40004023f00
05-05 18:23:35.447  2691  2691 I SecureElement-Terminal-SIM1: Received : 6132
05-05 18:23:35.448  2691  2691 I SecureElement-Terminal-SIM1: Sent : 01c0000032
05-05 18:23:35.448  2691  2691 I SecureElement-Terminal-SIM1: Received : 62308202782183023f00a5078001718302a7748a01058b032f0601c6159001fc83010183010a83010b83010c83010d83010e9000
05-05 18:23:35.455  2691  2691 I SecureElement-Terminal-SIM1: Sent : 01a40004022f00
05-05 18:23:35.455  2691  2691 I SecureElement-Terminal-SIM1: Received : 611c
05-05 18:23:35.457  2691  2691 I SecureElement-Terminal-SIM1: Sent : 01c000001c
05-05 18:23:35.458  2691  2691 I SecureElement-Terminal-SIM1: Received : 621a8205422100280383022f008a01058b032f0604800200788801f09000
05-05 18:23:35.458  2691  2691 I SecureElementService ACE ARF: ReadRecord [1/40b]
05-05 18:23:35.462  2669  2669 D RegisteredT3tIdentifiersCache: RegisteredT3tIdentifiersCache
05-05 18:23:35.465  2691  2691 I SecureElement-Terminal-SIM1: Sent : 01b2010428
05-05 18:23:35.466  2691  2691 I SecureElement-Terminal-SIM1: Received : 61184f0ca0000000871002ff49ff05895008544546205553494dffffffffffffffffffffffffffff9000
05-05 18:23:35.466  2691  2691 I SecureElementService ACE ARF: ReadRecord [2/40b]
05-05 18:23:35.466  2787  2787 W oid.setupwizar: JIT profile information will not be recorded: profile file does not exits.
05-05 18:23:35.467  1464  2049 W WallpaperManagerService: Cannot extract colors because wallpaper could not be read.
05-05 18:23:35.467  1464  2049 W WallpaperManagerService: Cannot get theme colors because WallpaperColors is null.
05-05 18:23:35.467  2759  2759 V Launcher: LauncherAppState initiated
05-05 18:23:35.473  2669  2669 D RegisteredServicesCache: Dynamic AIDs file does not exist.
05-05 18:23:35.473  2691  2691 I SecureElement-Terminal-SIM1: Sent : 01b2020428
05-05 18:23:35.474  2691  2691 I SecureElement-Terminal-SIM1: Received : 611e4f0ca000000063504b43532d313550085445462050524f5651043f007f50ffffffffffffffff9000
05-05 18:23:35.474  2691  2691 I SecureElement-ARF-EFODF: Analysing EF_ODF...
05-05 18:23:35.477  2759  2759 D OpenGLRenderer: Skia GL Pipeline
05-05 18:23:35.482   853   853 I tftp_server: pid=853 tid=853 tftp-server : INF :[tftp_server.c, 667] rcvd request [1] [72] [1] [0] [103]
05-05 18:23:35.483   853  2865 I tftp_server: pid=853 tid=2865 tftp-server : INF :[tftp_server_utils.c, 113] file [readwrite/mcfg.tmp] : [/vendor/rfs/msm/mpss/readwrite/mcfg.tmp]
05-05 18:23:35.483   853  2865 I tftp_server: pid=853 tid=2865 tftp-server : INF :[tftp_server.c, 1222] OACK options : [7680, 200, 0, 10, 0, 0, 0, 0]
05-05 18:23:35.483   853  2865 I tftp_server: pid=853 tid=2865 tftp-server : INF :[tftp_os_la.c, 63] open : [-1] [-1] [384] [0] [/vendor/rfs/msm/mpss/readwrite/mcfg.tmp]
05-05 18:23:35.483   853  2865 E tftp_server: pid=853 tid=2865 tftp-server : ERR :[tftp_os_la.c, 70] open failed: [2] [No such file or directory]
05-05 18:23:35.483   853  2865 E tftp_server: pid=853 tid=2865 tftp-server : ERR :[tftp_server.c, 1718] open failed : [-2] [Unknown error -2]
05-05 18:23:35.483   853  2865 E tftp_server: pid=853 tid=2865 tftp-server : ERR :[tftp_protocol.c, 1229] sending error-pkt. Code = 1, Msg = Err=2 String=No such file or directory
05-05 18:23:35.484  2669  2669 D RegisteredNfcFServicesCache: Dynamic System Code, NFCID2 file does not exist.
05-05 18:23:35.485  2669  2669 D RegisteredNfcFServicesCache: Service unchanged, not updating
05-05 18:23:35.485   853   853 I tftp_server: pid=853 tid=853 tftp-server : INF :[tftp_server.c, 667] rcvd request [1] [64] [2] [0] [104]
05-05 18:23:35.486   853  2866 I tftp_server: pid=853 tid=2866 tftp-server : INF :[tftp_server_utils.c, 113] file [readwrite/mcfg.tmp] : [/vendor/rfs/msm/mpss/readwrite/mcfg.tmp]
05-05 18:23:35.486   853  2866 I tftp_server: pid=853 tid=2866 tftp-server : INF :[tftp_server.c, 1222] OACK options : [7680, 200, 10, 0, 0, 0, 0, 0]
05-05 18:23:35.486   853  2866 I tftp_server: pid=853 tid=2866 tftp-server : INF :[tftp_server.c, 893] Using temp file[/vendor/rfs/msm/mpss/readwrite/mcfg.tmp.rfs_tmp] for atomic put
05-05 18:23:35.486   853  2866 I tftp_server: pid=853 tid=2866 tftp-server : INF :[tftp_os_la.c, 63] open : [-1] [-1] [384] [577] [/vendor/rfs/msm/mpss/readwrite/mcfg.tmp.rfs_tmp]
05-05 18:23:35.488  2691  2691 I SecureElement-Terminal-SIM1: Sent : 01a40004023f00
05-05 18:23:35.489  2691  2691 I SecureElement-Terminal-SIM1: Received : 6132
05-05 18:23:35.491  2691  2691 I SecureElement-Terminal-SIM1: Sent : 01c0000032
05-05 18:23:35.491   853  2866 I tftp_server: pid=853 tid=2866 tftp-server : INF :[tftp_server.c, 1500] WRQ stats : total-blocks = 1 : total-bytes = 1 : 1 timedout-pkts = 0, wrong-pkts = 0
05-05 18:23:35.491   853  2866 I tftp_server: pid=853 tid=2866 tftp-server : INF :[tftp_server.c, 1504] WRQ time stats : Total : [TX, RX] = [92, 1465, 10]
05-05 18:23:35.491   853  2866 I tftp_server: pid=853 tid=2866 tftp-server : INF :[tftp_server.c, 1508] WRQ time stats : Tx [Min, Max] = [29, 63]
05-05 18:23:35.491   853  2866 I tftp_server: pid=853 tid=2866 tftp-server : INF :[tftp_server.c, 1512] WRQ time stats : Rx [Min, Max] = [667, 798]
05-05 18:23:35.491   853   853 I tftp_server: pid=853 tid=853 tftp-server : INF :[tftp_server.c, 667] rcvd request [1] [72] [1] [0] [105]
05-05 18:23:35.491   853  2870 I tftp_server: pid=853 tid=2870 tftp-server : INF :[tftp_server_utils.c, 113] file [readwrite/mcfg.tmp] : [/vendor/rfs/msm/mpss/readwrite/mcfg.tmp]
05-05 18:23:35.491   853  2870 I tftp_server: pid=853 tid=2870 tftp-server : INF :[tftp_server.c, 1222] OACK options : [7680, 200, 1, 10, 0, 0, 0, 0]
05-05 18:23:35.491   853  2870 I tftp_server: pid=853 tid=2870 tftp-server : INF :[tftp_os_la.c, 63] open : [-1] [-1] [384] [0] [/vendor/rfs/msm/mpss/readwrite/mcfg.tmp]
05-05 18:23:35.492  2691  2691 I SecureElement-Terminal-SIM1: Received : 62308202782183023f00a5078001718302a7748a01058b032f0601c6159001fc83010183010a83010b83010c83010d83010e9000
05-05 18:23:35.492   853   853 I tftp_server: pid=853 tid=853 tftp-server : INF :[tftp_server.c, 667] rcvd request [1] [37] [2] [0] [106]
05-05 18:23:35.492   853  2871 I tftp_server: pid=853 tid=2871 tftp-server : INF :[tftp_server_utils.c, 113] file [readwrite/mcfg.tmp] : [/vendor/rfs/msm/mpss/readwrite/mcfg.tmp]
05-05 18:23:35.492   853  2871 I tftp_server: pid=853 tid=2871 tftp-server : INF :[tftp_server.c, 1222] OACK options : [0, 0, 0, 0, 0, 0, 0, 0]
05-05 18:23:35.492   853  2871 I tftp_server: pid=853 tid=2871 tftp-server : INF :[tftp_server.c, 1589] unlink was success
05-05 18:23:35.493   853  2870 I tftp_server: pid=853 tid=2870 tftp-server : INF :[tftp_protocol.c, 742] Recd END OF TRANSFER pkt. Code = 9, Msg = End of Transfer
05-05 18:23:35.493   853  2870 I tftp_server: pid=853 tid=2870 tftp-server : INF :[tftp_server.c, 1330] RRQ stats : sent_size = 0 total-blocks = 0 total-bytes = 0 timedout-pkts = 0, wrong-pkts = 0
05-05 18:23:35.493   853  2870 I tftp_server: pid=853 tid=2870 tftp-server : INF :[tftp_server.c, 1334] RRQ time stats : Total : [TX, RX] = [51, 1028]
05-05 18:23:35.493   853  2870 I tftp_server: pid=853 tid=2870 tftp-server : INF :[tftp_server.c, 1340] RRQ time stats : Tx/Rx [Min, Max] = [51, 51, 1028, 1028]
05-05 18:23:35.493   853  2870 I tftp_server: pid=853 tid=2870 tftp-server : INF :[tftp_server.c, 1356] RRQ was successfully processed.
05-05 18:23:35.494   853   853 I tftp_server: pid=853 tid=853 tftp-server : INF :[tftp_server.c, 667] rcvd request [1] [94] [1] [0] [107]
05-05 18:23:35.494   853  2873 I tftp_server: pid=853 tid=2873 tftp-server : INF :[tftp_server_utils.c, 113] file [readonly/modem_config/mcfg_hw/mbn_hw.dig] : [/vendor/rfs/msm/mpss/readonly/modem_config/
05-05 18:23:35.494   853  2873 I tftp_server: pid=853 tid=2873 tftp-server : INF :[tftp_server.c, 1222] OACK options : [7680, 200, 32, 10, 0, 0, 0, 0]
05-05 18:23:35.494   853  2873 I tftp_server: pid=853 tid=2873 tftp-server : INF :[tftp_os_la.c, 63] open : [-1] [-1] [384] [0] [/vendor/rfs/msm/mpss/readonly/modem_config/mcfg_hw/mbn_hw.dig]
05-05 18:23:35.495  1464  1496 I ActivityManager: Start proc 2867:com.android.keychain/1000 for service com.android.keychain/.KeyChainService
05-05 18:23:35.496   853   853 I tftp_server: pid=853 tid=853 tftp-server : INF :[tftp_server.c, 667] rcvd request [1] [102] [1] [0] [108]
05-05 18:23:35.496   853  2873 I tftp_server: pid=853 tid=2873 tftp-server : INF :[tftp_protocol.c, 742] Recd END OF TRANSFER pkt. Code = 9, Msg = End of Transfer
05-05 18:23:35.496   853  2873 I tftp_server: pid=853 tid=2873 tftp-server : INF :[tftp_server.c, 1330] RRQ stats : sent_size = 0 total-blocks = 0 total-bytes = 0 timedout-pkts = 0, wrong-pkts = 0
05-05 18:23:35.496   853  2879 I tftp_server: pid=853 tid=2879 tftp-server : INF :[tftp_server_utils.c, 113] file [readonly/modem_config/mcfg_hw/mbn_hw.dig] : [/vendor/rfs/msm/mpss/readonly/modem_config/
05-05 18:23:35.496   853  2873 I tftp_server: pid=853 tid=2873 tftp-server : INF :[tftp_server.c, 1334] RRQ time stats : Total : [TX, RX] = [88, 997]
05-05 18:23:35.496   853  2873 I tftp_server: pid=853 tid=2873 tftp-server : INF :[tftp_server.c, 1340] RRQ time stats : Tx/Rx [Min, Max] = [88, 88, 997, 997]
05-05 18:23:35.496   853  2873 I tftp_server: pid=853 tid=2873 tftp-server : INF :[tftp_server.c, 1356] RRQ was successfully processed.
05-05 18:23:35.496   853  2879 I tftp_server: pid=853 tid=2879 tftp-server : INF :[tftp_server.c, 1222] OACK options : [7680, 200, 0, 10, 32, 0, 0, 0]
05-05 18:23:35.496   853  2879 I tftp_server: pid=853 tid=2879 tftp-server : INF :[tftp_os_la.c, 63] open : [-1] [-1] [384] [0] [/vendor/rfs/msm/mpss/readonly/modem_config/mcfg_hw/mbn_hw.dig]
05-05 18:23:35.497   853  2879 I tftp_server: pid=853 tid=2879 tftp-server : INF :[tftp_server.c, 1330] RRQ stats : sent_size = 32 total-blocks = 1 total-bytes = 32 timedout-pkts = 0, wrong-pkts = 0
